<html>
<body>
<pre>
<h1>µVision Build Log</h1>
<h2>Tool Versions:</h2>
IDE-Version: ¦ÌVision V5.43.1.0
Copyright (C) 2025 ARM Ltd and ARM Germany GmbH. All rights reserved.
License Information: l w3, uestc, LIC=----
 
Tool Versions:
Toolchain:       MDK-Lite  Version: 5.43.0.0
Toolchain Path:  D:\Emb_Sys\stm32_tools\keil5\ARM\ARMCC\Bin
C Compiler:      Armcc.exe V5.06 update 6 (build 750)
Assembler:       Armasm.exe V5.06 update 6 (build 750)
Linker/Locator:  ArmLink.exe V5.06 update 6 (build 750)
Library Manager: ArmAr.exe V5.06 update 6 (build 750)
Hex Converter:   FromElf.exe V5.06 update 6 (build 750)
CPU DLL:         SARMCM3.DLL V5.43.0.0
Dialog DLL:      DCM.DLL V1.17.5.0
Target DLL:      STLink\ST-LINKIII-KEIL_SWO.dll V3.3.1.0
Dialog DLL:      TCM.DLL V1.56.6.0
 
<h2>Project:</h2>
D:\Emb_Sys\projects\26rcteam1\emb_con\lza3508test\MDK-ARM\lza3508test.uvprojx
Project File Date:  08/14/2026

<h2>Output:</h2>
*** Using Compiler 'V5.06 update 6 (build 750)', folder: 'D:\Emb_Sys\stm32_tools\keil5\ARM\ARMCC\Bin'
Build target 'lza3508test'
compiling m3508_driver.c...
../Core/Inc/fdcan_std.h(12): warning:  #1-D: last line of file ends without a newline
  #endif /* FDCAN_STD_H */
../Core/Inc/pid.h(26): warning:  #1-D: last line of file ends without a newline
  #endif
../Core/Inc/m3508_driver.h(73): warning:  #1-D: last line of file ends without a newline
  #endif
..\Core\Src\m3508_driver.c(319): warning:  #1-D: last line of file ends without a newline
  }
..\Core\Src\m3508_driver.c: 4 warnings, 0 errors
compiling main.c...
../Core/Inc/pid.h(26): warning:  #1-D: last line of file ends without a newline
  #endif
../Core/Inc/m3508_driver.h(73): warning:  #1-D: last line of file ends without a newline
  #endif
../Core/Src/main.c: 2 warnings, 0 errors
linking...
Program Size: Code=18960 RO-data=896 RW-data=24 ZI-data=3944  
FromELF: creating hex file...
"lza3508test\lza3508test.axf" - 0 Error(s), 6 Warning(s).

<h2>Software Packages used:</h2>

Package Vendor: ARM
                https://www.keil.com/pack/ARM.CMSIS.6.3.0.pack
                ARM::CMSIS@6.3.0
                CMSIS (Common Microcontroller Software Interface Standard)
   * Component: CORE Version: 6.2.0

Package Vendor: Keil
                https://www.keil.com/pack/Keil.STM32H7xx_DFP.4.1.3.pack
                Keil::STM32H7xx_DFP@4.1.3
                STMicroelectronics STM32H7 Series Device Support

<h2>Collection of Component include folders:</h2>
  ./RTE/_lza3508test
  D:/Emb_Sys/stm32_tools/keil5/ARM/CMSIS/6.3.0/CMSIS/Core/Include

<h2>Collection of Component Files used:</h2>

   * Component: ARM::CMSIS:CORE@6.2.0
      Include file:  CMSIS/Core/Include/tz_context.h
Build Time Elapsed:  00:00:03
</pre>
</body>
</html>
