<html>
<body>
<pre>
<h1>µVision Build Log</h1>
<h2>Tool Versions:</h2>
IDE-Version: ¦ÌVision V5.43.1.0
Copyright (C) 2025 ARM Ltd and ARM Germany GmbH. All rights reserved.
License Information: l w3, uestc, LIC=----
 
Tool Versions:
Toolchain:       MDK-Lite  Version: 5.43.0.0
Toolchain Path:  D:\Emb_Sys\stm32_tools\keil5\ARM\ARMCC\Bin
C Compiler:      Armcc.exe V5.06 update 6 (build 750)
Assembler:       Armasm.exe V5.06 update 6 (build 750)
Linker/Locator:  ArmLink.exe V5.06 update 6 (build 750)
Library Manager: ArmAr.exe V5.06 update 6 (build 750)
Hex Converter:   FromElf.exe V5.06 update 6 (build 750)
CPU DLL:         SARMCM3.DLL V5.43.0.0
Dialog DLL:      DCM.DLL V1.17.5.0
Target DLL:      STLink\ST-LINKIII-KEIL_SWO.dll V3.3.1.0
Dialog DLL:      TCM.DLL V1.56.6.0
 
<h2>Project:</h2>
D:\Emb_Sys\projects\26rcteam1\emb_con\main_ws\Chassis\MDK-ARM\Chassis.uvprojx
Project File Date:  08/14/2026

<h2>Output:</h2>
*** Using Compiler 'V5.06 update 6 (build 750)', folder: 'D:\Emb_Sys\stm32_tools\keil5\ARM\ARMCC\Bin'
Build target 'Chassis'
compiling fdcan_std.c...
..\..\repos\m3508_repo\dependencies\fdcan_std.h(12): warning:  #1-D: last line of file ends without a newline
  #endif /* FDCAN_STD_H */
..\..\repos\m3508_repo\dependencies\fdcan_std.c(95): warning:  #1-D: last line of file ends without a newline
  }
..\..\repos\m3508_repo\dependencies\fdcan_std.c: 2 warnings, 0 errors
compiling iir.c...
..\..\repos\m3508_repo\dependencies\iir.c(18): warning:  #1-D: last line of file ends without a newline
  }
..\..\repos\m3508_repo\dependencies\iir.c: 1 warning, 0 errors
compiling usart.c...
compiling gpio.c...
compiling pid.c...
..\..\repos\m3508_repo\dependencies\pid.h(26): warning:  #1-D: last line of file ends without a newline
  #endif
..\..\repos\m3508_repo\dependencies\pid.c(79): warning:  #1-D: last line of file ends without a newline
  }
..\..\repos\m3508_repo\dependencies\pid.c: 2 warnings, 0 errors
compiling fdcan.c...
compiling stm32h7xx_it.c...
compiling freertos.c...
compiling main.c...
..\..\repos\m3508_repo\dependencies\pid.h(26): warning:  #1-D: last line of file ends without a newline
  #endif
..\..\repos\m3508_repo\m3508_driver.h(80): warning:  #1-D: last line of file ends without a newline
  #endif
../Core/Src/main.c: 2 warnings, 0 errors
compiling tim.c...
compiling stm32h7xx_hal_timebase_tim.c...
compiling stm32h7xx_hal_msp.c...
compiling stm32h7xx_hal_cortex.c...
compiling m3508_driver.c...
..\..\repos\m3508_repo\dependencies\fdcan_std.h(12): warning:  #1-D: last line of file ends without a newline
  #endif /* FDCAN_STD_H */
..\..\repos\m3508_repo\dependencies\pid.h(26): warning:  #1-D: last line of file ends without a newline
  #endif
..\..\repos\m3508_repo\m3508_driver.h(80): warning:  #1-D: last line of file ends without a newline
  #endif
..\..\repos\m3508_repo\m3508_driver.c(348): warning:  #1-D: last line of file ends without a newline
  }
..\..\repos\m3508_repo\m3508_driver.c: 4 warnings, 0 errors
compiling stm32h7xx_hal_gpio.c...
compiling stm32h7xx_hal_flash.c...
compiling stm32h7xx_hal_flash_ex.c...
compiling stm32h7xx_hal_hsem.c...
compiling stm32h7xx_hal_tim_ex.c...
compiling stm32h7xx_hal_tim.c...
compiling stm32h7xx_hal_dma_ex.c...
compiling stm32h7xx_hal_rcc.c...
compiling stm32h7xx_hal_rcc_ex.c...
compiling stm32h7xx_hal_dma.c...
compiling mpu_wrappers_v2.c...
compiling croutine.c...
compiling event_groups.c...
compiling list.c...
compiling queue.c...
compiling stream_buffer.c...
compiling tasks.c...
compiling timers.c...
compiling stm32h7xx_hal_i2c_ex.c...
compiling stm32h7xx_hal_exti.c...
compiling stm32h7xx_hal.c...
compiling heap_4.c...
compiling stm32h7xx_hal_mdma.c...
compiling port.c...
compiling stm32h7xx_hal_pwr.c...
compiling stm32h7xx_hal_uart_ex.c...
compiling stm32h7xx_hal_pwr_ex.c...
compiling system_stm32h7xx.c...
compiling stm32h7xx_hal_fdcan.c...
compiling stm32h7xx_hal_uart.c...
compiling stm32h7xx_hal_i2c.c...
compiling cmsis_os2.c...
linking...
Program Size: Code=20480 RO-data=944 RW-data=156 ZI-data=21132  
FromELF: creating hex file...
"Chassis\Chassis.axf" - 0 Error(s), 11 Warning(s).

<h2>Software Packages used:</h2>

Package Vendor: ARM
                https://www.keil.com/pack/ARM.CMSIS.6.3.0.pack
                ARM::CMSIS@6.3.0
                CMSIS (Common Microcontroller Software Interface Standard)
   * Component: CORE Version: 6.2.0

Package Vendor: Keil
                https://www.keil.com/pack/Keil.STM32H7xx_DFP.4.1.3.pack
                Keil::STM32H7xx_DFP@4.1.3
                STMicroelectronics STM32H7 Series Device Support

<h2>Collection of Component include folders:</h2>
  ./RTE/_Chassis
  D:/Emb_Sys/stm32_tools/keil5/ARM/CMSIS/6.3.0/CMSIS/Core/Include

<h2>Collection of Component Files used:</h2>

   * Component: ARM::CMSIS:CORE@6.2.0
      Include file:  CMSIS/Core/Include/tz_context.h
Build Time Elapsed:  00:00:18
</pre>
</body>
</html>
