Component: ARM Compiler 5.06 update 7 (build 960) Tool: armlink [4d3601]

==============================================================================

Section Cross References

    startup_stm32h723xx.o(STACK) refers (Special) to heapauxi.o(.text) for __use_two_region_memory
    startup_stm32h723xx.o(HEAP) refers (Special) to heapauxi.o(.text) for __use_two_region_memory
    startup_stm32h723xx.o(RESET) refers (Special) to heapauxi.o(.text) for __use_two_region_memory
    startup_stm32h723xx.o(RESET) refers to startup_stm32h723xx.o(STACK) for __initial_sp
    startup_stm32h723xx.o(RESET) refers to startup_stm32h723xx.o(.text) for Reset_Handler
    startup_stm32h723xx.o(RESET) refers to stm32h7xx_it.o(i.NMI_Handler) for NMI_Handler
    startup_stm32h723xx.o(RESET) refers to stm32h7xx_it.o(i.HardFault_Handler) for HardFault_Handler
    startup_stm32h723xx.o(RESET) refers to stm32h7xx_it.o(i.MemManage_Handler) for MemManage_Handler
    startup_stm32h723xx.o(RESET) refers to stm32h7xx_it.o(i.BusFault_Handler) for BusFault_Handler
    startup_stm32h723xx.o(RESET) refers to stm32h7xx_it.o(i.UsageFault_Handler) for UsageFault_Handler
    startup_stm32h723xx.o(RESET) refers to port.o(.emb_text) for SVC_Handler
    startup_stm32h723xx.o(RESET) refers to stm32h7xx_it.o(i.DebugMon_Handler) for DebugMon_Handler
    startup_stm32h723xx.o(RESET) refers to stm32h7xx_it.o(i.SysTick_Handler) for SysTick_Handler
    startup_stm32h723xx.o(RESET) refers to stm32h7xx_it.o(i.TIM1_UP_IRQHandler) for TIM1_UP_IRQHandler
    startup_stm32h723xx.o(RESET) refers to stm32h7xx_it.o(i.TIM2_IRQHandler) for TIM2_IRQHandler
    startup_stm32h723xx.o(.text) refers (Special) to heapauxi.o(.text) for __use_two_region_memory
    startup_stm32h723xx.o(.text) refers to system_stm32h7xx.o(i.ExitRun0Mode) for ExitRun0Mode
    startup_stm32h723xx.o(.text) refers to system_stm32h7xx.o(i.SystemInit) for SystemInit
    startup_stm32h723xx.o(.text) refers to __main.o(!!!main) for __main
    startup_stm32h723xx.o(.text) refers to startup_stm32h723xx.o(HEAP) for Heap_Mem
    startup_stm32h723xx.o(.text) refers to startup_stm32h723xx.o(STACK) for Stack_Mem
    fdcan_std.o(i.HAL_FDCAN_StdDefault_ConfigFilter) refers to stm32h7xx_hal_fdcan.o(i.HAL_FDCAN_ConfigFilter) for HAL_FDCAN_ConfigFilter
    fdcan_std.o(i.HAL_FDCAN_Std_ReceiveMessage) refers to stm32h7xx_hal_fdcan.o(i.HAL_FDCAN_GetRxFifoFillLevel) for HAL_FDCAN_GetRxFifoFillLevel
    fdcan_std.o(i.HAL_FDCAN_Std_ReceiveMessage) refers to stm32h7xx_hal_fdcan.o(i.HAL_FDCAN_GetRxMessage) for HAL_FDCAN_GetRxMessage
    fdcan_std.o(i.HAL_FDCAN_Std_SendMessage) refers to stm32h7xx_hal_fdcan.o(i.HAL_FDCAN_AddMessageToTxFifoQ) for HAL_FDCAN_AddMessageToTxFifoQ
    m3508_driver.o(i.M3508_CAN_CurrentUpdate) refers to m3508_driver.o(i.M3508_SetCurrent) for M3508_SetCurrent
    m3508_driver.o(i.M3508_CAN_Init) refers to rt_memclr_w.o(.text) for __aeabi_memclr4
    m3508_driver.o(i.M3508_CAN_Init) refers to stm32h7xx_hal_fdcan.o(i.HAL_FDCAN_ConfigGlobalFilter) for HAL_FDCAN_ConfigGlobalFilter
    m3508_driver.o(i.M3508_CAN_Init) refers to m3508_driver.o(i.M3508_Init) for M3508_Init
    m3508_driver.o(i.M3508_CAN_Init) refers to stm32h7xx_hal_fdcan.o(i.HAL_FDCAN_ConfigFilter) for HAL_FDCAN_ConfigFilter
    m3508_driver.o(i.M3508_IIRFilter_SetAlpha) refers to pid.o(i.PID_IIRFilter_SetAlpha) for PID_IIRFilter_SetAlpha
    m3508_driver.o(i.M3508_PIDMode_Switch) refers to iir.o(i.Int16_IIRFilter_Init) for Int16_IIRFilter_Init
    m3508_driver.o(i.M3508_PID_SetIntLim) refers to pid.o(i.PID_SetIntLim) for PID_SetIntLim
    m3508_driver.o(i.M3508_PID_Update) refers to m3508_driver.o(i.M3508_ReadStatus) for M3508_ReadStatus
    m3508_driver.o(i.M3508_PID_Update) refers to iir.o(i.Int16_IIRFilter_Update) for Int16_IIRFilter_Update
    m3508_driver.o(i.M3508_PID_Update) refers to pid.o(i.PID_Compute) for PID_Compute
    m3508_driver.o(i.M3508_PID_Update) refers to pid.o(i.PID_Loop_Compute) for PID_Loop_Compute
    m3508_driver.o(i.M3508_PositionPID_Init) refers to m3508_driver.o(i.M3508_PositionPID_MotorInit) for M3508_PositionPID_MotorInit
    m3508_driver.o(i.M3508_PositionPID_MotorInit) refers to pid.o(i.PID_Init) for PID_Init
    m3508_driver.o(i.M3508_ReadStatus) refers to stm32h7xx_hal_fdcan.o(i.HAL_FDCAN_IsRxBufferMessageAvailable) for HAL_FDCAN_IsRxBufferMessageAvailable
    m3508_driver.o(i.M3508_ReadStatus) refers to stm32h7xx_hal_fdcan.o(i.HAL_FDCAN_GetRxMessage) for HAL_FDCAN_GetRxMessage
    m3508_driver.o(i.M3508_SetCurrent) refers to fdcan_std.o(i.HAL_FDCAN_StdDefault_TxHeaderInit) for HAL_FDCAN_StdDefault_TxHeaderInit
    m3508_driver.o(i.M3508_SetCurrent) refers to fdcan_std.o(i.HAL_FDCAN_Std_SendMessage) for HAL_FDCAN_Std_SendMessage
    m3508_driver.o(i.M3508_SpeedPID_Init) refers to m3508_driver.o(i.M3508_SpeedPID_MotorInit) for M3508_SpeedPID_MotorInit
    m3508_driver.o(i.M3508_SpeedPID_MotorInit) refers to pid.o(i.PID_Init) for PID_Init
[...]
    xFreeBytesRemaining                      0x2400008c   Data           4  heap_4.o(.data)
    xMinimumEverFreeBytesRemaining           0x24000090   Data           4  heap_4.o(.data)
    xNumberOfSuccessfulAllocations           0x24000094   Data           4  heap_4.o(.data)
    xNumberOfSuccessfulFrees                 0x24000098   Data           4  heap_4.o(.data)
    xStart                                   0x2400009c   Data           8  heap_4.o(.data)
    .data                                    0x240000a4   Section       12  port.o(.data)
    ucMaxSysCallPriority                     0x240000a4   Data           1  port.o(.data)
    uxCriticalNesting                        0x240000a8   Data           4  port.o(.data)
    ulMaxPRIGROUPValue                       0x240000ac   Data           4  port.o(.data)
    .bss                                     0x240000b0   Section     1944  motor_app.o(.bss)
    target_rpm                               0x240000b0   Data          64  motor_app.o(.bss)
    m3508_can_1                              0x240000f0   Data        1816  motor_app.o(.bss)
    vofa_buf                                 0x24000808   Data          64  motor_app.o(.bss)
    .bss                                     0x24000848   Section      160  fdcan.o(.bss)
    .bss                                     0x240008e8   Section      152  tim.o(.bss)
    .bss                                     0x24000980   Section      148  usart.o(.bss)
    .bss                                     0x24000a14   Section       64  queue.o(.bss)
    .bss                                     0x24000a54   Section     1220  tasks.o(.bss)
    pxReadyTasksLists                        0x24000a54   Data        1120  tasks.o(.bss)
    xDelayedTaskList1                        0x24000eb4   Data          20  tasks.o(.bss)
    xDelayedTaskList2                        0x24000ec8   Data          20  tasks.o(.bss)
    xPendingReadyList                        0x24000edc   Data          20  tasks.o(.bss)
    xTasksWaitingTermination                 0x24000ef0   Data          20  tasks.o(.bss)
    xSuspendedTaskList                       0x24000f04   Data          20  tasks.o(.bss)
    .bss                                     0x24000f18   Section      280  timers.o(.bss)
    xStaticTimerQueue                        0x24000f18   Data          80  timers.o(.bss)
    ucStaticTimerQueueStorage                0x24000f68   Data         160  timers.o(.bss)
    xActiveTimerList1                        0x24001008   Data          20  timers.o(.bss)
    xActiveTimerList2                        0x2400101c   Data          20  timers.o(.bss)
    .bss                                     0x24001030   Section     1720  cmsis_os2.o(.bss)
    Idle_TCB                                 0x24001030   Data          92  cmsis_os2.o(.bss)
    Idle_Stack                               0x2400108c   Data         512  cmsis_os2.o(.bss)
    Timer_TCB                                0x2400128c   Data          92  cmsis_os2.o(.bss)
    Timer_Stack                              0x240012e8   Data        1024  cmsis_os2.o(.bss)
    .bss                                     0x240016e8   Section    15360  heap_4.o(.bss)
    ucHeap                                   0x240016e8   Data       15360  heap_4.o(.bss)
    .bss                                     0x240052e8   Section       96  libspace.o(.bss)
    HEAP                                     0x24005348   Section      512  startup_stm32h723xx.o(HEAP)
    Heap_Mem                                 0x24005348   Data         512  startup_stm32h723xx.o(HEAP)
    STACK                                    0x24005548   Section     1024  startup_stm32h723xx.o(STACK)
    Stack_Mem                                0x24005548   Data        1024  startup_stm32h723xx.o(STACK)
    __initial_sp                             0x24005948   Data           0  startup_stm32h723xx.o(STACK)

    Global Symbols

    Symbol Name                              Value     Ov Type        Size  Object(Section)

    BuildAttributes$$THM_ISAv4$E$P$D$K$B$S$7EM$VFPv5_D16$PE$PLD8$A:L22UL41UL21$X:L11$S22US41US21$IEEE1$IW$USESV6$~STKCKD$USESV7$~SHL$OSPACE$ROPI$EBA8$UX$STANDARDLIB$REQ8$PRES8$EABIv2 0x00000000   Number         0  anon$$obj.o ABSOLUTE
    __ARM_use_no_argv                        0x00000000   Number         0  main.o ABSOLUTE
    _printf_flags                            0x00000000   Number         0  printf_stubs.o ABSOLUTE
    _printf_return_value                     0x00000000   Number         0  printf_stubs.o ABSOLUTE
    _printf_sizespec                         0x00000000   Number         0  printf_stubs.o ABSOLUTE
    _printf_widthprec                        0x00000000   Number         0  printf_stubs.o ABSOLUTE
    __ARM_exceptions_init                     - Undefined Weak Reference
    __alloca_initialize                       - Undefined Weak Reference
    __arm_fini_                               - Undefined Weak Reference
    __arm_preinit_                            - Undefined Weak Reference
    __cpp_initialize__aeabi_                  - Undefined Weak Reference
    __cxa_finalize                            - Undefined Weak Reference
    __rt_locale                               - Undefined Weak Reference
    __sigvec_lookup                           - Undefined Weak Reference
    _atexit_init                              - Undefined Weak Reference
    _call_atexit_fns                          - Undefined Weak Reference
    _clock_init                               - Undefined Weak Reference
    _fp_trap_init                             - Undefined Weak Reference
    _fp_trap_shutdown                         - Undefined Weak Reference
    _get_lc_collate                           - Undefined Weak Reference
    _get_lc_ctype                             - Undefined Weak Reference
    _get_lc_monetary                          - Undefined Weak Reference
    _get_lc_numeric                           - Undefined Weak Reference
    _get_lc_time                              - Undefined Weak Reference
    _getenv_init                              - Undefined Weak Reference
    _handle_redirection                       - Undefined Weak Reference
    _init_alloc                               - Undefined Weak Reference
    _init_user_alloc                          - Undefined Weak Reference
    _initio                                   - Undefined Weak Reference
    _printf_post_padding                      - Undefined Weak Reference
    _printf_pre_padding                       - Undefined Weak Reference
    _printf_truncate_signed                   - Undefined Weak Reference
    _printf_truncate_unsigned                 - Undefined Weak Reference
    _rand_init                                - Undefined Weak Reference
    _signal_finish                            - Undefined Weak Reference
    _signal_init                              - Undefined Weak Reference
    _terminate_alloc                          - Undefined Weak Reference
    _terminate_user_alloc                     - Undefined Weak Reference
    _terminateio                              - Undefined Weak Reference
    __Vectors_Size                           0x000002cc   Number         0  startup_stm32h723xx.o ABSOLUTE
    __Vectors                                0x08000000   Data           4  startup_stm32h723xx.o(RESET)
    __Vectors_End                            0x080002cc   Data           0  startup_stm32h723xx.o(RESET)
    __main                                   0x080002cd   Thumb Code     8  __main.o(!!!main)
    __scatterload                            0x080002d5   Thumb Code     0  __scatter.o(!!!scatter)
    __scatterload_rt2                        0x080002d5   Thumb Code    44  __scatter.o(!!!scatter)
    __scatterload_rt2_thumb_only             0x080002d5   Thumb Code     0  __scatter.o(!!!scatter)
    __scatterload_null                       0x080002e3   Thumb Code     0  __scatter.o(!!!scatter)
    __scatterload_copy                       0x08000309   Thumb Code    26  __scatter_copy.o(!!handler_copy)
    __scatterload_zeroinit                   0x08000325   Thumb Code    28  __scatter_zi.o(!!handler_zi)
    __rt_lib_init                            0x08000341   Thumb Code     0  libinit.o(.ARM.Collect$$libinit$$00000000)
    __rt_lib_init_fp_1                       0x08000343   Thumb Code     0  libinit2.o(.ARM.Collect$$libinit$$00000001)
    __rt_lib_init_alloca_1                   0x08000347   Thumb Code     0  libinit2.o(.ARM.Collect$$libinit$$0000002E)
    __rt_lib_init_argv_1                     0x08000347   Thumb Code     0  libinit2.o(.ARM.Collect$$libinit$$0000002C)
    __rt_lib_init_atexit_1                   0x08000347   Thumb Code     0  libinit2.o(.ARM.Collect$$libinit$$0000001B)
    __rt_lib_init_clock_1                    0x08000347   Thumb Code     0  libinit2.o(.ARM.Collect$$libinit$$00000021)
    __rt_lib_init_cpp_1                      0x08000347   Thumb Code     0  libinit2.o(.ARM.Collect$$libinit$$00000032)
    __rt_lib_init_exceptions_1               0x08000347   Thumb Code     0  libinit2.o(.ARM.Collect$$libinit$$00000030)
    __rt_lib_init_fp_trap_1                  0x08000347   Thumb Code     0  libinit2.o(.ARM.Collect$$libinit$$0000001F)
    __rt_lib_init_getenv_1                   0x08000347   Thumb Code     0  libinit2.o(.ARM.Collect$$libinit$$00000023)
    __rt_lib_init_heap_1                     0x08000347   Thumb Code     0  libinit2.o(.ARM.Collect$$libinit$$0000000A)
    __rt_lib_init_lc_collate_1               0x08000347   Thumb Code     0  libinit2.o(.ARM.Collect$$libinit$$00000011)
    __rt_lib_init_lc_ctype_1                 0x08000347   Thumb Code     0  libinit2.o(.ARM.Collect$$libinit$$00000013)
    __rt_lib_init_lc_monetary_1              0x08000347   Thumb Code     0  libinit2.o(.ARM.Collect$$libinit$$00000015)
    __rt_lib_init_lc_numeric_1               0x08000347   Thumb Code     0  libinit2.o(.ARM.Collect$$libinit$$00000017)
    __rt_lib_init_lc_time_1                  0x08000347   Thumb Code     0  libinit2.o(.ARM.Collect$$libinit$$00000019)
    __rt_lib_init_preinit_1                  0x08000347   Thumb Code     0  libinit2.o(.ARM.Collect$$libinit$$00000004)
    __rt_lib_init_rand_1                     0x08000347   Thumb Code     0  libinit2.o(.ARM.Collect$$libinit$$0000000E)
    __rt_lib_init_return                     0x08000347   Thumb Code     0  libinit2.o(.ARM.Collect$$libinit$$00000033)
    __rt_lib_init_signal_1                   0x08000347   Thumb Code     0  libinit2.o(.ARM.Collect$$libinit$$0000001D)
    __rt_lib_init_stdio_1                    0x08000347   Thumb Code     0  libinit2.o(.ARM.Collect$$libinit$$00000025)
    __rt_lib_init_user_alloc_1               0x08000347   Thumb Code     0  libinit2.o(.ARM.Collect$$libinit$$0000000C)
    __rt_lib_shutdown                        0x08000349   Thumb Code     0  libshutdown.o(.ARM.Collect$$libshutdown$$00000000)
    __rt_lib_shutdown_cpp_1                  0x0800034b   Thumb Code     0  libshutdown2.o(.ARM.Collect$$libshutdown$$00000004)
    __rt_lib_shutdown_fini_1                 0x0800034b   Thumb Code     0  libshutdown2.o(.ARM.Collect$$libshutdown$$00000002)
    __rt_lib_shutdown_fp_trap_1              0x0800034b   Thumb Code     0  libshutdown2.o(.ARM.Collect$$libshutdown$$00000009)
    __rt_lib_shutdown_heap_1                 0x0800034b   Thumb Code     0  libshutdown2.o(.ARM.Collect$$libshutdown$$00000011)
    __rt_lib_shutdown_return                 0x0800034b   Thumb Code     0  libshutdown2.o(.ARM.Collect$$libshutdown$$00000012)
    __rt_lib_shutdown_signal_1               0x0800034b   Thumb Code     0  libshutdown2.o(.ARM.Collect$$libshutdown$$0000000C)
    __rt_lib_shutdown_stdio_1                0x0800034b   Thumb Code     0  libshutdown2.o(.ARM.Collect$$libshutdown$$00000006)
    __rt_lib_shutdown_user_alloc_1           0x0800034b   Thumb Code     0  libshutdown2.o(.ARM.Collect$$libshutdown$$0000000E)
    __rt_entry                               0x0800034d   Thumb Code     0  __rtentry.o(.ARM.Collect$$rtentry$$00000000)
    __rt_entry_presh_1                       0x0800034d   Thumb Code     0  __rtentry2.o(.ARM.Collect$$rtentry$$00000002)
    __rt_entry_sh                            0x0800034d   Thumb Code     0  __rtentry4.o(.ARM.Collect$$rtentry$$00000004)
    __rt_entry_li                            0x08000353   Thumb Code     0  __rtentry2.o(.ARM.Collect$$rtentry$$0000000A)
    __rt_entry_postsh_1                      0x08000353   Thumb Code     0  __rtentry2.o(.ARM.Collect$$rtentry$$00000009)
    __rt_entry_main                          0x08000357   Thumb Code     0  __rtentry2.o(.ARM.Collect$$rtentry$$0000000D)
    __rt_entry_postli_1                      0x08000357   Thumb Code     0  __rtentry2.o(.ARM.Collect$$rtentry$$0000000C)
    __rt_exit                                0x0800035f   Thumb Code     0  rtexit.o(.ARM.Collect$$rtexit$$00000000)
    __rt_exit_ls                             0x08000361   Thumb Code     0  rtexit2.o(.ARM.Collect$$rtexit$$00000003)
    __rt_exit_prels_1                        0x08000361   Thumb Code     0  rtexit2.o(.ARM.Collect$$rtexit$$00000002)
    __rt_exit_exit                           0x08000365   Thumb Code     0  rtexit2.o(.ARM.Collect$$rtexit$$00000004)
    SVC_Handler                              0x0800036d   Thumb Code    28  port.o(.emb_text)
    __asm___6_port_c_39a90d8d__prvStartFirstTask 0x0800038d   Thumb Code    36  port.o(.emb_text)
    __asm___6_port_c_39a90d8d__prvEnableVFP  0x080003b5   Thumb Code    16  port.o(.emb_text)
    PendSV_Handler                           0x080003c9   Thumb Code    88  port.o(.emb_text)
    vPortGetIPSR                             0x08000425   Thumb Code     6  port.o(.emb_text)
    Reset_Handler                            0x0800042d   Thumb Code    12  startup_stm32h723xx.o(.text)
    ADC3_IRQHandler                          0x0800044b   Thumb Code     0  startup_stm32h723xx.o(.text)
    ADC_IRQHandler                           0x0800044b   Thumb Code     0  startup_stm32h723xx.o(.text)
    BDMA_Channel0_IRQHandler                 0x0800044b   Thumb Code     0  startup_stm32h723xx.o(.text)
    BDMA_Channel1_IRQHandler                 0x0800044b   Thumb Code     0  startup_stm32h723xx.o(.text)
    BDMA_Channel2_IRQHandler                 0x0800044b   Thumb Code     0  startup_stm32h723xx.o(.text)
    BDMA_Channel3_IRQHandler                 0x0800044b   Thumb Code     0  startup_stm32h723xx.o(.text)
    BDMA_Channel4_IRQHandler                 0x0800044b   Thumb Code     0  startup_stm32h723xx.o(.text)
    BDMA_Channel5_IRQHandler                 0x0800044b   Thumb Code     0  startup_stm32h723xx.o(.text)
    BDMA_Channel6_IRQHandler                 0x0800044b   Thumb Code     0  startup_stm32h723xx.o(.text)
    BDMA_Channel7_IRQHandler                 0x0800044b   Thumb Code     0  startup_stm32h723xx.o(.text)
    CEC_IRQHandler                           0x0800044b   Thumb Code     0  startup_stm32h723xx.o(.text)
    COMP1_IRQHandler                         0x0800044b   Thumb Code     0  startup_stm32h723xx.o(.text)
    CORDIC_IRQHandler                        0x0800044b   Thumb Code     0  startup_stm32h723xx.o(.text)
    CRS_IRQHandler                           0x0800044b   Thumb Code     0  startup_stm32h723xx.o(.text)
    DCMI_PSSI_IRQHandler                     0x0800044b   Thumb Code     0  startup_stm32h723xx.o(.text)
    DFSDM1_FLT0_IRQHandler                   0x0800044b   Thumb Code     0  startup_stm32h723xx.o(.text)
    DFSDM1_FLT1_IRQHandler                   0x0800044b   Thumb Code     0  startup_stm32h723xx.o(.text)
    DFSDM1_FLT2_IRQHandler                   0x0800044b   Thumb Code     0  startup_stm32h723xx.o(.text)
    DFSDM1_FLT3_IRQHandler                   0x0800044b   Thumb Code     0  startup_stm32h723xx.o(.text)
    DMA1_Stream0_IRQHandler                  0x0800044b   Thumb Code     0  startup_stm32h723xx.o(.text)
    DMA1_Stream1_IRQHandler                  0x0800044b   Thumb Code     0  startup_stm32h723xx.o(.text)
    DMA1_Stream2_IRQHandler                  0x0800044b   Thumb Code     0  startup_stm32h723xx.o(.text)
    DMA1_Stream3_IRQHandler                  0x0800044b   Thumb Code     0  startup_stm32h723xx.o(.text)
    DMA1_Stream4_IRQHandler                  0x0800044b   Thumb Code     0  startup_stm32h723xx.o(.text)
    DMA1_Stream5_IRQHandler                  0x0800044b   Thumb Code     0  startup_stm32h723xx.o(.text)
    DMA1_Stream6_IRQHandler                  0x0800044b   Thumb Code     0  startup_stm32h723xx.o(.text)
    DMA1_Stream7_IRQHandler                  0x0800044b   Thumb Code     0  startup_stm32h723xx.o(.text)
    DMA2D_IRQHandler                         0x0800044b   Thumb Code     0  startup_stm32h723xx.o(.text)
    DMA2_Stream0_IRQHandler                  0x0800044b   Thumb Code     0  startup_stm32h723xx.o(.text)
    DMA2_Stream1_IRQHandler                  0x0800044b   Thumb Code     0  startup_stm32h723xx.o(.text)
    DMA2_Stream2_IRQHandler                  0x0800044b   Thumb Code     0  startup_stm32h723xx.o(.text)
    DMA2_Stream3_IRQHandler                  0x0800044b   Thumb Code     0  startup_stm32h723xx.o(.text)
    DMA2_Stream4_IRQHandler                  0x0800044b   Thumb Code     0  startup_stm32h723xx.o(.text)
    DMA2_Stream5_IRQHandler                  0x0800044b   Thumb Code     0  startup_stm32h723xx.o(.text)
    DMA2_Stream6_IRQHandler                  0x0800044b   Thumb Code     0  startup_stm32h723xx.o(.text)
    DMA2_Stream7_IRQHandler                  0x0800044b   Thumb Code     0  startup_stm32h723xx.o(.text)
    DMAMUX1_OVR_IRQHandler                   0x0800044b   Thumb Code     0  startup_stm32h723xx.o(.text)
    DMAMUX2_OVR_IRQHandler                   0x0800044b   Thumb Code     0  startup_stm32h723xx.o(.text)
    DTS_IRQHandler                           0x0800044b   Thumb Code     0  startup_stm32h723xx.o(.text)
    ECC_IRQHandler                           0x0800044b   Thumb Code     0  startup_stm32h723xx.o(.text)
    ETH_IRQHandler                           0x0800044b   Thumb Code     0  startup_stm32h723xx.o(.text)
    ETH_WKUP_IRQHandler                      0x0800044b   Thumb Code     0  startup_stm32h723xx.o(.text)
    EXTI0_IRQHandler                         0x0800044b   Thumb Code     0  startup_stm32h723xx.o(.text)
    EXTI15_10_IRQHandler                     0x0800044b   Thumb Code     0  startup_stm32h723xx.o(.text)
    EXTI1_IRQHandler                         0x0800044b   Thumb Code     0  startup_stm32h723xx.o(.text)
    EXTI2_IRQHandler                         0x0800044b   Thumb Code     0  startup_stm32h723xx.o(.text)
    EXTI3_IRQHandler                         0x0800044b   Thumb Code     0  startup_stm32h723xx.o(.text)
    EXTI4_IRQHandler                         0x0800044b   Thumb Code     0  startup_stm32h723xx.o(.text)
    EXTI9_5_IRQHandler                       0x0800044b   Thumb Code     0  startup_stm32h723xx.o(.text)
    FDCAN1_IT0_IRQHandler                    0x0800044b   Thumb Code     0  startup_stm32h723xx.o(.text)
    FDCAN1_IT1_IRQHandler                    0x0800044b   Thumb Code     0  startup_stm32h723xx.o(.text)
    FDCAN2_IT0_IRQHandler                    0x0800044b   Thumb Code     0  startup_stm32h723xx.o(.text)
    FDCAN2_IT1_IRQHandler                    0x0800044b   Thumb Code     0  startup_stm32h723xx.o(.text)
    FDCAN3_IT0_IRQHandler                    0x0800044b   Thumb Code     0  startup_stm32h723xx.o(.text)
    FDCAN3_IT1_IRQHandler                    0x0800044b   Thumb Code     0  startup_stm32h723xx.o(.text)
    FDCAN_CAL_IRQHandler                     0x0800044b   Thumb Code     0  startup_stm32h723xx.o(.text)
    FLASH_IRQHandler                         0x0800044b   Thumb Code     0  startup_stm32h723xx.o(.text)
    FMAC_IRQHandler                          0x0800044b   Thumb Code     0  startup_stm32h723xx.o(.text)
    FMC_IRQHandler                           0x0800044b   Thumb Code     0  startup_stm32h723xx.o(.text)
    FPU_IRQHandler                           0x0800044b   Thumb Code     0  startup_stm32h723xx.o(.text)
    HSEM1_IRQHandler                         0x0800044b   Thumb Code     0  startup_stm32h723xx.o(.text)
    I2C1_ER_IRQHandler                       0x0800044b   Thumb Code     0  startup_stm32h723xx.o(.text)
    I2C1_EV_IRQHandler                       0x0800044b   Thumb Code     0  startup_stm32h723xx.o(.text)
    I2C2_ER_IRQHandler                       0x0800044b   Thumb Code     0  startup_stm32h723xx.o(.text)
    I2C2_EV_IRQHandler                       0x0800044b   Thumb Code     0  startup_stm32h723xx.o(.text)
    I2C3_ER_IRQHandler                       0x0800044b   Thumb Code     0  startup_stm32h723xx.o(.text)
    I2C3_EV_IRQHandler                       0x0800044b   Thumb Code     0  startup_stm32h723xx.o(.text)
    I2C4_ER_IRQHandler                       0x0800044b   Thumb Code     0  startup_stm32h723xx.o(.text)
    I2C4_EV_IRQHandler                       0x0800044b   Thumb Code     0  startup_stm32h723xx.o(.text)
    I2C5_ER_IRQHandler                       0x0800044b   Thumb Code     0  startup_stm32h723xx.o(.text)
    I2C5_EV_IRQHandler                       0x0800044b   Thumb Code     0  startup_stm32h723xx.o(.text)
    LPTIM1_IRQHandler                        0x0800044b   Thumb Code     0  startup_stm32h723xx.o(.text)
    LPTIM2_IRQHandler                        0x0800044b   Thumb Code     0  startup_stm32h723xx.o(.text)
    LPTIM3_IRQHandler                        0x0800044b   Thumb Code     0  startup_stm32h723xx.o(.text)
    LPTIM4_IRQHandler                        0x0800044b   Thumb Code     0  startup_stm32h723xx.o(.text)
    LPTIM5_IRQHandler                        0x0800044b   Thumb Code     0  startup_stm32h723xx.o(.text)
    LPUART1_IRQHandler                       0x0800044b   Thumb Code     0  startup_stm32h723xx.o(.text)
    LTDC_ER_IRQHandler                       0x0800044b   Thumb Code     0  startup_stm32h723xx.o(.text)
    LTDC_IRQHandler                          0x0800044b   Thumb Code     0  startup_stm32h723xx.o(.text)
    MDIOS_IRQHandler                         0x0800044b   Thumb Code     0  startup_stm32h723xx.o(.text)
    MDIOS_WKUP_IRQHandler                    0x0800044b   Thumb Code     0  startup_stm32h723xx.o(.text)
    MDMA_IRQHandler                          0x0800044b   Thumb Code     0  startup_stm32h723xx.o(.text)
    OCTOSPI1_IRQHandler                      0x0800044b   Thumb Code     0  startup_stm32h723xx.o(.text)
    OCTOSPI2_IRQHandler                      0x0800044b   Thumb Code     0  startup_stm32h723xx.o(.text)
    OTG_HS_EP1_IN_IRQHandler                 0x0800044b   Thumb Code     0  startup_stm32h723xx.o(.text)
    OTG_HS_EP1_OUT_IRQHandler                0x0800044b   Thumb Code     0  startup_stm32h723xx.o(.text)
    OTG_HS_IRQHandler                        0x0800044b   Thumb Code     0  startup_stm32h723xx.o(.text)
    OTG_HS_WKUP_IRQHandler                   0x0800044b   Thumb Code     0  startup_stm32h723xx.o(.text)
    PVD_AVD_IRQHandler                       0x0800044b   Thumb Code     0  startup_stm32h723xx.o(.text)
    RCC_IRQHandler                           0x0800044b   Thumb Code     0  startup_stm32h723xx.o(.text)
    RNG_IRQHandler                           0x0800044b   Thumb Code     0  startup_stm32h723xx.o(.text)
    RTC_Alarm_IRQHandler                     0x0800044b   Thumb Code     0  startup_stm32h723xx.o(.text)
    RTC_WKUP_IRQHandler                      0x0800044b   Thumb Code     0  startup_stm32h723xx.o(.text)
    SAI1_IRQHandler                          0x0800044b   Thumb Code     0  startup_stm32h723xx.o(.text)
    SAI4_IRQHandler                          0x0800044b   Thumb Code     0  startup_stm32h723xx.o(.text)
    SDMMC1_IRQHandler                        0x0800044b   Thumb Code     0  startup_stm32h723xx.o(.text)
    SDMMC2_IRQHandler                        0x0800044b   Thumb Code     0  startup_stm32h723xx.o(.text)
    SPDIF_RX_IRQHandler                      0x0800044b   Thumb Code     0  startup_stm32h723xx.o(.text)
    SPI1_IRQHandler                          0x0800044b   Thumb Code     0  startup_stm32h723xx.o(.text)
    SPI2_IRQHandler                          0x0800044b   Thumb Code     0  startup_stm32h723xx.o(.text)
    SPI3_IRQHandler                          0x0800044b   Thumb Code     0  startup_stm32h723xx.o(.text)
    SPI4_IRQHandler                          0x0800044b   Thumb Code     0  startup_stm32h723xx.o(.text)
    SPI5_IRQHandler                          0x0800044b   Thumb Code     0  startup_stm32h723xx.o(.text)
    SPI6_IRQHandler                          0x0800044b   Thumb Code     0  startup_stm32h723xx.o(.text)
    SWPMI1_IRQHandler                        0x0800044b   Thumb Code     0  startup_stm32h723xx.o(.text)
    TAMP_STAMP_IRQHandler                    0x0800044b   Thumb Code     0  startup_stm32h723xx.o(.text)
    TIM15_IRQHandler                         0x0800044b   Thumb Code     0  startup_stm32h723xx.o(.text)
    TIM16_IRQHandler                         0x0800044b   Thumb Code     0  startup_stm32h723xx.o(.text)
    TIM17_IRQHandler                         0x0800044b   Thumb Code     0  startup_stm32h723xx.o(.text)
    TIM1_BRK_IRQHandler                      0x0800044b   Thumb Code     0  startup_stm32h723xx.o(.text)
    TIM1_CC_IRQHandler                       0x0800044b   Thumb Code     0  startup_stm32h723xx.o(.text)
    TIM1_TRG_COM_IRQHandler                  0x0800044b   Thumb Code     0  startup_stm32h723xx.o(.text)
    TIM23_IRQHandler                         0x0800044b   Thumb Code     0  startup_stm32h723xx.o(.text)
    TIM24_IRQHandler                         0x0800044b   Thumb Code     0  startup_stm32h723xx.o(.text)
    TIM3_IRQHandler                          0x0800044b   Thumb Code     0  startup_stm32h723xx.o(.text)
    TIM4_IRQHandler                          0x0800044b   Thumb Code     0  startup_stm32h723xx.o(.text)
    TIM5_IRQHandler                          0x0800044b   Thumb Code     0  startup_stm32h723xx.o(.text)
    TIM6_DAC_IRQHandler                      0x0800044b   Thumb Code     0  startup_stm32h723xx.o(.text)
    TIM7_IRQHandler                          0x0800044b   Thumb Code     0  startup_stm32h723xx.o(.text)
    TIM8_BRK_TIM12_IRQHandler                0x0800044b   Thumb Code     0  startup_stm32h723xx.o(.text)
    TIM8_CC_IRQHandler                       0x0800044b   Thumb Code     0  startup_stm32h723xx.o(.text)
    TIM8_TRG_COM_TIM14_IRQHandler            0x0800044b   Thumb Code     0  startup_stm32h723xx.o(.text)
    TIM8_UP_TIM13_IRQHandler                 0x0800044b   Thumb Code     0  startup_stm32h723xx.o(.text)
    UART4_IRQHandler                         0x0800044b   Thumb Code     0  startup_stm32h723xx.o(.text)
    UART5_IRQHandler                         0x0800044b   Thumb Code     0  startup_stm32h723xx.o(.text)
    UART7_IRQHandler                         0x0800044b   Thumb Code     0  startup_stm32h723xx.o(.text)
    UART8_IRQHandler                         0x0800044b   Thumb Code     0  startup_stm32h723xx.o(.text)
    UART9_IRQHandler                         0x0800044b   Thumb Code     0  startup_stm32h723xx.o(.text)
    USART10_IRQHandler                       0x0800044b   Thumb Code     0  startup_stm32h723xx.o(.text)
    USART1_IRQHandler                        0x0800044b   Thumb Code     0  startup_stm32h723xx.o(.text)
    USART2_IRQHandler                        0x0800044b   Thumb Code     0  startup_stm32h723xx.o(.text)
    USART3_IRQHandler                        0x0800044b   Thumb Code     0  startup_stm32h723xx.o(.text)
    USART6_IRQHandler                        0x0800044b   Thumb Code     0  startup_stm32h723xx.o(.text)
    WAKEUP_PIN_IRQHandler                    0x0800044b   Thumb Code     0  startup_stm32h723xx.o(.text)
    WWDG_IRQHandler                          0x0800044b   Thumb Code     0  startup_stm32h723xx.o(.text)
    __user_initial_stackheap                 0x0800044d   Thumb Code     0  startup_stm32h723xx.o(.text)
    __aeabi_uldivmod                         0x08000475   Thumb Code     0  lludivv7m.o(.text)
    _ll_udiv                                 0x08000475   Thumb Code   238  lludivv7m.o(.text)
    __aeabi_memcpy                           0x08000563   Thumb Code     0  rt_memcpy_v6.o(.text)
    __rt_memcpy                              0x08000563   Thumb Code   138  rt_memcpy_v6.o(.text)
    _memcpy_lastbytes                        0x080005c9   Thumb Code     0  rt_memcpy_v6.o(.text)
    __aeabi_memcpy4                          0x080005ed   Thumb Code     0  rt_memcpy_w.o(.text)
    __aeabi_memcpy8                          0x080005ed   Thumb Code     0  rt_memcpy_w.o(.text)
    __rt_memcpy_w                            0x080005ed   Thumb Code   100  rt_memcpy_w.o(.text)
    _memcpy_lastbytes_aligned                0x08000635   Thumb Code     0  rt_memcpy_w.o(.text)
    __aeabi_memset                           0x08000651   Thumb Code    16  aeabi_memset.o(.text)
    __aeabi_memclr                           0x08000661   Thumb Code     0  rt_memclr.o(.text)
    __rt_memclr                              0x08000661   Thumb Code    68  rt_memclr.o(.text)
    _memset                                  0x08000665   Thumb Code     0  rt_memclr.o(.text)
    __aeabi_memclr4                          0x080006a5   Thumb Code     0  rt_memclr_w.o(.text)
    __aeabi_memclr8                          0x080006a5   Thumb Code     0  rt_memclr_w.o(.text)
    __rt_memclr_w                            0x080006a5   Thumb Code    78  rt_memclr_w.o(.text)
    _memset_w                                0x080006a9   Thumb Code     0  rt_memclr_w.o(.text)
    __use_two_region_memory                  0x080006f3   Thumb Code     2  heapauxi.o(.text)
    __rt_heap_escrow$2region                 0x080006f5   Thumb Code     2  heapauxi.o(.text)
    __rt_heap_expand$2region                 0x080006f7   Thumb Code     2  heapauxi.o(.text)
    __user_setup_stackheap                   0x080006f9   Thumb Code    74  sys_stackheap_outer.o(.text)
    exit                                     0x08000743   Thumb Code    18  exit.o(.text)
    __user_libspace                          0x08000755   Thumb Code     8  libspace.o(.text)
    __user_perproc_libspace                  0x08000755   Thumb Code     0  libspace.o(.text)
    __user_perthread_libspace                0x08000755   Thumb Code     0  libspace.o(.text)
    _sys_exit                                0x0800075d   Thumb Code     8  sys_exit.o(.text)
    __I$use$semihosting                      0x08000769   Thumb Code     0  use_no_semi.o(.text)
    __use_no_semihosting_swi                 0x08000769   Thumb Code     2  use_no_semi.o(.text)
    BusFault_Handler                         0x0800076b   Thumb Code     2  stm32h7xx_it.o(i.BusFault_Handler)
    __semihosting_library_function           0x0800076b   Thumb Code     0  indicate_semi.o(.text)
    DebugMon_Handler                         0x0800076d   Thumb Code     2  stm32h7xx_it.o(i.DebugMon_Handler)
    Error_Handler                            0x0800076f   Thumb Code     4  main.o(i.Error_Handler)
    ExitRun0Mode                             0x08000775   Thumb Code    22  system_stm32h7xx.o(i.ExitRun0Mode)
    HAL_FDCAN_AddMessageToTxFifoQ            0x080009d5   Thumb Code   102  stm32h7xx_hal_fdcan.o(i.HAL_FDCAN_AddMessageToTxFifoQ)
    HAL_FDCAN_ConfigFilter                   0x08000a3b   Thumb Code   126  stm32h7xx_hal_fdcan.o(i.HAL_FDCAN_ConfigFilter)
    HAL_FDCAN_ConfigGlobalFilter             0x08000ab9   Thumb Code    50  stm32h7xx_hal_fdcan.o(i.HAL_FDCAN_ConfigGlobalFilter)
    HAL_FDCAN_GetRxMessage                   0x08000aed   Thumb Code   412  stm32h7xx_hal_fdcan.o(i.HAL_FDCAN_GetRxMessage)
    HAL_FDCAN_Init                           0x08000c8d   Thumb Code   572  stm32h7xx_hal_fdcan.o(i.HAL_FDCAN_Init)
    HAL_FDCAN_IsRxBufferMessageAvailable     0x08000ed1   Thumb Code    54  stm32h7xx_hal_fdcan.o(i.HAL_FDCAN_IsRxBufferMessageAvailable)
    HAL_FDCAN_MspInit                        0x08000f09   Thumb Code   146  fdcan.o(i.HAL_FDCAN_MspInit)
    HAL_FDCAN_Start                          0x08000fa9   Thumb Code    50  stm32h7xx_hal_fdcan.o(i.HAL_FDCAN_Start)
    HAL_FDCAN_StdDefault_TxHeaderInit        0x08000fdb   Thumb Code    28  fdcan_std.o(i.HAL_FDCAN_StdDefault_TxHeaderInit)
    HAL_FDCAN_Std_SendMessage                0x08000ff7   Thumb Code    10  fdcan_std.o(i.HAL_FDCAN_Std_SendMessage)
    HAL_GPIO_Init                            0x08001001   Thumb Code   502  stm32h7xx_hal_gpio.o(i.HAL_GPIO_Init)
    HAL_GetTick                              0x08001225   Thumb Code     6  stm32h7xx_hal.o(i.HAL_GetTick)
    HAL_IncTick                              0x08001231   Thumb Code    12  stm32h7xx_hal.o(i.HAL_IncTick)
    HAL_Init                                 0x08001241   Thumb Code    74  stm32h7xx_hal.o(i.HAL_Init)
    HAL_InitTick                             0x0800129d   Thumb Code    56  stm32h7xx_hal.o(i.HAL_InitTick)
    HAL_MPU_ConfigRegion                     0x080012dd   Thumb Code    86  stm32h7xx_hal_cortex.o(i.HAL_MPU_ConfigRegion)
    HAL_MPU_Disable                          0x08001339   Thumb Code    24  stm32h7xx_hal_cortex.o(i.HAL_MPU_Disable)
    HAL_MPU_Enable                           0x08001355   Thumb Code    30  stm32h7xx_hal_cortex.o(i.HAL_MPU_Enable)
    HAL_MspInit                              0x08001379   Thumb Code    32  stm32h7xx_hal_msp.o(i.HAL_MspInit)
    HAL_NVIC_EnableIRQ                       0x0800139d   Thumb Code    26  stm32h7xx_hal_cortex.o(i.HAL_NVIC_EnableIRQ)
    HAL_NVIC_SetPriority                     0x080013b9   Thumb Code    60  stm32h7xx_hal_cortex.o(i.HAL_NVIC_SetPriority)
    HAL_NVIC_SetPriorityGrouping             0x080013f9   Thumb Code    28  stm32h7xx_hal_cortex.o(i.HAL_NVIC_SetPriorityGrouping)
    HAL_PWREx_ConfigSupply                   0x0800141d   Thumb Code    78  stm32h7xx_hal_pwr_ex.o(i.HAL_PWREx_ConfigSupply)
    HAL_RCCEx_GetD3PCLK1Freq                 0x08001471   Thumb Code    26  stm32h7xx_hal_rcc_ex.o(i.HAL_RCCEx_GetD3PCLK1Freq)
    HAL_RCCEx_GetPLL2ClockFreq               0x08001495   Thumb Code   296  stm32h7xx_hal_rcc_ex.o(i.HAL_RCCEx_GetPLL2ClockFreq)
    HAL_RCCEx_GetPLL3ClockFreq               0x080015d9   Thumb Code   296  stm32h7xx_hal_rcc_ex.o(i.HAL_RCCEx_GetPLL3ClockFreq)
    HAL_RCCEx_PeriphCLKConfig                0x0800171d   Thumb Code  2362  stm32h7xx_hal_rcc_ex.o(i.HAL_RCCEx_PeriphCLKConfig)
    HAL_RCC_ClockConfig                      0x08002059   Thumb Code   580  stm32h7xx_hal_rcc.o(i.HAL_RCC_ClockConfig)
    HAL_RCC_GetHCLKFreq                      0x080022b5   Thumb Code    52  stm32h7xx_hal_rcc.o(i.HAL_RCC_GetHCLKFreq)
    HAL_RCC_GetPCLK1Freq                     0x080022f9   Thumb Code    26  stm32h7xx_hal_rcc.o(i.HAL_RCC_GetPCLK1Freq)
    HAL_RCC_GetPCLK2Freq                     0x0800231d   Thumb Code    26  stm32h7xx_hal_rcc.o(i.HAL_RCC_GetPCLK2Freq)
    HAL_RCC_GetSysClockFreq                  0x08002341   Thumb Code   278  stm32h7xx_hal_rcc.o(i.HAL_RCC_GetSysClockFreq)
    HAL_RCC_OscConfig                        0x08002479   Thumb Code  1318  stm32h7xx_hal_rcc.o(i.HAL_RCC_OscConfig)
    HAL_SYSTICK_Config                       0x0800299f   Thumb Code    38  stm32h7xx_hal_cortex.o(i.HAL_SYSTICK_Config)
    HAL_TIMEx_Break2Callback                 0x080029c5   Thumb Code     2  stm32h7xx_hal_tim_ex.o(i.HAL_TIMEx_Break2Callback)
    HAL_TIMEx_BreakCallback                  0x080029c7   Thumb Code     2  stm32h7xx_hal_tim_ex.o(i.HAL_TIMEx_BreakCallback)
    HAL_TIMEx_CommutCallback                 0x080029c9   Thumb Code     2  stm32h7xx_hal_tim_ex.o(i.HAL_TIMEx_CommutCallback)
    HAL_TIMEx_MasterConfigSynchronization    0x080029cd   Thumb Code   146  stm32h7xx_hal_tim_ex.o(i.HAL_TIMEx_MasterConfigSynchronization)
    HAL_TIM_Base_Init                        0x08002a85   Thumb Code    98  stm32h7xx_hal_tim.o(i.HAL_TIM_Base_Init)
    HAL_TIM_Base_MspInit                     0x08002ae9   Thumb Code    90  tim.o(i.HAL_TIM_Base_MspInit)
    HAL_TIM_Base_Start_IT                    0x08002b4d   Thumb Code   118  stm32h7xx_hal_tim.o(i.HAL_TIM_Base_Start_IT)
    HAL_TIM_ConfigClockSource                0x08002bed   Thumb Code   248  stm32h7xx_hal_tim.o(i.HAL_TIM_ConfigClockSource)
    HAL_TIM_IC_CaptureCallback               0x08002ce9   Thumb Code     2  stm32h7xx_hal_tim.o(i.HAL_TIM_IC_CaptureCallback)
    HAL_TIM_IRQHandler                       0x08002ceb   Thumb Code   328  stm32h7xx_hal_tim.o(i.HAL_TIM_IRQHandler)
    HAL_TIM_OC_DelayElapsedCallback          0x08002e33   Thumb Code     2  stm32h7xx_hal_tim.o(i.HAL_TIM_OC_DelayElapsedCallback)
    HAL_TIM_PWM_PulseFinishedCallback        0x08002e35   Thumb Code     2  stm32h7xx_hal_tim.o(i.HAL_TIM_PWM_PulseFinishedCallback)
    HAL_TIM_PeriodElapsedCallback            0x08002e39   Thumb Code    34  freertos.o(i.HAL_TIM_PeriodElapsedCallback)
    HAL_TIM_TriggerCallback                  0x08002e65   Thumb Code     2  stm32h7xx_hal_tim.o(i.HAL_TIM_TriggerCallback)
    HAL_UARTEx_DisableFifoMode               0x08002e67   Thumb Code    64  stm32h7xx_hal_uart_ex.o(i.HAL_UARTEx_DisableFifoMode)
    HAL_UARTEx_SetRxFifoThreshold            0x08002ea7   Thumb Code    76  stm32h7xx_hal_uart_ex.o(i.HAL_UARTEx_SetRxFifoThreshold)
    HAL_UARTEx_SetTxFifoThreshold            0x08002ef3   Thumb Code    76  stm32h7xx_hal_uart_ex.o(i.HAL_UARTEx_SetTxFifoThreshold)
    HAL_UART_Init                            0x08002f3f   Thumb Code   106  stm32h7xx_hal_uart.o(i.HAL_UART_Init)
    HAL_UART_MspInit                         0x08002fa9   Thumb Code   122  usart.o(i.HAL_UART_MspInit)
    HardFault_Handler                        0x08003031   Thumb Code     2  stm32h7xx_it.o(i.HardFault_Handler)
    Int16_IIRFilter_Init                     0x08003059   Thumb Code    20  iir.o(i.Int16_IIRFilter_Init)
    Int16_IIRFilter_Update                   0x08003075   Thumb Code    46  iir.o(i.Int16_IIRFilter_Update)
    M3508_CAN_CurrentUpdate                  0x080030a3   Thumb Code     4  m3508_driver.o(i.M3508_CAN_CurrentUpdate)
    M3508_CAN_Init                           0x080030a9   Thumb Code   166  m3508_driver.o(i.M3508_CAN_Init)
    M3508_IIRFilter_SetAlpha                 0x08003159   Thumb Code    22  m3508_driver.o(i.M3508_IIRFilter_SetAlpha)
    M3508_Init                               0x0800316f   Thumb Code    38  m3508_driver.o(i.M3508_Init)
    M3508_PIDMode_Switch                     0x08003195   Thumb Code    72  m3508_driver.o(i.M3508_PIDMode_Switch)
    M3508_PID_SetIntLim                      0x080031e5   Thumb Code    18  m3508_driver.o(i.M3508_PID_SetIntLim)
    M3508_PID_Update                         0x080031f9   Thumb Code   300  m3508_driver.o(i.M3508_PID_Update)
    M3508_PositionPID_Init                   0x08003345   Thumb Code    74  m3508_driver.o(i.M3508_PositionPID_Init)
    M3508_PositionPID_MotorInit              0x0800338f   Thumb Code     6  m3508_driver.o(i.M3508_PositionPID_MotorInit)
    M3508_ReadStatus                         0x08003395   Thumb Code    96  m3508_driver.o(i.M3508_ReadStatus)
    M3508_SetCurrent                         0x080033f5   Thumb Code   208  m3508_driver.o(i.M3508_SetCurrent)
    M3508_SetPositionTarget                  0x080034c9   Thumb Code    36  m3508_driver.o(i.M3508_SetPositionTarget)
    M3508_SpeedPID_Init                      0x080034ed   Thumb Code    74  m3508_driver.o(i.M3508_SpeedPID_Init)
    M3508_SpeedPID_MotorInit                 0x08003537   Thumb Code     6  m3508_driver.o(i.M3508_SpeedPID_MotorInit)
    MX_FDCAN1_Init                           0x0800353d   Thumb Code   100  fdcan.o(i.MX_FDCAN1_Init)
    MX_FREERTOS_Init                         0x080035a9   Thumb Code    56  freertos.o(i.MX_FREERTOS_Init)
    MX_GPIO_Init                             0x080035f5   Thumb Code    70  gpio.o(i.MX_GPIO_Init)
    MX_TIM1_Init                             0x08003641   Thumb Code   100  tim.o(i.MX_TIM1_Init)
    MX_TIM2_Init                             0x080036ad   Thumb Code    98  tim.o(i.MX_TIM2_Init)
    MX_USART3_UART_Init                      0x08003715   Thumb Code    94  usart.o(i.MX_USART3_UART_Init)
    MemManage_Handler                        0x0800377d   Thumb Code     2  stm32h7xx_it.o(i.MemManage_Handler)
    Motor_AppInit                            0x08003781   Thumb Code   164  motor_app.o(i.Motor_AppInit)
    Motor_CurUpdate                          0x08003871   Thumb Code    72  motor_app.o(i.Motor_CurUpdate)
    Motor_PIDUpdate                          0x080038c9   Thumb Code    58  motor_app.o(i.Motor_PIDUpdate)
    NMI_Handler                              0x0800390d   Thumb Code     2  stm32h7xx_it.o(i.NMI_Handler)
    PID_Compute                              0x0800390f   Thumb Code   124  pid.o(i.PID_Compute)
    PID_IIRFilter_SetAlpha                   0x0800398b   Thumb Code     6  pid.o(i.PID_IIRFilter_SetAlpha)
    PID_Init                                 0x08003991   Thumb Code    26  pid.o(i.PID_Init)
    PID_Loop_Compute                         0x080039b5   Thumb Code   284  pid.o(i.PID_Loop_Compute)
    PID_SetIntLim                            0x08003ad1   Thumb Code     6  pid.o(i.PID_SetIntLim)
    StartDefaultTask                         0x08003d19   Thumb Code     8  freertos.o(i.StartDefaultTask)
    StartMotorCurTask                        0x08003d21   Thumb Code    36  freertos.o(i.StartMotorCurTask)
    StartMotorPIDTask                        0x08003d49   Thumb Code    36  freertos.o(i.StartMotorPIDTask)
    SysTick_Handler                          0x08003d71   Thumb Code    30  stm32h7xx_it.o(i.SysTick_Handler)
    SystemClock_Config                       0x08003d91   Thumb Code   146  main.o(i.SystemClock_Config)
    SystemInit                               0x08003e29   Thumb Code   184  system_stm32h7xx.o(i.SystemInit)
    TIM1_UP_IRQHandler                       0x08003f01   Thumb Code     6  stm32h7xx_it.o(i.TIM1_UP_IRQHandler)
    TIM2_IRQHandler                          0x08003f0d   Thumb Code     6  stm32h7xx_it.o(i.TIM2_IRQHandler)
    TIM_Base_SetConfig                       0x08003f19   Thumb Code   182  stm32h7xx_hal_tim.o(i.TIM_Base_SetConfig)
    TIM_ETR_SetConfig                        0x08003ff9   Thumb Code    18  stm32h7xx_hal_tim.o(i.TIM_ETR_SetConfig)
    UART_AdvFeatureConfig                    0x08004101   Thumb Code   200  stm32h7xx_hal_uart.o(i.UART_AdvFeatureConfig)
    UART_CheckIdleState                      0x080041c9   Thumb Code   170  stm32h7xx_hal_uart.o(i.UART_CheckIdleState)
    UART_SetConfig                           0x080042c9   Thumb Code   914  stm32h7xx_hal_uart.o(i.UART_SetConfig)
    UART_WaitOnFlagUntilTimeout              0x080046a5   Thumb Code   148  stm32h7xx_hal_uart.o(i.UART_WaitOnFlagUntilTimeout)
    UsageFault_Handler                       0x08004739   Thumb Code     2  stm32h7xx_it.o(i.UsageFault_Handler)
    main                                     0x0800475d   Thumb Code   140  main.o(i.main)
    osDelay                                  0x080047f5   Thumb Code    32  cmsis_os2.o(i.osDelay)
    osKernelInitialize                       0x08004815   Thumb Code    42  cmsis_os2.o(i.osKernelInitialize)
    osKernelStart                            0x08004845   Thumb Code    56  cmsis_os2.o(i.osKernelStart)
    osMutexAcquire                           0x08004885   Thumb Code    80  cmsis_os2.o(i.osMutexAcquire)
    osMutexNew                               0x080048d5   Thumb Code   100  cmsis_os2.o(i.osMutexNew)
    osMutexRelease                           0x08004939   Thumb Code    68  cmsis_os2.o(i.osMutexRelease)
    osThreadFlagsSet                         0x0800497d   Thumb Code   134  cmsis_os2.o(i.osThreadFlagsSet)
    osThreadFlagsWait                        0x08004a09   Thumb Code   150  cmsis_os2.o(i.osThreadFlagsWait)
    osThreadNew                              0x08004a9f   Thumb Code   146  cmsis_os2.o(i.osThreadNew)
    pvPortMalloc                             0x080052c5   Thumb Code   204  heap_4.o(i.pvPortMalloc)
    pvTaskIncrementMutexHeldCount            0x08005395   Thumb Code    18  tasks.o(i.pvTaskIncrementMutexHeldCount)
    pxPortInitialiseStack                    0x080053ad   Thumb Code    42  port.o(i.pxPortInitialiseStack)
    uxListRemove                             0x080053dd   Thumb Code    38  list.o(i.uxListRemove)
    vApplicationGetIdleTaskMemory            0x08005405   Thumb Code    18  cmsis_os2.o(i.vApplicationGetIdleTaskMemory)
    vApplicationGetTimerTaskMemory           0x0800541d   Thumb Code    20  cmsis_os2.o(i.vApplicationGetTimerTaskMemory)
    vListInitialise                          0x08005435   Thumb Code    22  list.o(i.vListInitialise)
    vListInitialiseItem                      0x0800544b   Thumb Code     6  list.o(i.vListInitialiseItem)
    vListInsert                              0x08005451   Thumb Code    48  list.o(i.vListInsert)
    vPortEnterCritical                       0x08005481   Thumb Code    54  port.o(i.vPortEnterCritical)
    vPortExitCritical                        0x080054c1   Thumb Code    34  port.o(i.vPortExitCritical)
    vPortFree                                0x080054e9   Thumb Code    94  heap_4.o(i.vPortFree)
    vPortSetupTimerInterrupt                 0x0800554d   Thumb Code    32  port.o(i.vPortSetupTimerInterrupt)
    vPortValidateInterruptPriority           0x08005571   Thumb Code    74  port.o(i.vPortValidateInterruptPriority)
    vQueueAddToRegistry                      0x080055c5   Thumb Code    74  queue.o(i.vQueueAddToRegistry)
    vQueueWaitForMessageRestricted           0x08005615   Thumb Code    68  queue.o(i.vQueueWaitForMessageRestricted)
    vTaskDelay                               0x08005659   Thumb Code    66  tasks.o(i.vTaskDelay)
    vTaskInternalSetTimeOutState             0x080056a5   Thumb Code    12  tasks.o(i.vTaskInternalSetTimeOutState)
    vTaskMissedYield                         0x080056b5   Thumb Code     8  tasks.o(i.vTaskMissedYield)
    vTaskPlaceOnEventList                    0x080056c1   Thumb Code    44  tasks.o(i.vTaskPlaceOnEventList)
    vTaskPlaceOnEventListRestricted          0x080056f1   Thumb Code    76  tasks.o(i.vTaskPlaceOnEventListRestricted)
    vTaskPriorityDisinheritAfterTimeout      0x08005741   Thumb Code   170  tasks.o(i.vTaskPriorityDisinheritAfterTimeout)
    vTaskStartScheduler                      0x080057f5   Thumb Code   114  tasks.o(i.vTaskStartScheduler)
    vTaskSuspendAll                          0x08005879   Thumb Code    10  tasks.o(i.vTaskSuspendAll)
    vTaskSwitchContext                       0x08005889   Thumb Code    90  tasks.o(i.vTaskSwitchContext)
    xPortStartScheduler                      0x080058ed   Thumb Code   234  port.o(i.xPortStartScheduler)
    xPortSysTickHandler                      0x080059ed   Thumb Code    38  port.o(i.xPortSysTickHandler)
    xQueueCreateMutex                        0x08005a19   Thumb Code    22  queue.o(i.xQueueCreateMutex)
    xQueueCreateMutexStatic                  0x08005a2f   Thumb Code    26  queue.o(i.xQueueCreateMutexStatic)
    xQueueGenericCreate                      0x08005a49   Thumb Code    84  queue.o(i.xQueueGenericCreate)
    xQueueGenericCreateStatic                0x08005a9d   Thumb Code    70  queue.o(i.xQueueGenericCreateStatic)
    xQueueGenericReset                       0x08005ae5   Thumb Code   182  queue.o(i.xQueueGenericReset)
    xQueueGenericSend                        0x08005ba1   Thumb Code   346  queue.o(i.xQueueGenericSend)
    xQueueGiveMutexRecursive                 0x08005d01   Thumb Code    62  queue.o(i.xQueueGiveMutexRecursive)
    xQueueReceive                            0x08005d41   Thumb Code   310  queue.o(i.xQueueReceive)
    xQueueSemaphoreTake                      0x08005e7d   Thumb Code   356  queue.o(i.xQueueSemaphoreTake)
    xQueueTakeMutexRecursive                 0x08005fe5   Thumb Code    60  queue.o(i.xQueueTakeMutexRecursive)
    xTaskCheckForTimeOut                     0x08006021   Thumb Code   112  tasks.o(i.xTaskCheckForTimeOut)
    xTaskCreate                              0x08006095   Thumb Code    96  tasks.o(i.xTaskCreate)
    xTaskCreateStatic                        0x080060f5   Thumb Code   114  tasks.o(i.xTaskCreateStatic)
    xTaskGenericNotify                       0x08006169   Thumb Code   294  tasks.o(i.xTaskGenericNotify)
    xTaskGenericNotifyFromISR                0x0800629d   Thumb Code   348  tasks.o(i.xTaskGenericNotifyFromISR)
    xTaskGenericNotifyWait                   0x08006405   Thumb Code   146  tasks.o(i.xTaskGenericNotifyWait)
    xTaskGetCurrentTaskHandle                0x080064a1   Thumb Code     6  tasks.o(i.xTaskGetCurrentTaskHandle)
    xTaskGetSchedulerState                   0x080064ad   Thumb Code    22  tasks.o(i.xTaskGetSchedulerState)
    xTaskGetTickCount                        0x080064c9   Thumb Code     6  tasks.o(i.xTaskGetTickCount)
    xTaskIncrementTick                       0x080064d5   Thumb Code   294  tasks.o(i.xTaskIncrementTick)
    xTaskPriorityDisinherit                  0x08006605   Thumb Code   158  tasks.o(i.xTaskPriorityDisinherit)
    xTaskPriorityInherit                     0x080066ad   Thumb Code   152  tasks.o(i.xTaskPriorityInherit)
    xTaskRemoveFromEventList                 0x0800674d   Thumb Code   206  tasks.o(i.xTaskRemoveFromEventList)
    xTaskResumeAll                           0x08006829   Thumb Code   304  tasks.o(i.xTaskResumeAll)
    xTimerCreateTimerTask                    0x08006969   Thumb Code    78  timers.o(i.xTimerCreateTimerTask)
    _fp_init                                 0x080069c9   Thumb Code    10  fpinit.o(x$fpl$fpinit)
    __fplib_config_fpu_vfp                   0x080069d1   Thumb Code     0  fpinit.o(x$fpl$fpinit)
    __fplib_config_pureend_doubles           0x080069d1   Thumb Code     0  fpinit.o(x$fpl$fpinit)
    defaultTask_attributes                   0x080069d4   Data          36  freertos.o(.constdata)
    motorPIDTASK_attributes                  0x080069f8   Data          36  freertos.o(.constdata)
    motorCurTask_attributes                  0x08006a1c   Data          36  freertos.o(.constdata)
    motorDataMutex_attributes                0x08006a40   Data          16  freertos.o(.constdata)
    UARTPrescTable                           0x08006aac   Data          24  stm32h7xx_hal_uart.o(.constdata)
    D1CorePrescTable                         0x08006ad4   Data          16  system_stm32h7xx.o(.constdata)
    Region$$Table$$Base                      0x08006b20   Number         0  anon$$obj.o(Region$$Table)
    Region$$Table$$Limit                     0x08006b40   Number         0  anon$$obj.o(Region$$Table)
    motor_pid_count                          0x24000004   Data           4  motor_app.o(.data)
    motor_cur_count                          0x24000008   Data           4  motor_app.o(.data)
    defaultTaskHandle                        0x2400000c   Data           4  freertos.o(.data)
    motorPIDTASKHandle                       0x24000010   Data           4  freertos.o(.data)
    motorCurTaskHandle                       0x24000014   Data           4  freertos.o(.data)
    motorDataMutexHandle                     0x24000018   Data           4  freertos.o(.data)
    uwTickFreq                               0x2400001c   Data           1  stm32h7xx_hal.o(.data)
    uwTickPrio                               0x24000020   Data           4  stm32h7xx_hal.o(.data)
    uwTick                                   0x24000024   Data           4  stm32h7xx_hal.o(.data)
    SystemCoreClock                          0x24000028   Data           4  system_stm32h7xx.o(.data)
    SystemD2Clock                            0x2400002c   Data           4  system_stm32h7xx.o(.data)
    pxCurrentTCB                             0x24000030   Data           4  tasks.o(.data)
    uxTopUsedPriority                        0x24000060   Data           4  tasks.o(.data)
    hfdcan1                                  0x24000848   Data         160  fdcan.o(.bss)
    htim1                                    0x240008e8   Data          76  tim.o(.bss)
    htim2                                    0x24000934   Data          76  tim.o(.bss)
    huart3                                   0x24000980   Data         148  usart.o(.bss)
    xQueueRegistry                           0x24000a14   Data          64  queue.o(.bss)
    __libspace_start                         0x240052e8   Data          96  libspace.o(.bss)
    __temporary_stack_top$libspace           0x24005348   Data           0  libspace.o(.bss)



==============================================================================

Memory Map of the image

  Image Entry point : 0x080002cd

  Load Region LR_IROM1 (Base: 0x08000000, Size: 0x00006bf0, Max: 0x00100000, ABSOLUTE)

    Execution Region ER_IROM1 (Exec base: 0x08000000, Load base: 0x08000000, Size: 0x00006b40, Max: 0x00100000, ABSOLUTE)

    Exec Addr    Load Addr    Size         Type   Attr      Idx    E Section Name        Object

    0x08000000   0x08000000   0x000002cc   Data   RO            3    RESET               startup_stm32h723xx.o
    0x080002cc   0x080002cc   0x00000008   Code   RO         7523  * !!!main             c_w.l(__main.o)
    0x080002d4   0x080002d4   0x00000034   Code   RO         7701    !!!scatter          c_w.l(__scatter.o)
    0x08000308   0x08000308   0x0000001a   Code   RO         7703    !!handler_copy      c_w.l(__scatter_copy.o)
    0x08000322   0x08000322   0x00000002   PAD
    0x08000324   0x08000324   0x0000001c   Code   RO         7705    !!handler_zi        c_w.l(__scatter_zi.o)
    0x08000340   0x08000340   0x00000002   Code   RO         7569    .ARM.Collect$$libinit$$00000000  c_w.l(libinit.o)
    0x08000342   0x08000342   0x00000004   Code   RO         7581    .ARM.Collect$$libinit$$00000001  c_w.l(libinit2.o)
    0x08000346   0x08000346   0x00000000   Code   RO         7584    .ARM.Collect$$libinit$$00000004  c_w.l(libinit2.o)
    0x08000346   0x08000346   0x00000000   Code   RO         7587    .ARM.Collect$$libinit$$0000000A  c_w.l(libinit2.o)
    0x08000346   0x08000346   0x00000000   Code   RO         7589    .ARM.Collect$$libinit$$0000000C  c_w.l(libinit2.o)
    0x08000346   0x08000346   0x00000000   Code   RO         7591    .ARM.Collect$$libinit$$0000000E  c_w.l(libinit2.o)
    0x08000346   0x08000346   0x00000000   Code   RO         7594    .ARM.Collect$$libinit$$00000011  c_w.l(libinit2.o)
    0x08000346   0x08000346   0x00000000   Code   RO         7596    .ARM.Collect$$libinit$$00000013  c_w.l(libinit2.o)
    0x08000346   0x08000346   0x00000000   Code   RO         7598    .ARM.Collect$$libinit$$00000015  c_w.l(libinit2.o)
    0x08000346   0x08000346   0x00000000   Code   RO         7600    .ARM.Collect$$libinit$$00000017  c_w.l(libinit2.o)
    0x08000346   0x08000346   0x00000000   Code   RO         7602    .ARM.Collect$$libinit$$00000019  c_w.l(libinit2.o)
    0x08000346   0x08000346   0x00000000   Code   RO         7604    .ARM.Collect$$libinit$$0000001B  c_w.l(libinit2.o)
    0x08000346   0x08000346   0x00000000   Code   RO         7606    .ARM.Collect$$libinit$$0000001D  c_w.l(libinit2.o)
    0x08000346   0x08000346   0x00000000   Code   RO         7608    .ARM.Collect$$libinit$$0000001F  c_w.l(libinit2.o)
    0x08000346   0x08000346   0x00000000   Code   RO         7610    .ARM.Collect$$libinit$$00000021  c_w.l(libinit2.o)
    0x08000346   0x08000346   0x00000000   Code   RO         7612    .ARM.Collect$$libinit$$00000023  c_w.l(libinit2.o)
    0x08000346   0x08000346   0x00000000   Code   RO         7614    .ARM.Collect$$libinit$$00000025  c_w.l(libinit2.o)
    0x08000346   0x08000346   0x00000000   Code   RO         7618    .ARM.Collect$$libinit$$0000002C  c_w.l(libinit2.o)
    0x08000346   0x08000346   0x00000000   Code   RO         7620    .ARM.Collect$$libinit$$0000002E  c_w.l(libinit2.o)
    0x08000346   0x08000346   0x00000000   Code   RO         7622    .ARM.Collect$$libinit$$00000030  c_w.l(libinit2.o)
    0x08000346   0x08000346   0x00000000   Code   RO         7624    .ARM.Collect$$libinit$$00000032  c_w.l(libinit2.o)
    0x08000346   0x08000346   0x00000002   Code   RO         7625    .ARM.Collect$$libinit$$00000033  c_w.l(libinit2.o)
    0x08000348   0x08000348   0x00000002   Code   RO         7656    .ARM.Collect$$libshutdown$$00000000  c_w.l(libshutdown.o)
    0x0800034a   0x0800034a   0x00000000   Code   RO         7682    .ARM.Collect$$libshutdown$$00000002  c_w.l(libshutdown2.o)
    0x0800034a   0x0800034a   0x00000000   Code   RO         7684    .ARM.Collect$$libshutdown$$00000004  c_w.l(libshutdown2.o)
    0x0800034a   0x0800034a   0x00000000   Code   RO         7686    .ARM.Collect$$libshutdown$$00000006  c_w.l(libshutdown2.o)
    0x0800034a   0x0800034a   0x00000000   Code   RO         7689    .ARM.Collect$$libshutdown$$00000009  c_w.l(libshutdown2.o)
    0x0800034a   0x0800034a   0x00000000   Code   RO         7692    .ARM.Collect$$libshutdown$$0000000C  c_w.l(libshutdown2.o)
    0x0800034a   0x0800034a   0x00000000   Code   RO         7694    .ARM.Collect$$libshutdown$$0000000E  c_w.l(libshutdown2.o)
    0x0800034a   0x0800034a   0x00000000   Code   RO         7697    .ARM.Collect$$libshutdown$$00000011  c_w.l(libshutdown2.o)
    0x0800034a   0x0800034a   0x00000002   Code   RO         7698    .ARM.Collect$$libshutdown$$00000012  c_w.l(libshutdown2.o)
    0x0800034c   0x0800034c   0x00000000   Code   RO         7525    .ARM.Collect$$rtentry$$00000000  c_w.l(__rtentry.o)
    0x0800034c   0x0800034c   0x00000000   Code   RO         7538    .ARM.Collect$$rtentry$$00000002  c_w.l(__rtentry2.o)
    0x0800034c   0x0800034c   0x00000006   Code   RO         7550    .ARM.Collect$$rtentry$$00000004  c_w.l(__rtentry4.o)
    0x08000352   0x08000352   0x00000000   Code   RO         7540    .ARM.Collect$$rtentry$$00000009  c_w.l(__rtentry2.o)
    0x08000352   0x08000352   0x00000004   Code   RO         7541    .ARM.Collect$$rtentry$$0000000A  c_w.l(__rtentry2.o)
    0x08000356   0x08000356   0x00000000   Code   RO         7543    .ARM.Collect$$rtentry$$0000000C  c_w.l(__rtentry2.o)
    0x08000356   0x08000356   0x00000008   Code   RO         7544    .ARM.Collect$$rtentry$$0000000D  c_w.l(__rtentry2.o)
    0x0800035e   0x0800035e   0x00000002   Code   RO         7573    .ARM.Collect$$rtexit$$00000000  c_w.l(rtexit.o)
    0x08000360   0x08000360   0x00000000   Code   RO         7629    .ARM.Collect$$rtexit$$00000002  c_w.l(rtexit2.o)
    0x08000360   0x08000360   0x00000004   Code   RO         7630    .ARM.Collect$$rtexit$$00000003  c_w.l(rtexit2.o)
    0x08000364   0x08000364   0x00000006   Code   RO         7631    .ARM.Collect$$rtexit$$00000004  c_w.l(rtexit2.o)
    0x0800036a   0x0800036a   0x00000002   PAD
    0x0800036c   0x0800036c   0x000000be   Code   RO         7398    .emb_text           port.o
    0x0800042a   0x0800042a   0x00000002   PAD
    0x0800042c   0x0800042c   0x00000048   Code   RO            4    .text               startup_stm32h723xx.o
    0x08000474   0x08000474   0x000000ee   Code   RO         7477    .text               c_w.l(lludivv7m.o)
    0x08000562   0x08000562   0x0000008a   Code   RO         7509    .text               c_w.l(rt_memcpy_v6.o)
    0x080005ec   0x080005ec   0x00000064   Code   RO         7511    .text               c_w.l(rt_memcpy_w.o)
    0x08000650   0x08000650   0x00000010   Code   RO         7515    .text               c_w.l(aeabi_memset.o)
    0x08000660   0x08000660   0x00000044   Code   RO         7517    .text               c_w.l(rt_memclr.o)
    0x080006a4   0x080006a4   0x0000004e   Code   RO         7519    .text               c_w.l(rt_memclr_w.o)
    0x080006f2   0x080006f2   0x00000006   Code   RO         7521    .text               c_w.l(heapauxi.o)
    0x080006f8   0x080006f8   0x0000004a   Code   RO         7556    .text               c_w.l(sys_stackheap_outer.o)
    0x08000742   0x08000742   0x00000012   Code   RO         7558    .text               c_w.l(exit.o)
    0x08000754   0x08000754   0x00000008   Code   RO         7570    .text               c_w.l(libspace.o)
    0x0800075c   0x0800075c   0x0000000c   Code   RO         7626    .text               c_w.l(sys_exit.o)
    0x08000768   0x08000768   0x00000002   Code   RO         7645    .text               c_w.l(use_no_semi.o)
    0x0800076a   0x0800076a   0x00000000   Code   RO         7647    .text               c_w.l(indicate_semi.o)
    0x0800076a   0x0800076a   0x00000002   Code   RO          899    i.BusFault_Handler  stm32h7xx_it.o
    0x0800076c   0x0800076c   0x00000002   Code   RO          900    i.DebugMon_Handler  stm32h7xx_it.o
    0x0800076e   0x0800076e   0x00000004   Code   RO          566    i.Error_Handler     main.o
    0x08000772   0x08000772   0x00000002   PAD
    0x08000774   0x08000774   0x0000001c   Code   RO         5590    i.ExitRun0Mode      system_stm32h7xx.o
    0x08000790   0x08000790   0x000001c8   Code   RO         3415    i.FDCAN_CalculateRamBlockAddresses  stm32h7xx_hal_fdcan.o
    0x08000958   0x08000958   0x0000007c   Code   RO         3416    i.FDCAN_CopyMessageToRAM  stm32h7xx_hal_fdcan.o
    0x080009d4   0x080009d4   0x00000066   Code   RO         3420    i.HAL_FDCAN_AddMessageToTxFifoQ  stm32h7xx_hal_fdcan.o
    0x08000a3a   0x08000a3a   0x0000007e   Code   RO         3425    i.HAL_FDCAN_ConfigFilter  stm32h7xx_hal_fdcan.o
    0x08000ab8   0x08000ab8   0x00000032   Code   RO         3426    i.HAL_FDCAN_ConfigGlobalFilter  stm32h7xx_hal_fdcan.o
    0x08000aea   0x08000aea   0x00000002   PAD
    0x08000aec   0x08000aec   0x000001a0   Code   RO         3459    i.HAL_FDCAN_GetRxMessage  stm32h7xx_hal_fdcan.o
    0x08000c8c   0x08000c8c   0x00000244   Code   RO         3467    i.HAL_FDCAN_Init    stm32h7xx_hal_fdcan.o
    0x08000ed0   0x08000ed0   0x00000036   Code   RO         3469    i.HAL_FDCAN_IsRxBufferMessageAvailable  stm32h7xx_hal_fdcan.o
    0x08000f06   0x08000f06   0x00000002   PAD
    0x08000f08   0x08000f08   0x000000a0   Code   RO          768    i.HAL_FDCAN_MspInit  fdcan.o
    0x08000fa8   0x08000fa8   0x00000032   Code   RO         3479    i.HAL_FDCAN_Start   stm32h7xx_hal_fdcan.o
    0x08000fda   0x08000fda   0x0000001c   Code   RO           15    i.HAL_FDCAN_StdDefault_TxHeaderInit  fdcan_std.o
    0x08000ff6   0x08000ff6   0x0000000a   Code   RO           17    i.HAL_FDCAN_Std_SendMessage  fdcan_std.o
    0x08001000   0x08001000   0x00000224   Code   RO         1627    i.HAL_GPIO_Init     stm32h7xx_hal_gpio.o
    0x08001224   0x08001224   0x0000000c   Code   RO         2492    i.HAL_GetTick       stm32h7xx_hal.o
    0x08001230   0x08001230   0x00000010   Code   RO         2498    i.HAL_IncTick       stm32h7xx_hal.o
    0x08001240   0x08001240   0x0000005c   Code   RO         2499    i.HAL_Init          stm32h7xx_hal.o
    0x0800129c   0x0800129c   0x00000040   Code   RO         2500    i.HAL_InitTick      stm32h7xx_hal.o
    0x080012dc   0x080012dc   0x0000005c   Code   RO         1002    i.HAL_MPU_ConfigRegion  stm32h7xx_hal_cortex.o
    0x08001338   0x08001338   0x0000001c   Code   RO         1003    i.HAL_MPU_Disable   stm32h7xx_hal_cortex.o
    0x08001354   0x08001354   0x00000024   Code   RO         1005    i.HAL_MPU_Enable    stm32h7xx_hal_cortex.o
    0x08001378   0x08001378   0x00000024   Code   RO          977    i.HAL_MspInit       stm32h7xx_hal_msp.o
    0x0800139c   0x0800139c   0x0000001a   Code   RO         1009    i.HAL_NVIC_EnableIRQ  stm32h7xx_hal_cortex.o
    0x080013b6   0x080013b6   0x00000002   PAD
    0x080013b8   0x080013b8   0x00000040   Code   RO         1015    i.HAL_NVIC_SetPriority  stm32h7xx_hal_cortex.o
    0x080013f8   0x080013f8   0x00000024   Code   RO         1016    i.HAL_NVIC_SetPriorityGrouping  stm32h7xx_hal_cortex.o
    0x0800141c   0x0800141c   0x00000054   Code   RO         2228    i.HAL_PWREx_ConfigSupply  stm32h7xx_hal_pwr_ex.o
    0x08001470   0x08001470   0x00000024   Code   RO         1270    i.HAL_RCCEx_GetD3PCLK1Freq  stm32h7xx_hal_rcc_ex.o
    0x08001494   0x08001494   0x00000144   Code   RO         1272    i.HAL_RCCEx_GetPLL2ClockFreq  stm32h7xx_hal_rcc_ex.o
    0x080015d8   0x080015d8   0x00000144   Code   RO         1273    i.HAL_RCCEx_GetPLL3ClockFreq  stm32h7xx_hal_rcc_ex.o
    0x0800171c   0x0800171c   0x0000093a   Code   RO         1279    i.HAL_RCCEx_PeriphCLKConfig  stm32h7xx_hal_rcc_ex.o
    0x08002056   0x08002056   0x00000002   PAD
    0x08002058   0x08002058   0x0000025c   Code   RO         1155    i.HAL_RCC_ClockConfig  stm32h7xx_hal_rcc.o
    0x080022b4   0x080022b4   0x00000044   Code   RO         1160    i.HAL_RCC_GetHCLKFreq  stm32h7xx_hal_rcc.o
    0x080022f8   0x080022f8   0x00000024   Code   RO         1162    i.HAL_RCC_GetPCLK1Freq  stm32h7xx_hal_rcc.o
    0x0800231c   0x0800231c   0x00000024   Code   RO         1163    i.HAL_RCC_GetPCLK2Freq  stm32h7xx_hal_rcc.o
    0x08002340   0x08002340   0x00000138   Code   RO         1164    i.HAL_RCC_GetSysClockFreq  stm32h7xx_hal_rcc.o
    0x08002478   0x08002478   0x00000526   Code   RO         1167    i.HAL_RCC_OscConfig  stm32h7xx_hal_rcc.o
    0x0800299e   0x0800299e   0x00000026   Code   RO         1020    i.HAL_SYSTICK_Config  stm32h7xx_hal_cortex.o
    0x080029c4   0x080029c4   0x00000002   Code   RO         4749    i.HAL_TIMEx_Break2Callback  stm32h7xx_hal_tim_ex.o
    0x080029c6   0x080029c6   0x00000002   Code   RO         4750    i.HAL_TIMEx_BreakCallback  stm32h7xx_hal_tim_ex.o
    0x080029c8   0x080029c8   0x00000002   Code   RO         4751    i.HAL_TIMEx_CommutCallback  stm32h7xx_hal_tim_ex.o
    0x080029ca   0x080029ca   0x00000002   PAD
    0x080029cc   0x080029cc   0x000000b8   Code   RO         4772    i.HAL_TIMEx_MasterConfigSynchronization  stm32h7xx_hal_tim_ex.o
    0x08002a84   0x08002a84   0x00000062   Code   RO         4035    i.HAL_TIM_Base_Init  stm32h7xx_hal_tim.o
    0x08002ae6   0x08002ae6   0x00000002   PAD
    0x08002ae8   0x08002ae8   0x00000064   Code   RO          810    i.HAL_TIM_Base_MspInit  tim.o
    0x08002b4c   0x08002b4c   0x000000a0   Code   RO         4040    i.HAL_TIM_Base_Start_IT  stm32h7xx_hal_tim.o
    0x08002bec   0x08002bec   0x000000fc   Code   RO         4044    i.HAL_TIM_ConfigClockSource  stm32h7xx_hal_tim.o
    0x08002ce8   0x08002ce8   0x00000002   Code   RO         4069    i.HAL_TIM_IC_CaptureCallback  stm32h7xx_hal_tim.o
    0x08002cea   0x08002cea   0x00000148   Code   RO         4083    i.HAL_TIM_IRQHandler  stm32h7xx_hal_tim.o
    0x08002e32   0x08002e32   0x00000002   Code   RO         4086    i.HAL_TIM_OC_DelayElapsedCallback  stm32h7xx_hal_tim.o
    0x08002e34   0x08002e34   0x00000002   Code   RO         4113    i.HAL_TIM_PWM_PulseFinishedCallback  stm32h7xx_hal_tim.o
    0x08002e36   0x08002e36   0x00000002   PAD
    0x08002e38   0x08002e38   0x0000002c   Code   RO          675    i.HAL_TIM_PeriodElapsedCallback  freertos.o
    0x08002e64   0x08002e64   0x00000002   Code   RO         4126    i.HAL_TIM_TriggerCallback  stm32h7xx_hal_tim.o
    0x08002e66   0x08002e66   0x00000040   Code   RO         5472    i.HAL_UARTEx_DisableFifoMode  stm32h7xx_hal_uart_ex.o
    0x08002ea6   0x08002ea6   0x0000004c   Code   RO         5481    i.HAL_UARTEx_SetRxFifoThreshold  stm32h7xx_hal_uart_ex.o
    0x08002ef2   0x08002ef2   0x0000004c   Code   RO         5482    i.HAL_UARTEx_SetTxFifoThreshold  stm32h7xx_hal_uart_ex.o
    0x08002f3e   0x08002f3e   0x0000006a   Code   RO         5081    i.HAL_UART_Init     stm32h7xx_hal_uart.o
    0x08002fa8   0x08002fa8   0x00000088   Code   RO          858    i.HAL_UART_MspInit  usart.o
    0x08003030   0x08003030   0x00000002   Code   RO          901    i.HardFault_Handler  stm32h7xx_it.o
    0x08003032   0x08003032   0x00000026   Code   RO         6823    i.IRQ_Context       cmsis_os2.o
    0x08003058   0x08003058   0x0000001c   Code   RO          182    i.Int16_IIRFilter_Init  iir.o
    0x08003074   0x08003074   0x0000002e   Code   RO          183    i.Int16_IIRFilter_Update  iir.o
    0x080030a2   0x080030a2   0x00000004   Code   RO          215    i.M3508_CAN_CurrentUpdate  m3508_driver.o
    0x080030a6   0x080030a6   0x00000002   PAD
    0x080030a8   0x080030a8   0x000000b0   Code   RO          216    i.M3508_CAN_Init    m3508_driver.o
    0x08003158   0x08003158   0x00000016   Code   RO          217    i.M3508_IIRFilter_SetAlpha  m3508_driver.o
    0x0800316e   0x0800316e   0x00000026   Code   RO          218    i.M3508_Init        m3508_driver.o
    0x08003194   0x08003194   0x00000050   Code   RO          219    i.M3508_PIDMode_Switch  m3508_driver.o
    0x080031e4   0x080031e4   0x00000012   Code   RO          220    i.M3508_PID_SetIntLim  m3508_driver.o
    0x080031f6   0x080031f6   0x00000002   PAD
    0x080031f8   0x080031f8   0x0000014c   Code   RO          221    i.M3508_PID_Update  m3508_driver.o
    0x08003344   0x08003344   0x0000004a   Code   RO          222    i.M3508_PositionPID_Init  m3508_driver.o
    0x0800338e   0x0800338e   0x00000006   Code   RO          223    i.M3508_PositionPID_MotorInit  m3508_driver.o
    0x08003394   0x08003394   0x00000060   Code   RO          224    i.M3508_ReadStatus  m3508_driver.o
    0x080033f4   0x080033f4   0x000000d4   Code   RO          225    i.M3508_SetCurrent  m3508_driver.o
    0x080034c8   0x080034c8   0x00000024   Code   RO          226    i.M3508_SetPositionTarget  m3508_driver.o
    0x080034ec   0x080034ec   0x0000004a   Code   RO          228    i.M3508_SpeedPID_Init  m3508_driver.o
    0x08003536   0x08003536   0x00000006   Code   RO          229    i.M3508_SpeedPID_MotorInit  m3508_driver.o
    0x0800353c   0x0800353c   0x0000006c   Code   RO          769    i.MX_FDCAN1_Init    fdcan.o
    0x080035a8   0x080035a8   0x0000004c   Code   RO          676    i.MX_FREERTOS_Init  freertos.o
    0x080035f4   0x080035f4   0x0000004c   Code   RO          651    i.MX_GPIO_Init      gpio.o
    0x08003640   0x08003640   0x0000006c   Code   RO          811    i.MX_TIM1_Init      tim.o
    0x080036ac   0x080036ac   0x00000068   Code   RO          812    i.MX_TIM2_Init      tim.o
    0x08003714   0x08003714   0x00000068   Code   RO          859    i.MX_USART3_UART_Init  usart.o
    0x0800377c   0x0800377c   0x00000002   Code   RO          902    i.MemManage_Handler  stm32h7xx_it.o
    0x0800377e   0x0800377e   0x00000002   PAD
    0x08003780   0x08003780   0x000000f0   Code   RO          495    i.Motor_AppInit     motor_app.o
    0x08003870   0x08003870   0x00000058   Code   RO          496    i.Motor_CurUpdate   motor_app.o
    0x080038c8   0x080038c8   0x00000044   Code   RO          497    i.Motor_PIDUpdate   motor_app.o
    0x0800390c   0x0800390c   0x00000002   Code   RO          903    i.NMI_Handler       stm32h7xx_it.o
    0x0800390e   0x0800390e   0x0000007c   Code   RO          444    i.PID_Compute       pid.o
    0x0800398a   0x0800398a   0x00000006   Code   RO          445    i.PID_IIRFilter_SetAlpha  pid.o
    0x08003990   0x08003990   0x00000024   Code   RO          446    i.PID_Init          pid.o
    0x080039b4   0x080039b4   0x0000011c   Code   RO          447    i.PID_Loop_Compute  pid.o
    0x08003ad0   0x08003ad0   0x00000006   Code   RO          448    i.PID_SetIntLim     pid.o
    0x08003ad6   0x08003ad6   0x00000002   PAD
    0x08003ad8   0x08003ad8   0x00000120   Code   RO         1282    i.RCCEx_PLL2_Config  stm32h7xx_hal_rcc_ex.o
    0x08003bf8   0x08003bf8   0x00000120   Code   RO         1283    i.RCCEx_PLL3_Config  stm32h7xx_hal_rcc_ex.o
    0x08003d18   0x08003d18   0x00000008   Code   RO          677    i.StartDefaultTask  freertos.o
    0x08003d20   0x08003d20   0x00000028   Code   RO          678    i.StartMotorCurTask  freertos.o
    0x08003d48   0x08003d48   0x00000028   Code   RO          679    i.StartMotorPIDTask  freertos.o
    0x08003d70   0x08003d70   0x0000001e   Code   RO          904    i.SysTick_Handler   stm32h7xx_it.o
    0x08003d8e   0x08003d8e   0x00000002   PAD
    0x08003d90   0x08003d90   0x00000098   Code   RO          567    i.SystemClock_Config  main.o
    0x08003e28   0x08003e28   0x000000d8   Code   RO         5592    i.SystemInit        system_stm32h7xx.o
    0x08003f00   0x08003f00   0x0000000c   Code   RO          905    i.TIM1_UP_IRQHandler  stm32h7xx_it.o
    0x08003f0c   0x08003f0c   0x0000000c   Code   RO          906    i.TIM2_IRQHandler   stm32h7xx_it.o
    0x08003f18   0x08003f18   0x000000e0   Code   RO         4128    i.TIM_Base_SetConfig  stm32h7xx_hal_tim.o
    0x08003ff8   0x08003ff8   0x00000012   Code   RO         4139    i.TIM_ETR_SetConfig  stm32h7xx_hal_tim.o
    0x0800400a   0x0800400a   0x00000002   PAD
    0x0800400c   0x0800400c   0x00000014   Code   RO         4140    i.TIM_ITRx_SetConfig  stm32h7xx_hal_tim.o
    0x08004020   0x08004020   0x0000005c   Code   RO         4148    i.TIM_TI1_ConfigInputStage  stm32h7xx_hal_tim.o
    0x0800407c   0x0800407c   0x00000040   Code   RO         4150    i.TIM_TI2_ConfigInputStage  stm32h7xx_hal_tim.o
    0x080040bc   0x080040bc   0x00000044   Code   RO         5486    i.UARTEx_SetNbDataToProcess  stm32h7xx_hal_uart_ex.o
    0x08004100   0x08004100   0x000000c8   Code   RO         5095    i.UART_AdvFeatureConfig  stm32h7xx_hal_uart.o
    0x080041c8   0x080041c8   0x000000aa   Code   RO         5096    i.UART_CheckIdleState  stm32h7xx_hal_uart.o
    0x08004272   0x08004272   0x00000002   PAD
    0x08004274   0x08004274   0x00000054   Code   RO         5107    i.UART_EndRxTransfer  stm32h7xx_hal_uart.o
    0x080042c8   0x080042c8   0x000003dc   Code   RO         5113    i.UART_SetConfig    stm32h7xx_hal_uart.o
    0x080046a4   0x080046a4   0x00000094   Code   RO         5120    i.UART_WaitOnFlagUntilTimeout  stm32h7xx_hal_uart.o
    0x08004738   0x08004738   0x00000002   Code   RO          907    i.UsageFault_Handler  stm32h7xx_it.o
    0x0800473a   0x0800473a   0x00000022   Code   RO         1022    i.__NVIC_SetPriority  stm32h7xx_hal_cortex.o
    0x0800475c   0x0800475c   0x00000098   Code   RO          568    i.main              main.o
    0x080047f4   0x080047f4   0x00000020   Code   RO         6826    i.osDelay           cmsis_os2.o
    0x08004814   0x08004814   0x00000030   Code   RO         6840    i.osKernelInitialize  cmsis_os2.o
    0x08004844   0x08004844   0x00000040   Code   RO         6843    i.osKernelStart     cmsis_os2.o
    0x08004884   0x08004884   0x00000050   Code   RO         6863    i.osMutexAcquire    cmsis_os2.o
    0x080048d4   0x080048d4   0x00000064   Code   RO         6866    i.osMutexNew        cmsis_os2.o
    0x08004938   0x08004938   0x00000044   Code   RO         6867    i.osMutexRelease    cmsis_os2.o
    0x0800497c   0x0800497c   0x0000008c   Code   RO         6877    i.osThreadFlagsSet  cmsis_os2.o
    0x08004a08   0x08004a08   0x00000096   Code   RO         6878    i.osThreadFlagsWait  cmsis_os2.o
    0x08004a9e   0x08004a9e   0x00000092   Code   RO         6885    i.osThreadNew       cmsis_os2.o
    0x08004b30   0x08004b30   0x00000078   Code   RO         6265    i.prvAddCurrentTaskToDelayedList  tasks.o
    0x08004ba8   0x08004ba8   0x000000f0   Code   RO         6266    i.prvAddNewTaskToReadyList  tasks.o
    0x08004c98   0x08004c98   0x00000058   Code   RO         6636    i.prvCheckForValidListAndQueue  timers.o
    0x08004cf0   0x08004cf0   0x00000026   Code   RO         5838    i.prvCopyDataFromQueue  queue.o
    0x08004d16   0x08004d16   0x0000006c   Code   RO         5839    i.prvCopyDataToQueue  queue.o
    0x08004d82   0x08004d82   0x00000034   Code   RO         6267    i.prvDeleteTCB      tasks.o
    0x08004db6   0x08004db6   0x00000002   PAD
    0x08004db8   0x08004db8   0x00000048   Code   RO         7337    i.prvHeapInit       heap_4.o
    0x08004e00   0x08004e00   0x00000060   Code   RO         6268    i.prvIdleTask       tasks.o
    0x08004e60   0x08004e60   0x00000016   Code   RO         5840    i.prvInitialiseMutex  queue.o
    0x08004e76   0x08004e76   0x00000002   PAD
    0x08004e78   0x08004e78   0x00000022   Code   RO         5841    i.prvInitialiseNewQueue  queue.o
    0x08004e9a   0x08004e9a   0x000000a6   Code   RO         6269    i.prvInitialiseNewTask  tasks.o
    0x08004f40   0x08004f40   0x0000004c   Code   RO         7338    i.prvInsertBlockIntoFreeList  heap_4.o
    0x08004f8c   0x08004f8c   0x0000003c   Code   RO         6638    i.prvInsertTimerInActiveList  timers.o
    0x08004fc8   0x08004fc8   0x0000001c   Code   RO         5842    i.prvIsQueueEmpty   queue.o
    0x08004fe4   0x08004fe4   0x00000040   Code   RO         6639    i.prvProcessExpiredTimer  timers.o
    0x08005024   0x08005024   0x000000f0   Code   RO         6640    i.prvProcessReceivedCommands  timers.o
    0x08005114   0x08005114   0x0000006c   Code   RO         6641    i.prvProcessTimerOrBlockTask  timers.o
    0x08005180   0x08005180   0x00000028   Code   RO         6642    i.prvReloadTimer    timers.o
    0x080051a8   0x080051a8   0x0000001c   Code   RO         6271    i.prvResetNextTaskUnblockTime  tasks.o
    0x080051c4   0x080051c4   0x00000048   Code   RO         6643    i.prvSampleTimeNow  timers.o
    0x0800520c   0x0800520c   0x00000028   Code   RO         7399    i.prvTaskExitError  port.o
    0x08005234   0x08005234   0x00000024   Code   RO         6644    i.prvTimerTask      timers.o
    0x08005258   0x08005258   0x0000006a   Code   RO         5843    i.prvUnlockQueue    queue.o
    0x080052c2   0x080052c2   0x00000002   PAD
    0x080052c4   0x080052c4   0x000000d0   Code   RO         7340    i.pvPortMalloc      heap_4.o
    0x08005394   0x08005394   0x00000018   Code   RO         6274    i.pvTaskIncrementMutexHeldCount  tasks.o
    0x080053ac   0x080053ac   0x00000030   Code   RO         7400    i.pxPortInitialiseStack  port.o
    0x080053dc   0x080053dc   0x00000026   Code   RO         5798    i.uxListRemove      list.o
    0x08005402   0x08005402   0x00000002   PAD
    0x08005404   0x08005404   0x00000018   Code   RO         6897    i.vApplicationGetIdleTaskMemory  cmsis_os2.o
    0x0800541c   0x0800541c   0x00000018   Code   RO         6898    i.vApplicationGetTimerTaskMemory  cmsis_os2.o
    0x08005434   0x08005434   0x00000016   Code   RO         5799    i.vListInitialise   list.o
    0x0800544a   0x0800544a   0x00000006   Code   RO         5800    i.vListInitialiseItem  list.o
    0x08005450   0x08005450   0x00000030   Code   RO         5801    i.vListInsert       list.o
    0x08005480   0x08005480   0x00000040   Code   RO         7402    i.vPortEnterCritical  port.o
    0x080054c0   0x080054c0   0x00000028   Code   RO         7403    i.vPortExitCritical  port.o
    0x080054e8   0x080054e8   0x00000064   Code   RO         7341    i.vPortFree         heap_4.o
    0x0800554c   0x0800554c   0x00000024   Code   RO         7404    i.vPortSetupTimerInterrupt  port.o
    0x08005570   0x08005570   0x00000054   Code   RO         7405    i.vPortValidateInterruptPriority  port.o
    0x080055c4   0x080055c4   0x00000050   Code   RO         5851    i.vQueueAddToRegistry  queue.o
    0x08005614   0x08005614   0x00000044   Code   RO         5855    i.vQueueWaitForMessageRestricted  queue.o
    0x08005658   0x08005658   0x0000004c   Code   RO         6284    i.vTaskDelay        tasks.o
    0x080056a4   0x080056a4   0x00000010   Code   RO         6289    i.vTaskInternalSetTimeOutState  tasks.o
    0x080056b4   0x080056b4   0x0000000c   Code   RO         6290    i.vTaskMissedYield  tasks.o
    0x080056c0   0x080056c0   0x00000030   Code   RO         6291    i.vTaskPlaceOnEventList  tasks.o
    0x080056f0   0x080056f0   0x00000050   Code   RO         6292    i.vTaskPlaceOnEventListRestricted  tasks.o
    0x08005740   0x08005740   0x000000b4   Code   RO         6294    i.vTaskPriorityDisinheritAfterTimeout  tasks.o
    0x080057f4   0x080057f4   0x00000084   Code   RO         6300    i.vTaskStartScheduler  tasks.o
    0x08005878   0x08005878   0x00000010   Code   RO         6302    i.vTaskSuspendAll   tasks.o
    0x08005888   0x08005888   0x00000064   Code   RO         6303    i.vTaskSwitchContext  tasks.o
    0x080058ec   0x080058ec   0x00000100   Code   RO         7406    i.xPortStartScheduler  port.o
    0x080059ec   0x080059ec   0x0000002c   Code   RO         7407    i.xPortSysTickHandler  port.o
    0x08005a18   0x08005a18   0x00000016   Code   RO         5858    i.xQueueCreateMutex  queue.o
    0x08005a2e   0x08005a2e   0x0000001a   Code   RO         5859    i.xQueueCreateMutexStatic  queue.o
    0x08005a48   0x08005a48   0x00000054   Code   RO         5860    i.xQueueGenericCreate  queue.o
    0x08005a9c   0x08005a9c   0x00000046   Code   RO         5861    i.xQueueGenericCreateStatic  queue.o
    0x08005ae2   0x08005ae2   0x00000002   PAD
    0x08005ae4   0x08005ae4   0x000000bc   Code   RO         5863    i.xQueueGenericReset  queue.o
    0x08005ba0   0x08005ba0   0x00000160   Code   RO         5864    i.xQueueGenericSend  queue.o
    0x08005d00   0x08005d00   0x0000003e   Code   RO         5869    i.xQueueGiveMutexRecursive  queue.o
    0x08005d3e   0x08005d3e   0x00000002   PAD
    0x08005d40   0x08005d40   0x0000013c   Code   RO         5874    i.xQueueReceive     queue.o
    0x08005e7c   0x08005e7c   0x00000168   Code   RO         5876    i.xQueueSemaphoreTake  queue.o
    0x08005fe4   0x08005fe4   0x0000003c   Code   RO         5877    i.xQueueTakeMutexRecursive  queue.o
    0x08006020   0x08006020   0x00000074   Code   RO         6305    i.xTaskCheckForTimeOut  tasks.o
    0x08006094   0x08006094   0x00000060   Code   RO         6306    i.xTaskCreate       tasks.o
    0x080060f4   0x080060f4   0x00000072   Code   RO         6307    i.xTaskCreateStatic  tasks.o
    0x08006166   0x08006166   0x00000002   PAD
    0x08006168   0x08006168   0x00000134   Code   RO         6309    i.xTaskGenericNotify  tasks.o
    0x0800629c   0x0800629c   0x00000168   Code   RO         6310    i.xTaskGenericNotifyFromISR  tasks.o
    0x08006404   0x08006404   0x0000009c   Code   RO         6312    i.xTaskGenericNotifyWait  tasks.o
    0x080064a0   0x080064a0   0x0000000c   Code   RO         6313    i.xTaskGetCurrentTaskHandle  tasks.o
    0x080064ac   0x080064ac   0x0000001c   Code   RO         6314    i.xTaskGetSchedulerState  tasks.o
    0x080064c8   0x080064c8   0x0000000c   Code   RO         6316    i.xTaskGetTickCount  tasks.o
    0x080064d4   0x080064d4   0x00000130   Code   RO         6318    i.xTaskIncrementTick  tasks.o
    0x08006604   0x08006604   0x000000a8   Code   RO         6319    i.xTaskPriorityDisinherit  tasks.o
    0x080066ac   0x080066ac   0x000000a0   Code   RO         6320    i.xTaskPriorityInherit  tasks.o
    0x0800674c   0x0800674c   0x000000dc   Code   RO         6321    i.xTaskRemoveFromEventList  tasks.o
    0x08006828   0x08006828   0x00000140   Code   RO         6322    i.xTaskResumeAll    tasks.o
    0x08006968   0x08006968   0x00000060   Code   RO         6653    i.xTimerCreateTimerTask  timers.o
    0x080069c8   0x080069c8   0x0000000a   Code   RO         7641    x$fpl$fpinit        fz_wv.l(fpinit.o)
    0x080069d2   0x080069d2   0x00000002   PAD
    0x080069d4   0x080069d4   0x0000007c   Data   RO          680    .constdata          freertos.o
    0x08006a50   0x08006a50   0x0000005c   Data   RO         3515    .constdata          stm32h7xx_hal_fdcan.o
    0x08006aac   0x08006aac   0x00000018   Data   RO         5121    .constdata          stm32h7xx_hal_uart.o
    0x08006ac4   0x08006ac4   0x00000010   Data   RO         5487    .constdata          stm32h7xx_hal_uart_ex.o
    0x08006ad4   0x08006ad4   0x00000010   Data   RO         5593    .constdata          system_stm32h7xx.o
    0x08006ae4   0x08006ae4   0x0000003b   Data   RO          681    .conststring        freertos.o
    0x08006b1f   0x08006b1f   0x00000001   PAD
    0x08006b20   0x08006b20   0x00000020   Data   RO         7699    Region$$Table       anon$$obj.o


    Execution Region RW_IRAM1 (Exec base: 0x20000000, Load base: 0x08006b40, Size: 0x00000000, Max: 0x00020000, ABSOLUTE)

    **** No section assigned to this execution region ****


    Execution Region RW_IRAM2 (Exec base: 0x24000000, Load base: 0x08006b40, Size: 0x00005948, Max: 0x00050000, ABSOLUTE)

    Exec Addr    Load Addr    Size         Type   Attr      Idx    E Section Name        Object

    0x24000000   0x08006b40   0x0000000c   Data   RW          500    .data               motor_app.o
    0x2400000c   0x08006b4c   0x00000010   Data   RW          682    .data               freertos.o
    0x2400001c   0x08006b5c   0x0000000c   Data   RW         2523    .data               stm32h7xx_hal.o
    0x24000028   0x08006b68   0x00000008   Data   RW         5594    .data               system_stm32h7xx.o
    0x24000030   0x08006b70   0x00000040   Data   RW         6325    .data               tasks.o
    0x24000070   0x08006bb0   0x00000014   Data   RW         6664    .data               timers.o
    0x24000084   0x08006bc4   0x00000004   Data   RW         6900    .data               cmsis_os2.o
    0x24000088   0x08006bc8   0x0000001c   Data   RW         7347    .data               heap_4.o
    0x240000a4   0x08006be4   0x0000000c   Data   RW         7408    .data               port.o
    0x240000b0        -       0x00000798   Zero   RW          499    .bss                motor_app.o
    0x24000848        -       0x000000a0   Zero   RW          770    .bss                fdcan.o
    0x240008e8        -       0x00000098   Zero   RW          813    .bss                tim.o
    0x24000980        -       0x00000094   Zero   RW          860    .bss                usart.o
    0x24000a14        -       0x00000040   Zero   RW         5878    .bss                queue.o
    0x24000a54        -       0x000004c4   Zero   RW         6324    .bss                tasks.o
    0x24000f18        -       0x00000118   Zero   RW         6663    .bss                timers.o
    0x24001030        -       0x000006b8   Zero   RW         6899    .bss                cmsis_os2.o
    0x240016e8        -       0x00003c00   Zero   RW         7346    .bss                heap_4.o
    0x240052e8        -       0x00000060   Zero   RW         7571    .bss                c_w.l(libspace.o)
    0x24005348        -       0x00000200   Zero   RW            2    HEAP                startup_stm32h723xx.o
    0x24005548        -       0x00000400   Zero   RW            1    STACK               startup_stm32h723xx.o


==============================================================================

Image component sizes


      Code (inc. data)   RO Data    RW Data    ZI Data      Debug   Object Name

       914         30          0          4       1720      74883   cmsis_os2.o
         0          0          0          0          0      24132   event_groups.o
       268         22          0          0        160       1911   fdcan.o
        38          0          0          0          0    1231044   fdcan_std.o
       208         38        183         16          0       7306   freertos.o
        76          6          0          0          0        951   gpio.o
       456         22          0         28      15360       5559   heap_4.o
        74          8          0          0          0       1872   iir.o
       114          0          0          0          0       3053   list.o
      1174         54          0          0          0    1083782   m3508_driver.o
       308         18          0          0          0      10632   main.o
       396        102          0         12       1944       2446   motor_app.o
         0          0          0          0          0       6144   mpu_wrappers_v2.o
       456         10          0          0          0       4093   pid.o
       802         84          0         12          0      11681   port.o
      2024         28          0          0         64      23205   queue.o
        72         30        716          0       1536        832   startup_stm32h723xx.o
       184         36          0         12          0      23013   stm32h7xx_hal.o
       354         28          0          0          0      40829   stm32h7xx_hal_cortex.o
      1958         28         92          0          0      11411   stm32h7xx_hal_fdcan.o
       548         46          0          0          0       1644   stm32h7xx_hal_gpio.o
        36          4          0          0          0        922   stm32h7xx_hal_msp.o
        84          6          0          0          0        773   stm32h7xx_hal_pwr_ex.o
      2374        102          0          0          0       7052   stm32h7xx_hal_rcc.o
      3622        112          0          0          0       7721   stm32h7xx_hal_rcc_ex.o
      1264        128          0          0          0      10193   stm32h7xx_hal_tim.o
       190         38          0          0          0       3204   stm32h7xx_hal_tim_ex.o
      1696        122         24          0          0      25546   stm32h7xx_hal_uart.o
       284          6         16          0          0       3749   stm32h7xx_hal_uart_ex.o
        66         12          0          0          0       4138   stm32h7xx_it.o
         0          0          0          0          0        384   stream_buffer.o
       244         38         16          8          0       1937   system_stm32h7xx.o
      3760        250          0         64       1220      38281   tasks.o
       312         24          0          0        152       2479   tim.o
       804         82          0         20        280      33358   timers.o
       240         24          0          0        148       1882   usart.o

    ----------------------------------------------------------------------
     25446       1538       1080        176      22584    2712042   Object Totals
         0          0         32          0          0          0   (incl. Generated)
        46          0          1          0          0          0   (incl. Padding)

    ----------------------------------------------------------------------

      Code (inc. data)   RO Data    RW Data    ZI Data      Debug   Library Member Name

         8          0          0          0          0         68   __main.o
         0          0          0          0          0          0   __rtentry.o
        12          0          0          0          0          0   __rtentry2.o
         6          0          0          0          0          0   __rtentry4.o
        52          8          0          0          0          0   __scatter.o
        26          0          0          0          0          0   __scatter_copy.o
        28          0          0          0          0          0   __scatter_zi.o
        16          0          0          0          0         68   aeabi_memset.o
        18          0          0          0          0         80   exit.o
         6          0          0          0          0        152   heapauxi.o
         0          0          0          0          0          0   indicate_semi.o
         2          0          0          0          0          0   libinit.o
         6          0          0          0          0          0   libinit2.o
         2          0          0          0          0          0   libshutdown.o
         2          0          0          0          0          0   libshutdown2.o
         8          4          0          0         96         68   libspace.o
       238          0          0          0          0        100   lludivv7m.o
        68          0          0          0          0         68   rt_memclr.o
        78          0          0          0          0         80   rt_memclr_w.o
       138          0          0          0          0         68   rt_memcpy_v6.o
       100          0          0          0          0         80   rt_memcpy_w.o
         2          0          0          0          0          0   rtexit.o
        10          0          0          0          0          0   rtexit2.o
        12          4          0          0          0         68   sys_exit.o
        74          0          0          0          0         80   sys_stackheap_outer.o
         2          0          0          0          0         68   use_no_semi.o
        10          0          0          0          0        116   fpinit.o

    ----------------------------------------------------------------------
       930         16          0          0         96       1164   Library Totals
         6          0          0          0          0          0   (incl. Padding)

    ----------------------------------------------------------------------

      Code (inc. data)   RO Data    RW Data    ZI Data      Debug   Library Name

       914         16          0          0         96       1048   c_w.l
        10          0          0          0          0        116   fz_wv.l

    ----------------------------------------------------------------------
       930         16          0          0         96       1164   Library Totals

    ----------------------------------------------------------------------

==============================================================================


      Code (inc. data)   RO Data    RW Data    ZI Data      Debug   

     26376       1554       1080        176      22680    2694038   Grand Totals
     26376       1554       1080        176      22680    2694038   ELF Image Totals
     26376       1554       1080        176          0          0   ROM Totals

==============================================================================

    Total RO  Size (Code + RO Data)                27456 (  26.81kB)
    Total RW  Size (RW Data + ZI Data)             22856 (  22.32kB)
    Total ROM Size (Code + RO Data + RW Data)      27632 (  26.98kB)

==============================================================================

