Archive member included to satisfy reference by file (symbol)

D:/Emb_Sys/stm32_tools/STM32CubeCLT_1.21.0/GNU-tools-for-STM32/bin/../lib/gcc/arm-none-eabi/14.3.1/../../../../arm-none-eabi/lib/thumb/v7e-m+dp/hard\libg_nano.a(libc_a-exit.o)
                              D:/Emb_Sys/stm32_tools/STM32CubeCLT_1.21.0/GNU-tools-for-STM32/bin/../lib/gcc/arm-none-eabi/14.3.1/../../../../arm-none-eabi/lib/thumb/v7e-m+dp/hard/crt0.o (exit)
D:/Emb_Sys/stm32_tools/STM32CubeCLT_1.21.0/GNU-tools-for-STM32/bin/../lib/gcc/arm-none-eabi/14.3.1/../../../../arm-none-eabi/lib/thumb/v7e-m+dp/hard\libg_nano.a(libc_a-findfp.o)
                              D:/Emb_Sys/stm32_tools/STM32CubeCLT_1.21.0/GNU-tools-for-STM32/bin/../lib/gcc/arm-none-eabi/14.3.1/../../../../arm-none-eabi/lib/thumb/v7e-m+dp/hard\libg_nano.a(libc_a-exit.o) (__stdio_exit_handler)
D:/Emb_Sys/stm32_tools/STM32CubeCLT_1.21.0/GNU-tools-for-STM32/bin/../lib/gcc/arm-none-eabi/14.3.1/../../../../arm-none-eabi/lib/thumb/v7e-m+dp/hard\libg_nano.a(libc_a-fwalk.o)
                              D:/Emb_Sys/stm32_tools/STM32CubeCLT_1.21.0/GNU-tools-for-STM32/bin/../lib/gcc/arm-none-eabi/14.3.1/../../../../arm-none-eabi/lib/thumb/v7e-m+dp/hard\libg_nano.a(libc_a-findfp.o) (_fwalk_sglue)
D:/Emb_Sys/stm32_tools/STM32CubeCLT_1.21.0/GNU-tools-for-STM32/bin/../lib/gcc/arm-none-eabi/14.3.1/../../../../arm-none-eabi/lib/thumb/v7e-m+dp/hard\libg_nano.a(libc_a-stdio.o)
                              D:/Emb_Sys/stm32_tools/STM32CubeCLT_1.21.0/GNU-tools-for-STM32/bin/../lib/gcc/arm-none-eabi/14.3.1/../../../../arm-none-eabi/lib/thumb/v7e-m+dp/hard\libg_nano.a(libc_a-findfp.o) (__sread)
D:/Emb_Sys/stm32_tools/STM32CubeCLT_1.21.0/GNU-tools-for-STM32/bin/../lib/gcc/arm-none-eabi/14.3.1/../../../../arm-none-eabi/lib/thumb/v7e-m+dp/hard\libg_nano.a(libc_a-memset.o)
                              D:/Emb_Sys/stm32_tools/STM32CubeCLT_1.21.0/GNU-tools-for-STM32/bin/../lib/gcc/arm-none-eabi/14.3.1/../../../../arm-none-eabi/lib/thumb/v7e-m+dp/hard/crt0.o (memset)
D:/Emb_Sys/stm32_tools/STM32CubeCLT_1.21.0/GNU-tools-for-STM32/bin/../lib/gcc/arm-none-eabi/14.3.1/../../../../arm-none-eabi/lib/thumb/v7e-m+dp/hard\libg_nano.a(libc_a-closer.o)
                              D:/Emb_Sys/stm32_tools/STM32CubeCLT_1.21.0/GNU-tools-for-STM32/bin/../lib/gcc/arm-none-eabi/14.3.1/../../../../arm-none-eabi/lib/thumb/v7e-m+dp/hard\libg_nano.a(libc_a-stdio.o) (_close_r)
D:/Emb_Sys/stm32_tools/STM32CubeCLT_1.21.0/GNU-tools-for-STM32/bin/../lib/gcc/arm-none-eabi/14.3.1/../../../../arm-none-eabi/lib/thumb/v7e-m+dp/hard\libg_nano.a(libc_a-reent.o)
                              D:/Emb_Sys/stm32_tools/STM32CubeCLT_1.21.0/GNU-tools-for-STM32/bin/../lib/gcc/arm-none-eabi/14.3.1/../../../../arm-none-eabi/lib/thumb/v7e-m+dp/hard\libg_nano.a(libc_a-closer.o) (errno)
D:/Emb_Sys/stm32_tools/STM32CubeCLT_1.21.0/GNU-tools-for-STM32/bin/../lib/gcc/arm-none-eabi/14.3.1/../../../../arm-none-eabi/lib/thumb/v7e-m+dp/hard\libg_nano.a(libc_a-impure.o)
                              D:/Emb_Sys/stm32_tools/STM32CubeCLT_1.21.0/GNU-tools-for-STM32/bin/../lib/gcc/arm-none-eabi/14.3.1/../../../../arm-none-eabi/lib/thumb/v7e-m+dp/hard\libg_nano.a(libc_a-reent.o) (_impure_ptr)
D:/Emb_Sys/stm32_tools/STM32CubeCLT_1.21.0/GNU-tools-for-STM32/bin/../lib/gcc/arm-none-eabi/14.3.1/../../../../arm-none-eabi/lib/thumb/v7e-m+dp/hard\libg_nano.a(libc_a-lseekr.o)
                              D:/Emb_Sys/stm32_tools/STM32CubeCLT_1.21.0/GNU-tools-for-STM32/bin/../lib/gcc/arm-none-eabi/14.3.1/../../../../arm-none-eabi/lib/thumb/v7e-m+dp/hard\libg_nano.a(libc_a-stdio.o) (_lseek_r)
D:/Emb_Sys/stm32_tools/STM32CubeCLT_1.21.0/GNU-tools-for-STM32/bin/../lib/gcc/arm-none-eabi/14.3.1/../../../../arm-none-eabi/lib/thumb/v7e-m+dp/hard\libg_nano.a(libc_a-readr.o)
                              D:/Emb_Sys/stm32_tools/STM32CubeCLT_1.21.0/GNU-tools-for-STM32/bin/../lib/gcc/arm-none-eabi/14.3.1/../../../../arm-none-eabi/lib/thumb/v7e-m+dp/hard\libg_nano.a(libc_a-stdio.o) (_read_r)
D:/Emb_Sys/stm32_tools/STM32CubeCLT_1.21.0/GNU-tools-for-STM32/bin/../lib/gcc/arm-none-eabi/14.3.1/../../../../arm-none-eabi/lib/thumb/v7e-m+dp/hard\libg_nano.a(libc_a-writer.o)
                              D:/Emb_Sys/stm32_tools/STM32CubeCLT_1.21.0/GNU-tools-for-STM32/bin/../lib/gcc/arm-none-eabi/14.3.1/../../../../arm-none-eabi/lib/thumb/v7e-m+dp/hard\libg_nano.a(libc_a-stdio.o) (_write_r)
D:/Emb_Sys/stm32_tools/STM32CubeCLT_1.21.0/GNU-tools-for-STM32/bin/../lib/gcc/arm-none-eabi/14.3.1/../../../../arm-none-eabi/lib/thumb/v7e-m+dp/hard\libg_nano.a(libc_a-errno.o)
                              CMakeFiles/lzacantest.dir/Core/Src/sysmem.c.obj (__errno)
D:/Emb_Sys/stm32_tools/STM32CubeCLT_1.21.0/GNU-tools-for-STM32/bin/../lib/gcc/arm-none-eabi/14.3.1/../../../../arm-none-eabi/lib/thumb/v7e-m+dp/hard\libg_nano.a(libc_a-init.o)
[...]
Memory Configuration

Name             Origin             Length             Attributes
DTCMRAM          0x20000000         0x00020000         xrw
RAM_D1           0x24000000         0x00050000         xrw
RAM_D2           0x30000000         0x00008000         xrw
RAM_D3           0x38000000         0x00004000         xrw
ITCMRAM          0x00000000         0x00010000         xrw
FLASH            0x08000000         0x00100000         xr
*default*        0x00000000         0xffffffff

Linker script and memory map

LOAD D:/Emb_Sys/stm32_tools/STM32CubeCLT_1.21.0/GNU-tools-for-STM32/bin/../lib/gcc/arm-none-eabi/14.3.1/thumb/v7e-m+dp/hard/crti.o
LOAD D:/Emb_Sys/stm32_tools/STM32CubeCLT_1.21.0/GNU-tools-for-STM32/bin/../lib/gcc/arm-none-eabi/14.3.1/thumb/v7e-m+dp/hard/crtbegin.o
LOAD D:/Emb_Sys/stm32_tools/STM32CubeCLT_1.21.0/GNU-tools-for-STM32/bin/../lib/gcc/arm-none-eabi/14.3.1/../../../../arm-none-eabi/lib/thumb/v7e-m+dp/hard/crt0.o
LOAD cmake/stm32cubemx/CMakeFiles/STM32_Drivers.dir/__/__/Core/Src/system_stm32h7xx.c.obj
LOAD cmake/stm32cubemx/CMakeFiles/STM32_Drivers.dir/__/__/Drivers/STM32H7xx_HAL_Driver/Src/stm32h7xx_hal_cortex.c.obj
LOAD cmake/stm32cubemx/CMakeFiles/STM32_Drivers.dir/__/__/Drivers/STM32H7xx_HAL_Driver/Src/stm32h7xx_hal_rcc.c.obj
LOAD cmake/stm32cubemx/CMakeFiles/STM32_Drivers.dir/__/__/Drivers/STM32H7xx_HAL_Driver/Src/stm32h7xx_hal_rcc_ex.c.obj
LOAD cmake/stm32cubemx/CMakeFiles/STM32_Drivers.dir/__/__/Drivers/STM32H7xx_HAL_Driver/Src/stm32h7xx_hal_flash.c.obj
LOAD cmake/stm32cubemx/CMakeFiles/STM32_Drivers.dir/__/__/Drivers/STM32H7xx_HAL_Driver/Src/stm32h7xx_hal_flash_ex.c.obj
LOAD cmake/stm32cubemx/CMakeFiles/STM32_Drivers.dir/__/__/Drivers/STM32H7xx_HAL_Driver/Src/stm32h7xx_hal_gpio.c.obj
LOAD cmake/stm32cubemx/CMakeFiles/STM32_Drivers.dir/__/__/Drivers/STM32H7xx_HAL_Driver/Src/stm32h7xx_hal_hsem.c.obj
LOAD cmake/stm32cubemx/CMakeFiles/STM32_Drivers.dir/__/__/Drivers/STM32H7xx_HAL_Driver/Src/stm32h7xx_hal_dma.c.obj
LOAD cmake/stm32cubemx/CMakeFiles/STM32_Drivers.dir/__/__/Drivers/STM32H7xx_HAL_Driver/Src/stm32h7xx_hal_dma_ex.c.obj
LOAD cmake/stm32cubemx/CMakeFiles/STM32_Drivers.dir/__/__/Drivers/STM32H7xx_HAL_Driver/Src/stm32h7xx_hal_mdma.c.obj
LOAD cmake/stm32cubemx/CMakeFiles/STM32_Drivers.dir/__/__/Drivers/STM32H7xx_HAL_Driver/Src/stm32h7xx_hal_pwr.c.obj
LOAD cmake/stm32cubemx/CMakeFiles/STM32_Drivers.dir/__/__/Drivers/STM32H7xx_HAL_Driver/Src/stm32h7xx_hal_pwr_ex.c.obj
LOAD cmake/stm32cubemx/CMakeFiles/STM32_Drivers.dir/__/__/Drivers/STM32H7xx_HAL_Driver/Src/stm32h7xx_hal.c.obj
LOAD cmake/stm32cubemx/CMakeFiles/STM32_Drivers.dir/__/__/Drivers/STM32H7xx_HAL_Driver/Src/stm32h7xx_hal_i2c.c.obj
LOAD cmake/stm32cubemx/CMakeFiles/STM32_Drivers.dir/__/__/Drivers/STM32H7xx_HAL_Driver/Src/stm32h7xx_hal_i2c_ex.c.obj
LOAD cmake/stm32cubemx/CMakeFiles/STM32_Drivers.dir/__/__/Drivers/STM32H7xx_HAL_Driver/Src/stm32h7xx_hal_exti.c.obj
LOAD cmake/stm32cubemx/CMakeFiles/STM32_Drivers.dir/__/__/Drivers/STM32H7xx_HAL_Driver/Src/stm32h7xx_hal_fdcan.c.obj
LOAD cmake/stm32cubemx/CMakeFiles/STM32_Drivers.dir/__/__/Drivers/STM32H7xx_HAL_Driver/Src/stm32h7xx_hal_tim.c.obj
LOAD cmake/stm32cubemx/CMakeFiles/STM32_Drivers.dir/__/__/Drivers/STM32H7xx_HAL_Driver/Src/stm32h7xx_hal_tim_ex.c.obj
LOAD CMakeFiles/lzacantest.dir/Core/Src/main.c.obj
LOAD CMakeFiles/lzacantest.dir/Core/Src/gpio.c.obj
LOAD CMakeFiles/lzacantest.dir/Core/Src/fdcan.c.obj
LOAD CMakeFiles/lzacantest.dir/Core/Src/tim.c.obj
LOAD CMakeFiles/lzacantest.dir/Core/Src/stm32h7xx_it.c.obj
LOAD CMakeFiles/lzacantest.dir/Core/Src/stm32h7xx_hal_msp.c.obj
LOAD CMakeFiles/lzacantest.dir/Core/Src/sysmem.c.obj
LOAD CMakeFiles/lzacantest.dir/Core/Src/syscalls.c.obj
LOAD CMakeFiles/lzacantest.dir/startup_stm32h723xx.s.obj
LOAD D:/Emb_Sys/stm32_tools/STM32CubeCLT_1.21.0/GNU-tools-for-STM32/bin/../lib/gcc/arm-none-eabi/14.3.1/../../../../arm-none-eabi/lib/thumb/v7e-m+dp/hard\libm.a
START GROUP
LOAD D:/Emb_Sys/stm32_tools/STM32CubeCLT_1.21.0/GNU-tools-for-STM32/bin/../lib/gcc/arm-none-eabi/14.3.1/thumb/v7e-m+dp/hard\libgcc.a
LOAD D:/Emb_Sys/stm32_tools/STM32CubeCLT_1.21.0/GNU-tools-for-STM32/bin/../lib/gcc/arm-none-eabi/14.3.1/../../../../arm-none-eabi/lib/thumb/v7e-m+dp/hard\libg_nano.a
LOAD D:/Emb_Sys/stm32_tools/STM32CubeCLT_1.21.0/GNU-tools-for-STM32/bin/../lib/gcc/arm-none-eabi/14.3.1/../../../../arm-none-eabi/lib/thumb/v7e-m+dp/hard\libc_nano.a
END GROUP
START GROUP
LOAD D:/Emb_Sys/stm32_tools/STM32CubeCLT_1.21.0/GNU-tools-for-STM32/bin/../lib/gcc/arm-none-eabi/14.3.1/thumb/v7e-m+dp/hard\libgcc.a
LOAD D:/Emb_Sys/stm32_tools/STM32CubeCLT_1.21.0/GNU-tools-for-STM32/bin/../lib/gcc/arm-none-eabi/14.3.1/../../../../arm-none-eabi/lib/thumb/v7e-m+dp/hard\libc_nano.a
END GROUP
LOAD D:/Emb_Sys/stm32_tools/STM32CubeCLT_1.21.0/GNU-tools-for-STM32/bin/../lib/gcc/arm-none-eabi/14.3.1/thumb/v7e-m+dp/hard/crtend.o
LOAD D:/Emb_Sys/stm32_tools/STM32CubeCLT_1.21.0/GNU-tools-for-STM32/bin/../lib/gcc/arm-none-eabi/14.3.1/thumb/v7e-m+dp/hard/crtn.o
                0x20020000                        _estack = (ORIGIN (DTCMRAM) + LENGTH (DTCMRAM))
                0x2001fc00                        _sstack = (_estack - _Min_Stack_Size)
                0x00000200                        _Min_Heap_Size = 0x200
                0x00000400                        _Min_Stack_Size = 0x400

.isr_vector     0x08000000      0x2cc
                0x08000000                        . = ALIGN (0x4)
 *(.isr_vector)
 .isr_vector    0x08000000      0x2cc CMakeFiles/lzacantest.dir/startup_stm32h723xx.s.obj
                0x08000000                g_pfnVectors
                0x080002cc                        . = ALIGN (0x4)

.text           0x080002cc     0x50dc
                0x080002cc                        . = ALIGN (0x4)
 *(.text)
 .text          0x080002cc       0x40 D:/Emb_Sys/stm32_tools/STM32CubeCLT_1.21.0/GNU-tools-for-STM32/bin/../lib/gcc/arm-none-eabi/14.3.1/thumb/v7e-m+dp/hard/crtbegin.o
 *(.text*)
 .text.SystemInit
                0x0800030c      0x120 cmake/stm32cubemx/CMakeFiles/STM32_Drivers.dir/__/__/Core/Src/system_stm32h7xx.c.obj
                0x0800030c                SystemInit
 .text.ExitRun0Mode
                0x0800042c       0x18 cmake/stm32cubemx/CMakeFiles/STM32_Drivers.dir/__/__/Core/Src/system_stm32h7xx.c.obj
                0x0800042c                ExitRun0Mode
 .text.__NVIC_SetPriorityGrouping
                0x08000444       0x48 cmake/stm32cubemx/CMakeFiles/STM32_Drivers.dir/__/__/Drivers/STM32H7xx_HAL_Driver/Src/stm32h7xx_hal_cortex.c.obj
 .text.__NVIC_GetPriorityGrouping
                0x0800048c       0x1c cmake/stm32cubemx/CMakeFiles/STM32_Drivers.dir/__/__/Drivers/STM32H7xx_HAL_Driver/Src/stm32h7xx_hal_cortex.c.obj
 .text.__NVIC_EnableIRQ
                0x080004a8       0x3c cmake/stm32cubemx/CMakeFiles/STM32_Drivers.dir/__/__/Drivers/STM32H7xx_HAL_Driver/Src/stm32h7xx_hal_cortex.c.obj
 .text.__NVIC_SetPriority
                0x080004e4       0x54 cmake/stm32cubemx/CMakeFiles/STM32_Drivers.dir/__/__/Drivers/STM32H7xx_HAL_Driver/Src/stm32h7xx_hal_cortex.c.obj
 .text.NVIC_EncodePriority
                0x08000538       0x66 cmake/stm32cubemx/CMakeFiles/STM32_Drivers.dir/__/__/Drivers/STM32H7xx_HAL_Driver/Src/stm32h7xx_hal_cortex.c.obj
 *fill*         0x0800059e        0x2 
 .text.SysTick_Config
                0x080005a0       0x44 cmake/stm32cubemx/CMakeFiles/STM32_Drivers.dir/__/__/Drivers/STM32H7xx_HAL_Driver/Src/stm32h7xx_hal_cortex.c.obj
 .text.HAL_NVIC_SetPriorityGrouping
                0x080005e4       0x16 cmake/stm32cubemx/CMakeFiles/STM32_Drivers.dir/__/__/Drivers/STM32H7xx_HAL_Driver/Src/stm32h7xx_hal_cortex.c.obj
                0x080005e4                HAL_NVIC_SetPriorityGrouping
 .text.HAL_NVIC_SetPriority
                0x080005fa       0x34 cmake/stm32cubemx/CMakeFiles/STM32_Drivers.dir/__/__/Drivers/STM32H7xx_HAL_Driver/Src/stm32h7xx_hal_cortex.c.obj
                0x080005fa                HAL_NVIC_SetPriority
 .text.HAL_NVIC_EnableIRQ
                0x0800062e       0x1c cmake/stm32cubemx/CMakeFiles/STM32_Drivers.dir/__/__/Drivers/STM32H7xx_HAL_Driver/Src/stm32h7xx_hal_cortex.c.obj
                0x0800062e                HAL_NVIC_EnableIRQ
 .text.HAL_SYSTICK_Config
                0x0800064a       0x18 cmake/stm32cubemx/CMakeFiles/STM32_Drivers.dir/__/__/Drivers/STM32H7xx_HAL_Driver/Src/stm32h7xx_hal_cortex.c.obj
                0x0800064a                HAL_SYSTICK_Config
 *fill*         0x08000662        0x2 
 .text.HAL_MPU_Disable
                0x08000664       0x30 cmake/stm32cubemx/CMakeFiles/STM32_Drivers.dir/__/__/Drivers/STM32H7xx_HAL_Driver/Src/stm32h7xx_hal_cortex.c.obj
                0x08000664                HAL_MPU_Disable
 .text.HAL_MPU_Enable
                0x08000694       0x40 cmake/stm32cubemx/CMakeFiles/STM32_Drivers.dir/__/__/Drivers/STM32H7xx_HAL_Driver/Src/stm32h7xx_hal_cortex.c.obj
                0x08000694                HAL_MPU_Enable
 .text.HAL_MPU_ConfigRegion
                0x080006d4       0x80 cmake/stm32cubemx/CMakeFiles/STM32_Drivers.dir/__/__/Drivers/STM32H7xx_HAL_Driver/Src/stm32h7xx_hal_cortex.c.obj
                0x080006d4                HAL_MPU_ConfigRegion
 .text.HAL_RCC_OscConfig
                0x08000754      0x7b4 cmake/stm32cubemx/CMakeFiles/STM32_Drivers.dir/__/__/Drivers/STM32H7xx_HAL_Driver/Src/stm32h7xx_hal_rcc.c.obj
                0x08000754                HAL_RCC_OscConfig
 .text.HAL_RCC_ClockConfig
                0x08000f08      0x36c cmake/stm32cubemx/CMakeFiles/STM32_Drivers.dir/__/__/Drivers/STM32H7xx_HAL_Driver/Src/stm32h7xx_hal_rcc.c.obj
                0x08000f08                HAL_RCC_ClockConfig
 .text.HAL_RCC_GetSysClockFreq
                0x08001274      0x2f4 cmake/stm32cubemx/CMakeFiles/STM32_Drivers.dir/__/__/Drivers/STM32H7xx_HAL_Driver/Src/stm32h7xx_hal_rcc.c.obj
                0x08001274                HAL_RCC_GetSysClockFreq
 .text.HAL_RCCEx_PeriphCLKConfig
                0x08001568     0x1340 cmake/stm32cubemx/CMakeFiles/STM32_Drivers.dir/__/__/Drivers/STM32H7xx_HAL_Driver/Src/stm32h7xx_hal_rcc_ex.c.obj
                0x08001568                HAL_RCCEx_PeriphCLKConfig
 .text.RCCEx_PLL2_Config
                0x080028a8      0x164 cmake/stm32cubemx/CMakeFiles/STM32_Drivers.dir/__/__/Drivers/STM32H7xx_HAL_Driver/Src/stm32h7xx_hal_rcc_ex.c.obj
 .text.RCCEx_PLL3_Config
                0x08002a0c      0x164 cmake/stm32cubemx/CMakeFiles/STM32_Drivers.dir/__/__/Drivers/STM32H7xx_HAL_Driver/Src/stm32h7xx_hal_rcc_ex.c.obj
 .text.HAL_GPIO_Init
                0x08002b70      0x364 cmake/stm32cubemx/CMakeFiles/STM32_Drivers.dir/__/__/Drivers/STM32H7xx_HAL_Driver/Src/stm32h7xx_hal_gpio.c.obj
                0x08002b70                HAL_GPIO_Init
 .text.HAL_GPIO_WritePin
                0x08002ed4       0x32 cmake/stm32cubemx/CMakeFiles/STM32_Drivers.dir/__/__/Drivers/STM32H7xx_HAL_Driver/Src/stm32h7xx_hal_gpio.c.obj
                0x08002ed4                HAL_GPIO_WritePin
 *fill*         0x08002f06        0x2 
 .text.HAL_PWREx_ConfigSupply
                0x08002f08       0x74 cmake/stm32cubemx/CMakeFiles/STM32_Drivers.dir/__/__/Drivers/STM32H7xx_HAL_Driver/Src/stm32h7xx_hal_pwr_ex.c.obj
                0x08002f08                HAL_PWREx_ConfigSupply
 .text.HAL_Init
                0x08002f7c       0x78 cmake/stm32cubemx/CMakeFiles/STM32_Drivers.dir/__/__/Drivers/STM32H7xx_HAL_Driver/Src/stm32h7xx_hal.c.obj
                0x08002f7c                HAL_Init
 .text.HAL_InitTick
                0x08002ff4       0x6c cmake/stm32cubemx/CMakeFiles/STM32_Drivers.dir/__/__/Drivers/STM32H7xx_HAL_Driver/Src/stm32h7xx_hal.c.obj
                0x08002ff4                HAL_InitTick
 .text.HAL_IncTick
                0x08003060       0x28 cmake/stm32cubemx/CMakeFiles/STM32_Drivers.dir/__/__/Drivers/STM32H7xx_HAL_Driver/Src/stm32h7xx_hal.c.obj
                0x08003060                HAL_IncTick
 .text.HAL_GetTick
                0x08003088       0x18 cmake/stm32cubemx/CMakeFiles/STM32_Drivers.dir/__/__/Drivers/STM32H7xx_HAL_Driver/Src/stm32h7xx_hal.c.obj
                0x08003088                HAL_GetTick
 .text.HAL_FDCAN_Init
                0x080030a0      0x3bc cmake/stm32cubemx/CMakeFiles/STM32_Drivers.dir/__/__/Drivers/STM32H7xx_HAL_Driver/Src/stm32h7xx_hal_fdcan.c.obj
                0x080030a0                HAL_FDCAN_Init
 .text.HAL_FDCAN_ConfigFilter
                0x0800345c       0xec cmake/stm32cubemx/CMakeFiles/STM32_Drivers.dir/__/__/Drivers/STM32H7xx_HAL_Driver/Src/stm32h7xx_hal_fdcan.c.obj
                0x0800345c                HAL_FDCAN_ConfigFilter
 .text.HAL_FDCAN_Start
                0x08003548       0x56 cmake/stm32cubemx/CMakeFiles/STM32_Drivers.dir/__/__/Drivers/STM32H7xx_HAL_Driver/Src/stm32h7xx_hal_fdcan.c.obj
                0x08003548                HAL_FDCAN_Start
 .text.HAL_FDCAN_AddMessageToTxFifoQ
                0x0800359e       0xb6 cmake/stm32cubemx/CMakeFiles/STM32_Drivers.dir/__/__/Drivers/STM32H7xx_HAL_Driver/Src/stm32h7xx_hal_fdcan.c.obj
                0x0800359e                HAL_FDCAN_AddMessageToTxFifoQ
 .text.HAL_FDCAN_GetRxMessage
                0x08003654      0x2f4 cmake/stm32cubemx/CMakeFiles/STM32_Drivers.dir/__/__/Drivers/STM32H7xx_HAL_Driver/Src/stm32h7xx_hal_fdcan.c.obj
                0x08003654                HAL_FDCAN_GetRxMessage
 .text.HAL_FDCAN_GetRxFifoFillLevel
                0x08003948       0x3c cmake/stm32cubemx/CMakeFiles/STM32_Drivers.dir/__/__/Drivers/STM32H7xx_HAL_Driver/Src/stm32h7xx_hal_fdcan.c.obj
                0x08003948                HAL_FDCAN_GetRxFifoFillLevel
 .text.FDCAN_CalculateRamBlockAddresses
                0x08003984      0x30c cmake/stm32cubemx/CMakeFiles/STM32_Drivers.dir/__/__/Drivers/STM32H7xx_HAL_Driver/Src/stm32h7xx_hal_fdcan.c.obj
 .text.FDCAN_CopyMessageToRAM
                0x08003c90       0xfc cmake/stm32cubemx/CMakeFiles/STM32_Drivers.dir/__/__/Drivers/STM32H7xx_HAL_Driver/Src/stm32h7xx_hal_fdcan.c.obj
 .text.HAL_TIM_Base_Init
                0x08003d8c       0xae cmake/stm32cubemx/CMakeFiles/STM32_Drivers.dir/__/__/Drivers/STM32H7xx_HAL_Driver/Src/stm32h7xx_hal_tim.c.obj
                0x08003d8c                HAL_TIM_Base_Init
 *fill*         0x08003e3a        0x2 
 .text.HAL_TIM_Base_Start_IT
                0x08003e3c      0x10c cmake/stm32cubemx/CMakeFiles/STM32_Drivers.dir/__/__/Drivers/STM32H7xx_HAL_Driver/Src/stm32h7xx_hal_tim.c.obj
                0x08003e3c                HAL_TIM_Base_Start_IT
 .text.HAL_TIM_IRQHandler
                0x08003f48      0x20e cmake/stm32cubemx/CMakeFiles/STM32_Drivers.dir/__/__/Drivers/STM32H7xx_HAL_Driver/Src/stm32h7xx_hal_tim.c.obj
                0x08003f48                HAL_TIM_IRQHandler
 *fill*         0x08004156        0x2 
 .text.HAL_TIM_ConfigClockSource
                0x08004158      0x1f0 cmake/stm32cubemx/CMakeFiles/STM32_Drivers.dir/__/__/Drivers/STM32H7xx_HAL_Driver/Src/stm32h7xx_hal_tim.c.obj
                0x08004158                HAL_TIM_ConfigClockSource
 .text.HAL_TIM_OC_DelayElapsedCallback
                0x08004348       0x14 cmake/stm32cubemx/CMakeFiles/STM32_Drivers.dir/__/__/Drivers/STM32H7xx_HAL_Driver/Src/stm32h7xx_hal_tim.c.obj
                0x08004348                HAL_TIM_OC_DelayElapsedCallback
 .text.HAL_TIM_IC_CaptureCallback
                0x0800435c       0x14 cmake/stm32cubemx/CMakeFiles/STM32_Drivers.dir/__/__/Drivers/STM32H7xx_HAL_Driver/Src/stm32h7xx_hal_tim.c.obj
                0x0800435c                HAL_TIM_IC_CaptureCallback
 .text.HAL_TIM_PWM_PulseFinishedCallback
                0x08004370       0x14 cmake/stm32cubemx/CMakeFiles/STM32_Drivers.dir/__/__/Drivers/STM32H7xx_HAL_Driver/Src/stm32h7xx_hal_tim.c.obj
                0x08004370                HAL_TIM_PWM_PulseFinishedCallback
 .text.HAL_TIM_TriggerCallback
                0x08004384       0x14 cmake/stm32cubemx/CMakeFiles/STM32_Drivers.dir/__/__/Drivers/STM32H7xx_HAL_Driver/Src/stm32h7xx_hal_tim.c.obj
                0x08004384                HAL_TIM_TriggerCallback
 .text.TIM_Base_SetConfig
                0x08004398      0x158 cmake/stm32cubemx/CMakeFiles/STM32_Drivers.dir/__/__/Drivers/STM32H7xx_HAL_Driver/Src/stm32h7xx_hal_tim.c.obj
                0x08004398                TIM_Base_SetConfig
 .text.TIM_TI1_ConfigInputStage
                0x080044f0       0xa8 cmake/stm32cubemx/CMakeFiles/STM32_Drivers.dir/__/__/Drivers/STM32H7xx_HAL_Driver/Src/stm32h7xx_hal_tim.c.obj
 .text.TIM_TI2_ConfigInputStage
                0x08004598       0x84 cmake/stm32cubemx/CMakeFiles/STM32_Drivers.dir/__/__/Drivers/STM32H7xx_HAL_Driver/Src/stm32h7xx_hal_tim.c.obj
 .text.TIM_ITRx_SetConfig
                0x0800461c       0x3c cmake/stm32cubemx/CMakeFiles/STM32_Drivers.dir/__/__/Drivers/STM32H7xx_HAL_Driver/Src/stm32h7xx_hal_tim.c.obj
 .text.TIM_ETR_SetConfig
                0x08004658       0x40 cmake/stm32cubemx/CMakeFiles/STM32_Drivers.dir/__/__/Drivers/STM32H7xx_HAL_Driver/Src/stm32h7xx_hal_tim.c.obj
                0x08004658                TIM_ETR_SetConfig
 .text.HAL_TIMEx_MasterConfigSynchronization
                0x08004698      0x138 cmake/stm32cubemx/CMakeFiles/STM32_Drivers.dir/__/__/Drivers/STM32H7xx_HAL_Driver/Src/stm32h7xx_hal_tim_ex.c.obj
                0x08004698                HAL_TIMEx_MasterConfigSynchronization
 .text.HAL_TIMEx_CommutCallback
                0x080047d0       0x14 cmake/stm32cubemx/CMakeFiles/STM32_Drivers.dir/__/__/Drivers/STM32H7xx_HAL_Driver/Src/stm32h7xx_hal_tim_ex.c.obj
                0x080047d0                HAL_TIMEx_CommutCallback
 .text.HAL_TIMEx_BreakCallback
                0x080047e4       0x14 cmake/stm32cubemx/CMakeFiles/STM32_Drivers.dir/__/__/Drivers/STM32H7xx_HAL_Driver/Src/stm32h7xx_hal_tim_ex.c.obj
                0x080047e4                HAL_TIMEx_BreakCallback
 .text.HAL_TIMEx_Break2Callback
                0x080047f8       0x14 cmake/stm32cubemx/CMakeFiles/STM32_Drivers.dir/__/__/Drivers/STM32H7xx_HAL_Driver/Src/stm32h7xx_hal_tim_ex.c.obj
                0x080047f8                HAL_TIMEx_Break2Callback
 .text.HAL_TIM_PeriodElapsedCallback
                0x0800480c       0x2c CMakeFiles/lzacantest.dir/Core/Src/main.c.obj
                0x0800480c                HAL_TIM_PeriodElapsedCallback
 .text.main     0x08004838      0x254 CMakeFiles/lzacantest.dir/Core/Src/main.c.obj
                0x08004838                main
 .text.SystemClock_Config
                0x08004a8c       0xe0 CMakeFiles/lzacantest.dir/Core/Src/main.c.obj
                0x08004a8c                SystemClock_Config
 .text.PeriphCommonClock_Config
                0x08004b6c       0x5e CMakeFiles/lzacantest.dir/Core/Src/main.c.obj
                0x08004b6c                PeriphCommonClock_Config
 .text.MPU_Config
                0x08004bca       0x58 CMakeFiles/lzacantest.dir/Core/Src/main.c.obj
 .text.Error_Handler
                0x08004c22        0xc CMakeFiles/lzacantest.dir/Core/Src/main.c.obj
                0x08004c22                Error_Handler
 *fill*         0x08004c2e        0x2 
 .text.MX_GPIO_Init
                0x08004c30       0xe8 CMakeFiles/lzacantest.dir/Core/Src/gpio.c.obj
                0x08004c30                MX_GPIO_Init
 .text.MX_FDCAN1_Init
                0x08004d18       0xc8 CMakeFiles/lzacantest.dir/Core/Src/fdcan.c.obj
                0x08004d18                MX_FDCAN1_Init
 .text.MX_FDCAN2_Init
                0x08004de0       0xcc CMakeFiles/lzacantest.dir/Core/Src/fdcan.c.obj
                0x08004de0                MX_FDCAN2_Init
 .text.MX_FDCAN3_Init
                0x08004eac       0xc8 CMakeFiles/lzacantest.dir/Core/Src/fdcan.c.obj
                0x08004eac                MX_FDCAN3_Init
 .text.HAL_FDCAN_MspInit
                0x08004f74      0x1b0 CMakeFiles/lzacantest.dir/Core/Src/fdcan.c.obj
                0x08004f74                HAL_FDCAN_MspInit
 .text.MX_TIM1_Init
                0x08005124       0xa8 CMakeFiles/lzacantest.dir/Core/Src/tim.c.obj
                0x08005124                MX_TIM1_Init
 .text.HAL_TIM_Base_MspInit
                0x080051cc       0x50 CMakeFiles/lzacantest.dir/Core/Src/tim.c.obj
                0x080051cc                HAL_TIM_Base_MspInit
 .text.NMI_Handler
                0x0800521c        0x8 CMakeFiles/lzacantest.dir/Core/Src/stm32h7xx_it.c.obj
                0x0800521c                NMI_Handler
 .text.HardFault_Handler
                0x08005224        0x8 CMakeFiles/lzacantest.dir/Core/Src/stm32h7xx_it.c.obj
                0x08005224                HardFault_Handler
 .text.MemManage_Handler
                0x0800522c        0x8 CMakeFiles/lzacantest.dir/Core/Src/stm32h7xx_it.c.obj
                0x0800522c                MemManage_Handler
 .text.BusFault_Handler
                0x08005234        0x8 CMakeFiles/lzacantest.dir/Core/Src/stm32h7xx_it.c.obj
                0x08005234                BusFault_Handler
 .text.UsageFault_Handler
                0x0800523c        0x8 CMakeFiles/lzacantest.dir/Core/Src/stm32h7xx_it.c.obj
                0x0800523c                UsageFault_Handler
 .text.SVC_Handler
                0x08005244        0xe CMakeFiles/lzacantest.dir/Core/Src/stm32h7xx_it.c.obj
                0x08005244                SVC_Handler
 .text.DebugMon_Handler
                0x08005252        0xe CMakeFiles/lzacantest.dir/Core/Src/stm32h7xx_it.c.obj
                0x08005252                DebugMon_Handler
 .text.PendSV_Handler
                0x08005260        0xe CMakeFiles/lzacantest.dir/Core/Src/stm32h7xx_it.c.obj
                0x08005260                PendSV_Handler
 .text.SysTick_Handler
                0x0800526e        0xc CMakeFiles/lzacantest.dir/Core/Src/stm32h7xx_it.c.obj
                0x0800526e                SysTick_Handler
 *fill*         0x0800527a        0x2 
 .text.TIM1_UP_IRQHandler
                0x0800527c       0x14 CMakeFiles/lzacantest.dir/Core/Src/stm32h7xx_it.c.obj
                0x0800527c                TIM1_UP_IRQHandler
 .text.HAL_MspInit
                0x08005290       0x34 CMakeFiles/lzacantest.dir/Core/Src/stm32h7xx_hal_msp.c.obj
                0x08005290                HAL_MspInit
 .text.Reset_Handler
                0x080052c4       0x54 CMakeFiles/lzacantest.dir/startup_stm32h723xx.s.obj
                0x080052c4                Reset_Handler
 .text.Default_Handler
                0x08005318        0x2 CMakeFiles/lzacantest.dir/startup_stm32h723xx.s.obj
                0x08005318                RTC_Alarm_IRQHandler
                0x08005318                EXTI2_IRQHandler
                0x08005318                TIM8_CC_IRQHandler
                0x08005318                UART8_IRQHandler
                0x08005318                SPI4_IRQHandler
                0x08005318                FDCAN3_IT0_IRQHandler
                0x08005318                TIM1_CC_IRQHandler
                0x08005318                BDMA_Channel6_IRQHandler
                0x08005318                DMA2_Stream5_IRQHandler
                0x08005318                DMA1_Stream5_IRQHandler
                0x08005318                CORDIC_IRQHandler
                0x08005318                BDMA_Channel1_IRQHandler
                0x08005318                TAMP_STAMP_IRQHandler
                0x08005318                EXTI3_IRQHandler
                0x08005318                LPTIM4_IRQHandler
                0x08005318                TIM8_TRG_COM_TIM14_IRQHandler
                0x08005318                LPTIM2_IRQHandler
                0x08005318                DFSDM1_FLT1_IRQHandler
                0x08005318                DMAMUX2_OVR_IRQHandler
                0x08005318                TIM8_UP_TIM13_IRQHandler
                0x08005318                I2C3_ER_IRQHandler
                0x08005318                DFSDM1_FLT2_IRQHandler
                0x08005318                I2C5_EV_IRQHandler
                0x08005318                USART10_IRQHandler
                0x08005318                MDMA_IRQHandler
                0x08005318                LPTIM3_IRQHandler
                0x08005318                HSEM1_IRQHandler
                0x08005318                EXTI0_IRQHandler
                0x08005318                I2C2_EV_IRQHandler
                0x08005318                DMA1_Stream2_IRQHandler
                0x08005318                FPU_IRQHandler
                0x08005318                OTG_HS_WKUP_IRQHandler
                0x08005318                FDCAN1_IT1_IRQHandler
                0x08005318                LTDC_ER_IRQHandler
                0x08005318                DMA2_Stream2_IRQHandler
                0x08005318                SPI1_IRQHandler
                0x08005318                OCTOSPI1_IRQHandler
                0x08005318                TIM6_DAC_IRQHandler
                0x08005318                DMA2_Stream3_IRQHandler
                0x08005318                OCTOSPI2_IRQHandler
                0x08005318                DFSDM1_FLT3_IRQHandler
                0x08005318                TIM23_IRQHandler
                0x08005318                USART6_IRQHandler
                0x08005318                TIM17_IRQHandler
                0x08005318                USART3_IRQHandler
                0x08005318                BDMA_Channel7_IRQHandler
                0x08005318                LPTIM5_IRQHandler
                0x08005318                UART5_IRQHandler
                0x08005318                ADC3_IRQHandler
                0x08005318                DMA2_Stream0_IRQHandler
                0x08005318                TIM4_IRQHandler
                0x08005318                BDMA_Channel2_IRQHandler
                0x08005318                I2C1_EV_IRQHandler
                0x08005318                DMA1_Stream6_IRQHandler
                0x08005318                DMAMUX1_OVR_IRQHandler
                0x08005318                DMA1_Stream1_IRQHandler
                0x08005318                TIM16_IRQHandler
                0x08005318                UART4_IRQHandler
                0x08005318                BDMA_Channel5_IRQHandler
                0x08005318                TIM3_IRQHandler
                0x08005318                RCC_IRQHandler
                0x08005318                UART9_IRQHandler
                0x08005318                TIM8_BRK_TIM12_IRQHandler
                0x08005318                TIM1_TRG_COM_IRQHandler
                0x08005318                Default_Handler
                0x08005318                ECC_IRQHandler
                0x08005318                FMAC_IRQHandler
                0x08005318                CEC_IRQHandler
                0x08005318                EXTI15_10_IRQHandler
                0x08005318                BDMA_Channel0_IRQHandler
                0x08005318                ADC_IRQHandler
                0x08005318                I2C5_ER_IRQHandler
                0x08005318                DMA1_Stream7_IRQHandler
                0x08005318                SPI5_IRQHandler
                0x08005318                TIM7_IRQHandler
                0x08005318                FDCAN3_IT1_IRQHandler
                0x08005318                SDMMC1_IRQHandler
                0x08005318                TIM5_IRQHandler
                0x08005318                DMA2_Stream7_IRQHandler
                0x08005318                TIM15_IRQHandler
                0x08005318                PVD_AVD_IRQHandler
                0x08005318                I2C3_EV_IRQHandler
                0x08005318                EXTI9_5_IRQHandler
                0x08005318                RTC_WKUP_IRQHandler
                0x08005318                LTDC_IRQHandler
                0x08005318                ETH_WKUP_IRQHandler
                0x08005318                SPDIF_RX_IRQHandler
                0x08005318                SPI2_IRQHandler
                0x08005318                OTG_HS_EP1_IN_IRQHandler
                0x08005318                DMA1_Stream0_IRQHandler
                0x08005318                TIM24_IRQHandler
                0x08005318                CRS_IRQHandler
                0x08005318                EXTI4_IRQHandler
                0x08005318                RNG_IRQHandler
                0x08005318                FDCAN2_IT1_IRQHandler
                0x08005318                ETH_IRQHandler
                0x08005318                BDMA_Channel4_IRQHandler
                0x08005318                OTG_HS_EP1_OUT_IRQHandler
                0x08005318                WWDG_IRQHandler
                0x08005318                SPI6_IRQHandler
                0x08005318                MDIOS_IRQHandler
                0x08005318                I2C4_EV_IRQHandler
                0x08005318                FDCAN2_IT0_IRQHandler
                0x08005318                LPUART1_IRQHandler
                0x08005318                FDCAN1_IT0_IRQHandler
                0x08005318                TIM2_IRQHandler
                0x08005318                OTG_HS_IRQHandler
                0x08005318                DMA2D_IRQHandler
                0x08005318                TIM1_BRK_IRQHandler
                0x08005318                EXTI1_IRQHandler
                0x08005318                SDMMC2_IRQHandler
                0x08005318                BDMA_Channel3_IRQHandler
                0x08005318                DTS_IRQHandler
                0x08005318                UART7_IRQHandler
                0x08005318                MDIOS_WKUP_IRQHandler
                0x08005318                USART2_IRQHandler
                0x08005318                DFSDM1_FLT0_IRQHandler
                0x08005318                SAI4_IRQHandler
                0x08005318                I2C2_ER_IRQHandler
                0x08005318                DMA2_Stream1_IRQHandler
                0x08005318                FLASH_IRQHandler
                0x08005318                DMA2_Stream4_IRQHandler
                0x08005318                USART1_IRQHandler
                0x08005318                SPI3_IRQHandler
                0x08005318                WAKEUP_PIN_IRQHandler
                0x08005318                DMA1_Stream4_IRQHandler
                0x08005318                I2C1_ER_IRQHandler
                0x08005318                FMC_IRQHandler
                0x08005318                FDCAN_CAL_IRQHandler
                0x08005318                SWPMI1_IRQHandler
                0x08005318                COMP1_IRQHandler
                0x08005318                LPTIM1_IRQHandler
                0x08005318                DCMI_PSSI_IRQHandler
                0x08005318                I2C4_ER_IRQHandler
                0x08005318                DMA2_Stream6_IRQHandler
                0x08005318                SAI1_IRQHandler
                0x08005318                DMA1_Stream3_IRQHandler
 .text.memset   0x0800531a       0x10 D:/Emb_Sys/stm32_tools/STM32CubeCLT_1.21.0/GNU-tools-for-STM32/bin/../lib/gcc/arm-none-eabi/14.3.1/../../../../arm-none-eabi/lib/thumb/v7e-m+dp/hard\libg_nano.a(libc_a-memset.o)
                0x0800531a                memset
 *fill*         0x0800532a        0x2 
 .text.__libc_init_array
                0x0800532c       0x48 D:/Emb_Sys/stm32_tools/STM32CubeCLT_1.21.0/GNU-tools-for-STM32/bin/../lib/gcc/arm-none-eabi/14.3.1/../../../../arm-none-eabi/lib/thumb/v7e-m+dp/hard\libg_nano.a(libc_a-init.o)
                0x0800532c                __libc_init_array
 .text.memcpy   0x08005374       0x1c D:/Emb_Sys/stm32_tools/STM32CubeCLT_1.21.0/GNU-tools-for-STM32/bin/../lib/gcc/arm-none-eabi/14.3.1/../../../../arm-none-eabi/lib/thumb/v7e-m+dp/hard\libg_nano.a(libc_a-memcpy-stub.o)
                0x08005374                memcpy
 *(.glue_7)
 .glue_7        0x08005390        0x0 linker stubs
 *(.glue_7t)
 .glue_7t       0x08005390        0x0 linker stubs
 *(.eh_frame)
 .eh_frame      0x08005390        0x0 D:/Emb_Sys/stm32_tools/STM32CubeCLT_1.21.0/GNU-tools-for-STM32/bin/../lib/gcc/arm-none-eabi/14.3.1/thumb/v7e-m+dp/hard/crtbegin.o
 *(.init)
 .init          0x08005390        0x4 D:/Emb_Sys/stm32_tools/STM32CubeCLT_1.21.0/GNU-tools-for-STM32/bin/../lib/gcc/arm-none-eabi/14.3.1/thumb/v7e-m+dp/hard/crti.o
                0x08005390                _init
 .init          0x08005394        0x8 D:/Emb_Sys/stm32_tools/STM32CubeCLT_1.21.0/GNU-tools-for-STM32/bin/../lib/gcc/arm-none-eabi/14.3.1/thumb/v7e-m+dp/hard/crtn.o
 *(.fini)
 .fini          0x0800539c        0x4 D:/Emb_Sys/stm32_tools/STM32CubeCLT_1.21.0/GNU-tools-for-STM32/bin/../lib/gcc/arm-none-eabi/14.3.1/thumb/v7e-m+dp/hard/crti.o
                0x0800539c                _fini
 .fini          0x080053a0        0x8 D:/Emb_Sys/stm32_tools/STM32CubeCLT_1.21.0/GNU-tools-for-STM32/bin/../lib/gcc/arm-none-eabi/14.3.1/thumb/v7e-m+dp/hard/crtn.o
                0x080053a8                        . = ALIGN (0x4)
                0x080053a8                        _etext = .

.vfp11_veneer   0x080053a8        0x0
 .vfp11_veneer  0x080053a8        0x0 linker stubs

.v4_bx          0x080053a8        0x0
 .v4_bx         0x080053a8        0x0 linker stubs

.iplt           0x080053a8        0x0
 .iplt          0x080053a8        0x0 D:/Emb_Sys/stm32_tools/STM32CubeCLT_1.21.0/GNU-tools-for-STM32/bin/../lib/gcc/arm-none-eabi/14.3.1/thumb/v7e-m+dp/hard/crtbegin.o

.rodata         0x080053a8       0x6c
                0x080053a8                        . = ALIGN (0x4)
 *(.rodata)
 .rodata        0x080053a8       0x4c cmake/stm32cubemx/CMakeFiles/STM32_Drivers.dir/__/__/Drivers/STM32H7xx_HAL_Driver/Src/stm32h7xx_hal_fdcan.c.obj
 *(.rodata*)
 .rodata.D1CorePrescTable
                0x080053f4       0x10 cmake/stm32cubemx/CMakeFiles/STM32_Drivers.dir/__/__/Core/Src/system_stm32h7xx.c.obj
                0x080053f4                D1CorePrescTable
 .rodata.DLCtoBytes
                0x08005404       0x10 cmake/stm32cubemx/CMakeFiles/STM32_Drivers.dir/__/__/Drivers/STM32H7xx_HAL_Driver/Src/stm32h7xx_hal_fdcan.c.obj
                0x08005414                        . = ALIGN (0x4)

.ARM.extab      0x08005414        0x0
                0x08005414                        . = ALIGN (0x4)
 *(.ARM.extab* .gnu.linkonce.armextab.*)
                0x08005414                        . = ALIGN (0x4)

.ARM            0x08005414        0x0
                0x08005414                        . = ALIGN (0x4)
                0x08005414                        __exidx_start = .
 *(.ARM.exidx*)
                0x08005414                        __exidx_end = .
                0x08005414                        . = ALIGN (0x4)

.preinit_array  0x08005414        0x0
                0x08005414                        . = ALIGN (0x4)
                0x08005414                        PROVIDE (__preinit_array_start = .)
 *(.preinit_array*)
                0x08005414                        PROVIDE (__preinit_array_end = .)
                0x08005414                        . = ALIGN (0x4)

.init_array     0x08005414        0x4
                0x08005414                        . = ALIGN (0x4)
                0x08005414                        PROVIDE (__init_array_start = .)
 *(SORT_BY_NAME(.init_array.*))
 *(.init_array*)
 .init_array    0x08005414        0x4 D:/Emb_Sys/stm32_tools/STM32CubeCLT_1.21.0/GNU-tools-for-STM32/bin/../lib/gcc/arm-none-eabi/14.3.1/thumb/v7e-m+dp/hard/crtbegin.o
                0x08005418                        PROVIDE (__init_array_end = .)
                0x08005418                        . = ALIGN (0x4)

.fini_array     0x08005418        0x4
                0x08005418                        . = ALIGN (0x4)
                [!provide]                        PROVIDE (__fini_array_start = .)
 *(SORT_BY_NAME(.fini_array.*))
 *(.fini_array*)
 .fini_array    0x08005418        0x4 D:/Emb_Sys/stm32_tools/STM32CubeCLT_1.21.0/GNU-tools-for-STM32/bin/../lib/gcc/arm-none-eabi/14.3.1/thumb/v7e-m+dp/hard/crtbegin.o
                [!provide]                        PROVIDE (__fini_array_end = .)
                0x0800541c                        . = ALIGN (0x4)
                0x0800541c                        _sidata = LOADADDR (.data)

.rel.dyn        0x0800541c        0x0
 .rel.iplt      0x0800541c        0x0 D:/Emb_Sys/stm32_tools/STM32CubeCLT_1.21.0/GNU-tools-for-STM32/bin/../lib/gcc/arm-none-eabi/14.3.1/thumb/v7e-m+dp/hard/crtbegin.o

.data           0x20000000       0x10 load address 0x0800541c
                0x20000000                        . = ALIGN (0x4)
                0x20000000                        _sdata = .
 *(.data)
 *(.data*)
 .data.SystemCoreClock
                0x20000000        0x4 cmake/stm32cubemx/CMakeFiles/STM32_Drivers.dir/__/__/Core/Src/system_stm32h7xx.c.obj
                0x20000000                SystemCoreClock
 .data.SystemD2Clock
                0x20000004        0x4 cmake/stm32cubemx/CMakeFiles/STM32_Drivers.dir/__/__/Core/Src/system_stm32h7xx.c.obj
                0x20000004                SystemD2Clock
 .data.uwTickPrio
                0x20000008        0x4 cmake/stm32cubemx/CMakeFiles/STM32_Drivers.dir/__/__/Drivers/STM32H7xx_HAL_Driver/Src/stm32h7xx_hal.c.obj
                0x20000008                uwTickPrio
 .data.uwTickFreq
                0x2000000c        0x1 cmake/stm32cubemx/CMakeFiles/STM32_Drivers.dir/__/__/Drivers/STM32H7xx_HAL_Driver/Src/stm32h7xx_hal.c.obj
                0x2000000c                uwTickFreq
 *(.RamFunc)
 *(.RamFunc*)
                0x20000010                        . = ALIGN (0x4)
 *fill*         0x2000000d        0x3 

.igot.plt       0x20000010        0x0 load address 0x0800542c
 .igot.plt      0x20000010        0x0 D:/Emb_Sys/stm32_tools/STM32CubeCLT_1.21.0/GNU-tools-for-STM32/bin/../lib/gcc/arm-none-eabi/14.3.1/thumb/v7e-m+dp/hard/crtbegin.o

.tdata          0x20000010        0x0 load address 0x0800542c
 *(.tdata .tdata.* .gnu.linkonce.td.*)
                0x20000010                        . = ALIGN (0x4)
                0x20000010                        _edata = .
                [!provide]                        PROVIDE (__data_end = .)
                [!provide]                        PROVIDE (__tdata_end = .)
                [!provide]                        PROVIDE (__tdata_start = ADDR (.tdata))
                [!provide]                        PROVIDE (__tdata_size = (__tdata_end - __tdata_start))
                [!provide]                        PROVIDE (__data_start = ADDR (.data))
                [!provide]                        PROVIDE (__data_size = (__data_end - __data_start))
                [!provide]                        PROVIDE (__tdata_source = LOADADDR (.tdata))
                [!provide]                        PROVIDE (__tdata_source_end = (LOADADDR (.tdata) + SIZEOF (.tdata)))
                [!provide]                        PROVIDE (__tdata_source_size = (__tdata_source_end - __tdata_source))
                [!provide]                        PROVIDE (__data_source = LOADADDR (.data))
                [!provide]                        PROVIDE (__data_source_end = __tdata_source_end)
                [!provide]                        PROVIDE (__data_source_size = (__data_source_end - __data_source))

.tbss           0x20000010        0x0 load address 0x0800542c
                0x20000010                        _sbss = .
                0x20000010                        __bss_start__ = _sbss
 *(.tbss .tbss.*)
                0x20000010                        . = ALIGN (0x4)
                [!provide]                        PROVIDE (__tbss_end = .)
                [!provide]                        PROVIDE (__tbss_start = ADDR (.tbss))
                [!provide]                        PROVIDE (__tbss_size = (__tbss_end - __tbss_start))
                [!provide]                        PROVIDE (__tbss_offset = (ADDR (.tbss) - ADDR (.tdata)))
                [!provide]                        PROVIDE (__tls_base = __tdata_start)
                [!provide]                        PROVIDE (__tls_end = __tbss_end)
                [!provide]                        PROVIDE (__tls_size = (__tls_end - __tls_base))
                [!provide]                        PROVIDE (__tls_align = MAX (ALIGNOF (.tdata), ALIGNOF (.tbss)))
                [!provide]                        PROVIDE (__tls_size_align = (((__tls_size + __tls_align) - 0x1) & ~ ((__tls_align - 0x1))))
                [!provide]                        PROVIDE (__arm32_tls_tcb_offset = MAX (0x8, __tls_align))
                [!provide]                        PROVIDE (__arm64_tls_tcb_offset = MAX (0x10, __tls_align))

.bss            0x20000010      0x31c load address 0x0800542c
 *(.bss)
 .bss           0x20000010       0x1c D:/Emb_Sys/stm32_tools/STM32CubeCLT_1.21.0/GNU-tools-for-STM32/bin/../lib/gcc/arm-none-eabi/14.3.1/thumb/v7e-m+dp/hard/crtbegin.o
 *(.bss*)
 .bss.uwTick    0x2000002c        0x4 cmake/stm32cubemx/CMakeFiles/STM32_Drivers.dir/__/__/Drivers/STM32H7xx_HAL_Driver/Src/stm32h7xx_hal.c.obj
                0x2000002c                uwTick
 .bss.can_loop_flag
                0x20000030        0x1 CMakeFiles/lzacantest.dir/Core/Src/main.c.obj
                0x20000030                can_loop_flag
 *fill*         0x20000031        0x3 
 .bss.TxHeader1
                0x20000034       0x24 CMakeFiles/lzacantest.dir/Core/Src/main.c.obj
                0x20000034                TxHeader1
 .bss.RxHeader2
                0x20000058       0x28 CMakeFiles/lzacantest.dir/Core/Src/main.c.obj
                0x20000058                RxHeader2
 .bss.TxData1   0x20000080        0x8 CMakeFiles/lzacantest.dir/Core/Src/main.c.obj
                0x20000080                TxData1
 .bss.RxData2   0x20000088        0x8 CMakeFiles/lzacantest.dir/Core/Src/main.c.obj
                0x20000088                RxData2
 .bss.TxHeader3
                0x20000090       0x24 CMakeFiles/lzacantest.dir/Core/Src/main.c.obj
                0x20000090                TxHeader3
 .bss.RxHeader3
                0x200000b4       0x28 CMakeFiles/lzacantest.dir/Core/Src/main.c.obj
                0x200000b4                RxHeader3
 .bss.TxData3   0x200000dc        0x8 CMakeFiles/lzacantest.dir/Core/Src/main.c.obj
                0x200000dc                TxData3
 .bss.RxData3   0x200000e4        0x8 CMakeFiles/lzacantest.dir/Core/Src/main.c.obj
                0x200000e4                RxData3
 .bss.tx_count1.3
                0x200000ec        0x4 CMakeFiles/lzacantest.dir/Core/Src/main.c.obj
 .bss.rx_count2.2
                0x200000f0        0x4 CMakeFiles/lzacantest.dir/Core/Src/main.c.obj
 .bss.tx_count3.1
                0x200000f4        0x4 CMakeFiles/lzacantest.dir/Core/Src/main.c.obj
 .bss.rx_count3.0
                0x200000f8        0x4 CMakeFiles/lzacantest.dir/Core/Src/main.c.obj
 .bss.hfdcan1   0x200000fc       0xa0 CMakeFiles/lzacantest.dir/Core/Src/fdcan.c.obj
                0x200000fc                hfdcan1
 .bss.hfdcan2   0x2000019c       0xa0 CMakeFiles/lzacantest.dir/Core/Src/fdcan.c.obj
                0x2000019c                hfdcan2
 .bss.hfdcan3   0x2000023c       0xa0 CMakeFiles/lzacantest.dir/Core/Src/fdcan.c.obj
                0x2000023c                hfdcan3
 .bss.HAL_RCC_FDCAN_CLK_ENABLED
                0x200002dc        0x4 CMakeFiles/lzacantest.dir/Core/Src/fdcan.c.obj
 .bss.htim1     0x200002e0       0x4c CMakeFiles/lzacantest.dir/Core/Src/tim.c.obj
                0x200002e0                htim1
 *(COMMON)
                0x2000032c                        . = ALIGN (0x4)
                0x2000032c                        _ebss = .
                0x2000032c                        __bss_end__ = _ebss
                [!provide]                        PROVIDE (__bss_end = .)
                [!provide]                        PROVIDE (__non_tls_bss_start = ADDR (.bss))
                [!provide]                        PROVIDE (__bss_start = __tbss_start)
                [!provide]                        PROVIDE (__bss_size = (__bss_end - __bss_start))

._user_heap_stack
                0x2000032c      0x604 load address 0x0800542c
                0x20000330                        . = ALIGN (0x8)
 *fill*         0x2000032c        0x4 
                [!provide]                        PROVIDE (end = .)
                0x20000330                        PROVIDE (_end = .)
                0x20000530                        . = (. + _Min_Heap_Size)
 *fill*         0x20000330      0x200 
                0x20000930                        . = (. + _Min_Stack_Size)
 *fill*         0x20000530      0x400 
                0x20000930                        . = ALIGN (0x8)

/DISCARD/
 libc.a:*(*)
 libm.a:*(*)
 libgcc.a:*(*)
OUTPUT(lzacantest.elf elf32-littlearm)
LOAD linker stubs

.ARM.attributes
                0x00000000       0x2e
 .ARM.attributes
                0x00000000       0x20 D:/Emb_Sys/stm32_tools/STM32CubeCLT_1.21.0/GNU-tools-for-STM32/bin/../lib/gcc/arm-none-eabi/14.3.1/thumb/v7e-m+dp/hard/crti.o
 .ARM.attributes
                0x00000020       0x32 D:/Emb_Sys/stm32_tools/STM32CubeCLT_1.21.0/GNU-tools-for-STM32/bin/../lib/gcc/arm-none-eabi/14.3.1/thumb/v7e-m+dp/hard/crtbegin.o
 .ARM.attributes
                0x00000052       0x32 cmake/stm32cubemx/CMakeFiles/STM32_Drivers.dir/__/__/Core/Src/system_stm32h7xx.c.obj
 .ARM.attributes
                0x00000084       0x32 cmake/stm32cubemx/CMakeFiles/STM32_Drivers.dir/__/__/Drivers/STM32H7xx_HAL_Driver/Src/stm32h7xx_hal_cortex.c.obj
 .ARM.attributes
                0x000000b6       0x32 cmake/stm32cubemx/CMakeFiles/STM32_Drivers.dir/__/__/Drivers/STM32H7xx_HAL_Driver/Src/stm32h7xx_hal_rcc.c.obj
 .ARM.attributes
                0x000000e8       0x32 cmake/stm32cubemx/CMakeFiles/STM32_Drivers.dir/__/__/Drivers/STM32H7xx_HAL_Driver/Src/stm32h7xx_hal_rcc_ex.c.obj
 .ARM.attributes
                0x0000011a       0x32 cmake/stm32cubemx/CMakeFiles/STM32_Drivers.dir/__/__/Drivers/STM32H7xx_HAL_Driver/Src/stm32h7xx_hal_gpio.c.obj
 .ARM.attributes
                0x0000014c       0x32 cmake/stm32cubemx/CMakeFiles/STM32_Drivers.dir/__/__/Drivers/STM32H7xx_HAL_Driver/Src/stm32h7xx_hal_pwr_ex.c.obj
 .ARM.attributes
                0x0000017e       0x32 cmake/stm32cubemx/CMakeFiles/STM32_Drivers.dir/__/__/Drivers/STM32H7xx_HAL_Driver/Src/stm32h7xx_hal.c.obj
 .ARM.attributes
                0x000001b0       0x32 cmake/stm32cubemx/CMakeFiles/STM32_Drivers.dir/__/__/Drivers/STM32H7xx_HAL_Driver/Src/stm32h7xx_hal_fdcan.c.obj
 .ARM.attributes
                0x000001e2       0x32 cmake/stm32cubemx/CMakeFiles/STM32_Drivers.dir/__/__/Drivers/STM32H7xx_HAL_Driver/Src/stm32h7xx_hal_tim.c.obj
 .ARM.attributes
                0x00000214       0x32 cmake/stm32cubemx/CMakeFiles/STM32_Drivers.dir/__/__/Drivers/STM32H7xx_HAL_Driver/Src/stm32h7xx_hal_tim_ex.c.obj
 .ARM.attributes
                0x00000246       0x32 CMakeFiles/lzacantest.dir/Core/Src/main.c.obj
 .ARM.attributes
                0x00000278       0x32 CMakeFiles/lzacantest.dir/Core/Src/gpio.c.obj
 .ARM.attributes
                0x000002aa       0x32 CMakeFiles/lzacantest.dir/Core/Src/fdcan.c.obj
 .ARM.attributes
                0x000002dc       0x32 CMakeFiles/lzacantest.dir/Core/Src/tim.c.obj
 .ARM.attributes
                0x0000030e       0x32 CMakeFiles/lzacantest.dir/Core/Src/stm32h7xx_it.c.obj
 .ARM.attributes
                0x00000340       0x32 CMakeFiles/lzacantest.dir/Core/Src/stm32h7xx_hal_msp.c.obj
 .ARM.attributes
                0x00000372       0x21 CMakeFiles/lzacantest.dir/startup_stm32h723xx.s.obj
 .ARM.attributes
                0x00000393       0x32 D:/Emb_Sys/stm32_tools/STM32CubeCLT_1.21.0/GNU-tools-for-STM32/bin/../lib/gcc/arm-none-eabi/14.3.1/../../../../arm-none-eabi/lib/thumb/v7e-m+dp/hard\libg_nano.a(libc_a-memset.o)
 .ARM.attributes
                0x000003c5       0x32 D:/Emb_Sys/stm32_tools/STM32CubeCLT_1.21.0/GNU-tools-for-STM32/bin/../lib/gcc/arm-none-eabi/14.3.1/../../../../arm-none-eabi/lib/thumb/v7e-m+dp/hard\libg_nano.a(libc_a-init.o)
 .ARM.attributes
                0x000003f7       0x32 D:/Emb_Sys/stm32_tools/STM32CubeCLT_1.21.0/GNU-tools-for-STM32/bin/../lib/gcc/arm-none-eabi/14.3.1/../../../../arm-none-eabi/lib/thumb/v7e-m+dp/hard\libg_nano.a(libc_a-memcpy-stub.o)
 .ARM.attributes
                0x00000429       0x20 D:/Emb_Sys/stm32_tools/STM32CubeCLT_1.21.0/GNU-tools-for-STM32/bin/../lib/gcc/arm-none-eabi/14.3.1/thumb/v7e-m+dp/hard/crtn.o

.comment        0x00000000       0x43
 .comment       0x00000000       0x43 cmake/stm32cubemx/CMakeFiles/STM32_Drivers.dir/__/__/Core/Src/system_stm32h7xx.c.obj
                                 0x44 (size before relaxing)
 .comment       0x00000043       0x44 cmake/stm32cubemx/CMakeFiles/STM32_Drivers.dir/__/__/Drivers/STM32H7xx_HAL_Driver/Src/stm32h7xx_hal_cortex.c.obj
 .comment       0x00000043       0x44 cmake/stm32cubemx/CMakeFiles/STM32_Drivers.dir/__/__/Drivers/STM32H7xx_HAL_Driver/Src/stm32h7xx_hal_rcc.c.obj
 .comment       0x00000043       0x44 cmake/stm32cubemx/CMakeFiles/STM32_Drivers.dir/__/__/Drivers/STM32H7xx_HAL_Driver/Src/stm32h7xx_hal_rcc_ex.c.obj
 .comment       0x00000043       0x44 cmake/stm32cubemx/CMakeFiles/STM32_Drivers.dir/__/__/Drivers/STM32H7xx_HAL_Driver/Src/stm32h7xx_hal_gpio.c.obj
 .comment       0x00000043       0x44 cmake/stm32cubemx/CMakeFiles/STM32_Drivers.dir/__/__/Drivers/STM32H7xx_HAL_Driver/Src/stm32h7xx_hal_pwr_ex.c.obj
 .comment       0x00000043       0x44 cmake/stm32cubemx/CMakeFiles/STM32_Drivers.dir/__/__/Drivers/STM32H7xx_HAL_Driver/Src/stm32h7xx_hal.c.obj
 .comment       0x00000043       0x44 cmake/stm32cubemx/CMakeFiles/STM32_Drivers.dir/__/__/Drivers/STM32H7xx_HAL_Driver/Src/stm32h7xx_hal_fdcan.c.obj
 .comment       0x00000043       0x44 cmake/stm32cubemx/CMakeFiles/STM32_Drivers.dir/__/__/Drivers/STM32H7xx_HAL_Driver/Src/stm32h7xx_hal_tim.c.obj
 .comment       0x00000043       0x44 cmake/stm32cubemx/CMakeFiles/STM32_Drivers.dir/__/__/Drivers/STM32H7xx_HAL_Driver/Src/stm32h7xx_hal_tim_ex.c.obj
 .comment       0x00000043       0x44 CMakeFiles/lzacantest.dir/Core/Src/main.c.obj
 .comment       0x00000043       0x44 CMakeFiles/lzacantest.dir/Core/Src/gpio.c.obj
 .comment       0x00000043       0x44 CMakeFiles/lzacantest.dir/Core/Src/fdcan.c.obj
 .comment       0x00000043       0x44 CMakeFiles/lzacantest.dir/Core/Src/tim.c.obj
 .comment       0x00000043       0x44 CMakeFiles/lzacantest.dir/Core/Src/stm32h7xx_it.c.obj
 .comment       0x00000043       0x44 CMakeFiles/lzacantest.dir/Core/Src/stm32h7xx_hal_msp.c.obj
 .comment       0x00000043       0x44 D:/Emb_Sys/stm32_tools/STM32CubeCLT_1.21.0/GNU-tools-for-STM32/bin/../lib/gcc/arm-none-eabi/14.3.1/../../../../arm-none-eabi/lib/thumb/v7e-m+dp/hard\libg_nano.a(libc_a-memset.o)
 .comment       0x00000043       0x44 D:/Emb_Sys/stm32_tools/STM32CubeCLT_1.21.0/GNU-tools-for-STM32/bin/../lib/gcc/arm-none-eabi/14.3.1/../../../../arm-none-eabi/lib/thumb/v7e-m+dp/hard\libg_nano.a(libc_a-init.o)
 .comment       0x00000043       0x44 D:/Emb_Sys/stm32_tools/STM32CubeCLT_1.21.0/GNU-tools-for-STM32/bin/../lib/gcc/arm-none-eabi/14.3.1/../../../../arm-none-eabi/lib/thumb/v7e-m+dp/hard\libg_nano.a(libc_a-memcpy-stub.o)

.debug_info     0x00000000    0x12df4
 .debug_info    0x00000000      0xbff cmake/stm32cubemx/CMakeFiles/STM32_Drivers.dir/__/__/Core/Src/system_stm32h7xx.c.obj
 .debug_info    0x00000bff     0x10b2 cmake/stm32cubemx/CMakeFiles/STM32_Drivers.dir/__/__/Drivers/STM32H7xx_HAL_Driver/Src/stm32h7xx_hal_cortex.c.obj
 .debug_info    0x00001cb1      0xd8c cmake/stm32cubemx/CMakeFiles/STM32_Drivers.dir/__/__/Drivers/STM32H7xx_HAL_Driver/Src/stm32h7xx_hal_rcc.c.obj
 .debug_info    0x00002a3d     0x120b cmake/stm32cubemx/CMakeFiles/STM32_Drivers.dir/__/__/Drivers/STM32H7xx_HAL_Driver/Src/stm32h7xx_hal_rcc_ex.c.obj
 .debug_info    0x00003c48      0xc6b cmake/stm32cubemx/CMakeFiles/STM32_Drivers.dir/__/__/Drivers/STM32H7xx_HAL_Driver/Src/stm32h7xx_hal_gpio.c.obj
 .debug_info    0x000048b3      0xddb cmake/stm32cubemx/CMakeFiles/STM32_Drivers.dir/__/__/Drivers/STM32H7xx_HAL_Driver/Src/stm32h7xx_hal_pwr_ex.c.obj
 .debug_info    0x0000568e     0x1698 cmake/stm32cubemx/CMakeFiles/STM32_Drivers.dir/__/__/Drivers/STM32H7xx_HAL_Driver/Src/stm32h7xx_hal.c.obj
 .debug_info    0x00006d26     0x2baf cmake/stm32cubemx/CMakeFiles/STM32_Drivers.dir/__/__/Drivers/STM32H7xx_HAL_Driver/Src/stm32h7xx_hal_fdcan.c.obj
 .debug_info    0x000098d5     0x2bae cmake/stm32cubemx/CMakeFiles/STM32_Drivers.dir/__/__/Drivers/STM32H7xx_HAL_Driver/Src/stm32h7xx_hal_tim.c.obj
 .debug_info    0x0000c483     0x18c1 cmake/stm32cubemx/CMakeFiles/STM32_Drivers.dir/__/__/Drivers/STM32H7xx_HAL_Driver/Src/stm32h7xx_hal_tim_ex.c.obj
 .debug_info    0x0000dd44     0x1ae1 CMakeFiles/lzacantest.dir/Core/Src/main.c.obj
 .debug_info    0x0000f825      0x650 CMakeFiles/lzacantest.dir/Core/Src/gpio.c.obj
 .debug_info    0x0000fe75      0xf1e CMakeFiles/lzacantest.dir/Core/Src/fdcan.c.obj
 .debug_info    0x00010d93     0x10a4 CMakeFiles/lzacantest.dir/Core/Src/tim.c.obj
 .debug_info    0x00011e37      0x81d CMakeFiles/lzacantest.dir/Core/Src/stm32h7xx_it.c.obj
 .debug_info    0x00012654      0x464 CMakeFiles/lzacantest.dir/Core/Src/stm32h7xx_hal_msp.c.obj
 .debug_info    0x00012ab8       0x30 CMakeFiles/lzacantest.dir/startup_stm32h723xx.s.obj
 .debug_info    0x00012ae8       0xe0 D:/Emb_Sys/stm32_tools/STM32CubeCLT_1.21.0/GNU-tools-for-STM32/bin/../lib/gcc/arm-none-eabi/14.3.1/../../../../arm-none-eabi/lib/thumb/v7e-m+dp/hard\libg_nano.a(libc_a-memset.o)
 .debug_info    0x00012bc8      0x10b D:/Emb_Sys/stm32_tools/STM32CubeCLT_1.21.0/GNU-tools-for-STM32/bin/../lib/gcc/arm-none-eabi/14.3.1/../../../../arm-none-eabi/lib/thumb/v7e-m+dp/hard\libg_nano.a(libc_a-init.o)
 .debug_info    0x00012cd3      0x121 D:/Emb_Sys/stm32_tools/STM32CubeCLT_1.21.0/GNU-tools-for-STM32/bin/../lib/gcc/arm-none-eabi/14.3.1/../../../../arm-none-eabi/lib/thumb/v7e-m+dp/hard\libg_nano.a(libc_a-memcpy-stub.o)

.debug_abbrev   0x00000000     0x25e9
 .debug_abbrev  0x00000000      0x153 cmake/stm32cubemx/CMakeFiles/STM32_Drivers.dir/__/__/Core/Src/system_stm32h7xx.c.obj
 .debug_abbrev  0x00000153      0x339 cmake/stm32cubemx/CMakeFiles/STM32_Drivers.dir/__/__/Drivers/STM32H7xx_HAL_Driver/Src/stm32h7xx_hal_cortex.c.obj
 .debug_abbrev  0x0000048c      0x2b1 cmake/stm32cubemx/CMakeFiles/STM32_Drivers.dir/__/__/Drivers/STM32H7xx_HAL_Driver/Src/stm32h7xx_hal_rcc.c.obj
 .debug_abbrev  0x0000073d      0x269 cmake/stm32cubemx/CMakeFiles/STM32_Drivers.dir/__/__/Drivers/STM32H7xx_HAL_Driver/Src/stm32h7xx_hal_rcc_ex.c.obj
 .debug_abbrev  0x000009a6      0x205 cmake/stm32cubemx/CMakeFiles/STM32_Drivers.dir/__/__/Drivers/STM32H7xx_HAL_Driver/Src/stm32h7xx_hal_gpio.c.obj
 .debug_abbrev  0x00000bab      0x295 cmake/stm32cubemx/CMakeFiles/STM32_Drivers.dir/__/__/Drivers/STM32H7xx_HAL_Driver/Src/stm32h7xx_hal_pwr_ex.c.obj
 .debug_abbrev  0x00000e40      0x29e cmake/stm32cubemx/CMakeFiles/STM32_Drivers.dir/__/__/Drivers/STM32H7xx_HAL_Driver/Src/stm32h7xx_hal.c.obj
 .debug_abbrev  0x000010de      0x288 cmake/stm32cubemx/CMakeFiles/STM32_Drivers.dir/__/__/Drivers/STM32H7xx_HAL_Driver/Src/stm32h7xx_hal_fdcan.c.obj
 .debug_abbrev  0x00001366      0x276 cmake/stm32cubemx/CMakeFiles/STM32_Drivers.dir/__/__/Drivers/STM32H7xx_HAL_Driver/Src/stm32h7xx_hal_tim.c.obj
 .debug_abbrev  0x000015dc      0x296 cmake/stm32cubemx/CMakeFiles/STM32_Drivers.dir/__/__/Drivers/STM32H7xx_HAL_Driver/Src/stm32h7xx_hal_tim_ex.c.obj
 .debug_abbrev  0x00001872      0x2ec CMakeFiles/lzacantest.dir/Core/Src/main.c.obj
 .debug_abbrev  0x00001b5e      0x189 CMakeFiles/lzacantest.dir/Core/Src/gpio.c.obj
 .debug_abbrev  0x00001ce7      0x236 CMakeFiles/lzacantest.dir/Core/Src/fdcan.c.obj
 .debug_abbrev  0x00001f1d      0x215 CMakeFiles/lzacantest.dir/Core/Src/tim.c.obj
 .debug_abbrev  0x00002132      0x190 CMakeFiles/lzacantest.dir/Core/Src/stm32h7xx_it.c.obj
 .debug_abbrev  0x000022c2       0xdb CMakeFiles/lzacantest.dir/Core/Src/stm32h7xx_hal_msp.c.obj
 .debug_abbrev  0x0000239d       0x24 CMakeFiles/lzacantest.dir/startup_stm32h723xx.s.obj
 .debug_abbrev  0x000023c1       0x9e D:/Emb_Sys/stm32_tools/STM32CubeCLT_1.21.0/GNU-tools-for-STM32/bin/../lib/gcc/arm-none-eabi/14.3.1/../../../../arm-none-eabi/lib/thumb/v7e-m+dp/hard\libg_nano.a(libc_a-memset.o)
 .debug_abbrev  0x0000245f       0xc9 D:/Emb_Sys/stm32_tools/STM32CubeCLT_1.21.0/GNU-tools-for-STM32/bin/../lib/gcc/arm-none-eabi/14.3.1/../../../../arm-none-eabi/lib/thumb/v7e-m+dp/hard\libg_nano.a(libc_a-init.o)
 .debug_abbrev  0x00002528       0xc1 D:/Emb_Sys/stm32_tools/STM32CubeCLT_1.21.0/GNU-tools-for-STM32/bin/../lib/gcc/arm-none-eabi/14.3.1/../../../../arm-none-eabi/lib/thumb/v7e-m+dp/hard\libg_nano.a(libc_a-memcpy-stub.o)

.debug_aranges  0x00000000     0x10e0
 .debug_aranges
                0x00000000       0x30 cmake/stm32cubemx/CMakeFiles/STM32_Drivers.dir/__/__/Core/Src/system_stm32h7xx.c.obj
 .debug_aranges
                0x00000030      0x130 cmake/stm32cubemx/CMakeFiles/STM32_Drivers.dir/__/__/Drivers/STM32H7xx_HAL_Driver/Src/stm32h7xx_hal_cortex.c.obj
 .debug_aranges
                0x00000160       0x88 cmake/stm32cubemx/CMakeFiles/STM32_Drivers.dir/__/__/Drivers/STM32H7xx_HAL_Driver/Src/stm32h7xx_hal_rcc.c.obj
 .debug_aranges
                0x000001e8       0xf8 cmake/stm32cubemx/CMakeFiles/STM32_Drivers.dir/__/__/Drivers/STM32H7xx_HAL_Driver/Src/stm32h7xx_hal_rcc_ex.c.obj
 .debug_aranges
                0x000002e0       0x58 cmake/stm32cubemx/CMakeFiles/STM32_Drivers.dir/__/__/Drivers/STM32H7xx_HAL_Driver/Src/stm32h7xx_hal_gpio.c.obj
 .debug_aranges
                0x00000338      0x148 cmake/stm32cubemx/CMakeFiles/STM32_Drivers.dir/__/__/Drivers/STM32H7xx_HAL_Driver/Src/stm32h7xx_hal_pwr_ex.c.obj
 .debug_aranges
                0x00000480      0x1c8 cmake/stm32cubemx/CMakeFiles/STM32_Drivers.dir/__/__/Drivers/STM32H7xx_HAL_Driver/Src/stm32h7xx_hal.c.obj
 .debug_aranges
                0x00000648      0x338 cmake/stm32cubemx/CMakeFiles/STM32_Drivers.dir/__/__/Drivers/STM32H7xx_HAL_Driver/Src/stm32h7xx_hal_fdcan.c.obj
 .debug_aranges
                0x00000980      0x3e0 cmake/stm32cubemx/CMakeFiles/STM32_Drivers.dir/__/__/Drivers/STM32H7xx_HAL_Driver/Src/stm32h7xx_hal_tim.c.obj
 .debug_aranges
                0x00000d60      0x198 cmake/stm32cubemx/CMakeFiles/STM32_Drivers.dir/__/__/Drivers/STM32H7xx_HAL_Driver/Src/stm32h7xx_hal_tim_ex.c.obj
 .debug_aranges
                0x00000ef8       0x48 CMakeFiles/lzacantest.dir/Core/Src/main.c.obj
 .debug_aranges
                0x00000f40       0x20 CMakeFiles/lzacantest.dir/Core/Src/gpio.c.obj
 .debug_aranges
                0x00000f60       0x40 CMakeFiles/lzacantest.dir/Core/Src/fdcan.c.obj
 .debug_aranges
                0x00000fa0       0x30 CMakeFiles/lzacantest.dir/Core/Src/tim.c.obj
 .debug_aranges
                0x00000fd0       0x68 CMakeFiles/lzacantest.dir/Core/Src/stm32h7xx_it.c.obj
 .debug_aranges
                0x00001038       0x20 CMakeFiles/lzacantest.dir/Core/Src/stm32h7xx_hal_msp.c.obj
 .debug_aranges
                0x00001058       0x28 CMakeFiles/lzacantest.dir/startup_stm32h723xx.s.obj
 .debug_aranges
                0x00001080       0x20 D:/Emb_Sys/stm32_tools/STM32CubeCLT_1.21.0/GNU-tools-for-STM32/bin/../lib/gcc/arm-none-eabi/14.3.1/../../../../arm-none-eabi/lib/thumb/v7e-m+dp/hard\libg_nano.a(libc_a-memset.o)
 .debug_aranges
                0x000010a0       0x20 D:/Emb_Sys/stm32_tools/STM32CubeCLT_1.21.0/GNU-tools-for-STM32/bin/../lib/gcc/arm-none-eabi/14.3.1/../../../../arm-none-eabi/lib/thumb/v7e-m+dp/hard\libg_nano.a(libc_a-init.o)
 .debug_aranges
                0x000010c0       0x20 D:/Emb_Sys/stm32_tools/STM32CubeCLT_1.21.0/GNU-tools-for-STM32/bin/../lib/gcc/arm-none-eabi/14.3.1/../../../../arm-none-eabi/lib/thumb/v7e-m+dp/hard\libg_nano.a(libc_a-memcpy-stub.o)

.debug_rnglists
                0x00000000      0xcfb
 .debug_rnglists
                0x00000000       0x21 cmake/stm32cubemx/CMakeFiles/STM32_Drivers.dir/__/__/Core/Src/system_stm32h7xx.c.obj
 .debug_rnglists
                0x00000021       0xe0 cmake/stm32cubemx/CMakeFiles/STM32_Drivers.dir/__/__/Drivers/STM32H7xx_HAL_Driver/Src/stm32h7xx_hal_cortex.c.obj
 .debug_rnglists
                0x00000101       0x68 cmake/stm32cubemx/CMakeFiles/STM32_Drivers.dir/__/__/Drivers/STM32H7xx_HAL_Driver/Src/stm32h7xx_hal_rcc.c.obj
 .debug_rnglists
                0x00000169       0xc0 cmake/stm32cubemx/CMakeFiles/STM32_Drivers.dir/__/__/Drivers/STM32H7xx_HAL_Driver/Src/stm32h7xx_hal_rcc_ex.c.obj
 .debug_rnglists
                0x00000229       0x3f cmake/stm32cubemx/CMakeFiles/STM32_Drivers.dir/__/__/Drivers/STM32H7xx_HAL_Driver/Src/stm32h7xx_hal_gpio.c.obj
 .debug_rnglists
                0x00000268       0xf5 cmake/stm32cubemx/CMakeFiles/STM32_Drivers.dir/__/__/Drivers/STM32H7xx_HAL_Driver/Src/stm32h7xx_hal_pwr_ex.c.obj
 .debug_rnglists
                0x0000035d      0x155 cmake/stm32cubemx/CMakeFiles/STM32_Drivers.dir/__/__/Drivers/STM32H7xx_HAL_Driver/Src/stm32h7xx_hal.c.obj
 .debug_rnglists
                0x000004b2      0x28b cmake/stm32cubemx/CMakeFiles/STM32_Drivers.dir/__/__/Drivers/STM32H7xx_HAL_Driver/Src/stm32h7xx_hal_fdcan.c.obj
 .debug_rnglists
                0x0000073d      0x32c cmake/stm32cubemx/CMakeFiles/STM32_Drivers.dir/__/__/Drivers/STM32H7xx_HAL_Driver/Src/stm32h7xx_hal_tim.c.obj
 .debug_rnglists
                0x00000a69      0x14d cmake/stm32cubemx/CMakeFiles/STM32_Drivers.dir/__/__/Drivers/STM32H7xx_HAL_Driver/Src/stm32h7xx_hal_tim_ex.c.obj
 .debug_rnglists
                0x00000bb6       0x33 CMakeFiles/lzacantest.dir/Core/Src/main.c.obj
 .debug_rnglists
                0x00000be9       0x14 CMakeFiles/lzacantest.dir/Core/Src/gpio.c.obj
 .debug_rnglists
                0x00000bfd       0x30 CMakeFiles/lzacantest.dir/Core/Src/fdcan.c.obj
 .debug_rnglists
                0x00000c2d       0x20 CMakeFiles/lzacantest.dir/Core/Src/tim.c.obj
 .debug_rnglists
                0x00000c4d       0x49 CMakeFiles/lzacantest.dir/Core/Src/stm32h7xx_it.c.obj
 .debug_rnglists
                0x00000c96       0x13 CMakeFiles/lzacantest.dir/Core/Src/stm32h7xx_hal_msp.c.obj
 .debug_rnglists
                0x00000ca9       0x19 CMakeFiles/lzacantest.dir/startup_stm32h723xx.s.obj
 .debug_rnglists
                0x00000cc2       0x13 D:/Emb_Sys/stm32_tools/STM32CubeCLT_1.21.0/GNU-tools-for-STM32/bin/../lib/gcc/arm-none-eabi/14.3.1/../../../../arm-none-eabi/lib/thumb/v7e-m+dp/hard\libg_nano.a(libc_a-memset.o)
 .debug_rnglists
                0x00000cd5       0x13 D:/Emb_Sys/stm32_tools/STM32CubeCLT_1.21.0/GNU-tools-for-STM32/bin/../lib/gcc/arm-none-eabi/14.3.1/../../../../arm-none-eabi/lib/thumb/v7e-m+dp/hard\libg_nano.a(libc_a-init.o)
 .debug_rnglists
                0x00000ce8       0x13 D:/Emb_Sys/stm32_tools/STM32CubeCLT_1.21.0/GNU-tools-for-STM32/bin/../lib/gcc/arm-none-eabi/14.3.1/../../../../arm-none-eabi/lib/thumb/v7e-m+dp/hard\libg_nano.a(libc_a-memcpy-stub.o)

.debug_macro    0x00000000    0x334d6
 .debug_macro   0x00000000      0x29b cmake/stm32cubemx/CMakeFiles/STM32_Drivers.dir/__/__/Core/Src/system_stm32h7xx.c.obj
 .debug_macro   0x0000029b      0xaf6 cmake/stm32cubemx/CMakeFiles/STM32_Drivers.dir/__/__/Core/Src/system_stm32h7xx.c.obj
 .debug_macro   0x00000d91       0x2e cmake/stm32cubemx/CMakeFiles/STM32_Drivers.dir/__/__/Core/Src/system_stm32h7xx.c.obj
 .debug_macro   0x00000dbf       0x3b cmake/stm32cubemx/CMakeFiles/STM32_Drivers.dir/__/__/Core/Src/system_stm32h7xx.c.obj
 .debug_macro   0x00000dfa       0x22 cmake/stm32cubemx/CMakeFiles/STM32_Drivers.dir/__/__/Core/Src/system_stm32h7xx.c.obj
 .debug_macro   0x00000e1c       0x8e cmake/stm32cubemx/CMakeFiles/STM32_Drivers.dir/__/__/Core/Src/system_stm32h7xx.c.obj
 .debug_macro   0x00000eaa       0x51 cmake/stm32cubemx/CMakeFiles/STM32_Drivers.dir/__/__/Core/Src/system_stm32h7xx.c.obj
 .debug_macro   0x00000efb      0x103 cmake/stm32cubemx/CMakeFiles/STM32_Drivers.dir/__/__/Core/Src/system_stm32h7xx.c.obj
 .debug_macro   0x00000ffe       0x6a cmake/stm32cubemx/CMakeFiles/STM32_Drivers.dir/__/__/Core/Src/system_stm32h7xx.c.obj
 .debug_macro   0x00001068      0x1df cmake/stm32cubemx/CMakeFiles/STM32_Drivers.dir/__/__/Core/Src/system_stm32h7xx.c.obj
 .debug_macro   0x00001247       0x1c cmake/stm32cubemx/CMakeFiles/STM32_Drivers.dir/__/__/Core/Src/system_stm32h7xx.c.obj
 .debug_macro   0x00001263       0x22 cmake/stm32cubemx/CMakeFiles/STM32_Drivers.dir/__/__/Core/Src/system_stm32h7xx.c.obj
 .debug_macro   0x00001285       0xfb cmake/stm32cubemx/CMakeFiles/STM32_Drivers.dir/__/__/Core/Src/system_stm32h7xx.c.obj
 .debug_macro   0x00001380     0x1313 cmake/stm32cubemx/CMakeFiles/STM32_Drivers.dir/__/__/Core/Src/system_stm32h7xx.c.obj
 .debug_macro   0x00002693      0x11f cmake/stm32cubemx/CMakeFiles/STM32_Drivers.dir/__/__/Core/Src/system_stm32h7xx.c.obj
 .debug_macro   0x000027b2       0x22 cmake/stm32cubemx/CMakeFiles/STM32_Drivers.dir/__/__/Core/Src/system_stm32h7xx.c.obj
 .debug_macro   0x000027d4    0x216c1 cmake/stm32cubemx/CMakeFiles/STM32_Drivers.dir/__/__/Core/Src/system_stm32h7xx.c.obj
 .debug_macro   0x00023e95       0x6d cmake/stm32cubemx/CMakeFiles/STM32_Drivers.dir/__/__/Core/Src/system_stm32h7xx.c.obj
 .debug_macro   0x00023f02      0x238 cmake/stm32cubemx/CMakeFiles/STM32_Drivers.dir/__/__/Core/Src/system_stm32h7xx.c.obj
 .debug_macro   0x0002413a     0x3d64 cmake/stm32cubemx/CMakeFiles/STM32_Drivers.dir/__/__/Core/Src/system_stm32h7xx.c.obj
 .debug_macro   0x00027e9e      0x190 cmake/stm32cubemx/CMakeFiles/STM32_Drivers.dir/__/__/Core/Src/system_stm32h7xx.c.obj
 .debug_macro   0x0002802e       0x74 cmake/stm32cubemx/CMakeFiles/STM32_Drivers.dir/__/__/Core/Src/system_stm32h7xx.c.obj
 .debug_macro   0x000280a2       0x29 cmake/stm32cubemx/CMakeFiles/STM32_Drivers.dir/__/__/Core/Src/system_stm32h7xx.c.obj
 .debug_macro   0x000280cb       0x3c cmake/stm32cubemx/CMakeFiles/STM32_Drivers.dir/__/__/Core/Src/system_stm32h7xx.c.obj
 .debug_macro   0x00028107       0x34 cmake/stm32cubemx/CMakeFiles/STM32_Drivers.dir/__/__/Core/Src/system_stm32h7xx.c.obj
 .debug_macro   0x0002813b      0x364 cmake/stm32cubemx/CMakeFiles/STM32_Drivers.dir/__/__/Core/Src/system_stm32h7xx.c.obj
 .debug_macro   0x0002849f       0x16 cmake/stm32cubemx/CMakeFiles/STM32_Drivers.dir/__/__/Core/Src/system_stm32h7xx.c.obj
 .debug_macro   0x000284b5       0x4a cmake/stm32cubemx/CMakeFiles/STM32_Drivers.dir/__/__/Core/Src/system_stm32h7xx.c.obj
 .debug_macro   0x000284ff       0x34 cmake/stm32cubemx/CMakeFiles/STM32_Drivers.dir/__/__/Core/Src/system_stm32h7xx.c.obj
 .debug_macro   0x00028533       0x10 cmake/stm32cubemx/CMakeFiles/STM32_Drivers.dir/__/__/Core/Src/system_stm32h7xx.c.obj
 .debug_macro   0x00028543       0x58 cmake/stm32cubemx/CMakeFiles/STM32_Drivers.dir/__/__/Core/Src/system_stm32h7xx.c.obj
 .debug_macro   0x0002859b      0x1de cmake/stm32cubemx/CMakeFiles/STM32_Drivers.dir/__/__/Core/Src/system_stm32h7xx.c.obj
 .debug_macro   0x00028779      0x19b cmake/stm32cubemx/CMakeFiles/STM32_Drivers.dir/__/__/Core/Src/system_stm32h7xx.c.obj
 .debug_macro   0x00028914       0x5d cmake/stm32cubemx/CMakeFiles/STM32_Drivers.dir/__/__/Core/Src/system_stm32h7xx.c.obj
 .debug_macro   0x00028971     0x2462 cmake/stm32cubemx/CMakeFiles/STM32_Drivers.dir/__/__/Core/Src/system_stm32h7xx.c.obj
 .debug_macro   0x0002add3     0x1079 cmake/stm32cubemx/CMakeFiles/STM32_Drivers.dir/__/__/Core/Src/system_stm32h7xx.c.obj
 .debug_macro   0x0002be4c      0x154 cmake/stm32cubemx/CMakeFiles/STM32_Drivers.dir/__/__/Core/Src/system_stm32h7xx.c.obj
 .debug_macro   0x0002bfa0      0x114 cmake/stm32cubemx/CMakeFiles/STM32_Drivers.dir/__/__/Core/Src/system_stm32h7xx.c.obj
 .debug_macro   0x0002c0b4      0x3fc cmake/stm32cubemx/CMakeFiles/STM32_Drivers.dir/__/__/Core/Src/system_stm32h7xx.c.obj
 .debug_macro   0x0002c4b0       0xac cmake/stm32cubemx/CMakeFiles/STM32_Drivers.dir/__/__/Core/Src/system_stm32h7xx.c.obj
 .debug_macro   0x0002c55c      0x788 cmake/stm32cubemx/CMakeFiles/STM32_Drivers.dir/__/__/Core/Src/system_stm32h7xx.c.obj
 .debug_macro   0x0002cce4      0x228 cmake/stm32cubemx/CMakeFiles/STM32_Drivers.dir/__/__/Core/Src/system_stm32h7xx.c.obj
 .debug_macro   0x0002cf0c       0x66 cmake/stm32cubemx/CMakeFiles/STM32_Drivers.dir/__/__/Core/Src/system_stm32h7xx.c.obj
 .debug_macro   0x0002cf72      0x3a6 cmake/stm32cubemx/CMakeFiles/STM32_Drivers.dir/__/__/Core/Src/system_stm32h7xx.c.obj
 .debug_macro   0x0002d318      0x3f9 cmake/stm32cubemx/CMakeFiles/STM32_Drivers.dir/__/__/Core/Src/system_stm32h7xx.c.obj
 .debug_macro   0x0002d711      0x275 cmake/stm32cubemx/CMakeFiles/STM32_Drivers.dir/__/__/Core/Src/system_stm32h7xx.c.obj
 .debug_macro   0x0002d986      0xe42 cmake/stm32cubemx/CMakeFiles/STM32_Drivers.dir/__/__/Core/Src/system_stm32h7xx.c.obj
 .debug_macro   0x0002e7c8      0x3ca cmake/stm32cubemx/CMakeFiles/STM32_Drivers.dir/__/__/Core/Src/system_stm32h7xx.c.obj
 .debug_macro   0x0002eb92      0x45c cmake/stm32cubemx/CMakeFiles/STM32_Drivers.dir/__/__/Core/Src/system_stm32h7xx.c.obj
 .debug_macro   0x0002efee       0x3c cmake/stm32cubemx/CMakeFiles/STM32_Drivers.dir/__/__/Core/Src/system_stm32h7xx.c.obj
 .debug_macro   0x0002f02a       0x4a cmake/stm32cubemx/CMakeFiles/STM32_Drivers.dir/__/__/Core/Src/system_stm32h7xx.c.obj
 .debug_macro   0x0002f074      0x22c cmake/stm32cubemx/CMakeFiles/STM32_Drivers.dir/__/__/Core/Src/system_stm32h7xx.c.obj
 .debug_macro   0x0002f2a0       0x67 cmake/stm32cubemx/CMakeFiles/STM32_Drivers.dir/__/__/Core/Src/system_stm32h7xx.c.obj
 .debug_macro   0x0002f307       0xa5 cmake/stm32cubemx/CMakeFiles/STM32_Drivers.dir/__/__/Core/Src/system_stm32h7xx.c.obj
 .debug_macro   0x0002f3ac      0x1c4 cmake/stm32cubemx/CMakeFiles/STM32_Drivers.dir/__/__/Core/Src/system_stm32h7xx.c.obj
 .debug_macro   0x0002f570      0x22a cmake/stm32cubemx/CMakeFiles/STM32_Drivers.dir/__/__/Core/Src/system_stm32h7xx.c.obj
 .debug_macro   0x0002f79a       0x35 cmake/stm32cubemx/CMakeFiles/STM32_Drivers.dir/__/__/Core/Src/system_stm32h7xx.c.obj
 .debug_macro   0x0002f7cf      0xb24 cmake/stm32cubemx/CMakeFiles/STM32_Drivers.dir/__/__/Core/Src/system_stm32h7xx.c.obj
 .debug_macro   0x000302f3      0x29f cmake/stm32cubemx/CMakeFiles/STM32_Drivers.dir/__/__/Core/Src/system_stm32h7xx.c.obj
 .debug_macro   0x00030592      0x5f2 cmake/stm32cubemx/CMakeFiles/STM32_Drivers.dir/__/__/Core/Src/system_stm32h7xx.c.obj
 .debug_macro   0x00030b84      0x29b cmake/stm32cubemx/CMakeFiles/STM32_Drivers.dir/__/__/Drivers/STM32H7xx_HAL_Driver/Src/stm32h7xx_hal_cortex.c.obj
 .debug_macro   0x00030e1f      0x2bf cmake/stm32cubemx/CMakeFiles/STM32_Drivers.dir/__/__/Drivers/STM32H7xx_HAL_Driver/Src/stm32h7xx_hal_rcc.c.obj
 .debug_macro   0x000310de      0x2b9 cmake/stm32cubemx/CMakeFiles/STM32_Drivers.dir/__/__/Drivers/STM32H7xx_HAL_Driver/Src/stm32h7xx_hal_rcc_ex.c.obj
 .debug_macro   0x00031397      0x2a2 cmake/stm32cubemx/CMakeFiles/STM32_Drivers.dir/__/__/Drivers/STM32H7xx_HAL_Driver/Src/stm32h7xx_hal_gpio.c.obj
 .debug_macro   0x00031639      0x2d4 cmake/stm32cubemx/CMakeFiles/STM32_Drivers.dir/__/__/Drivers/STM32H7xx_HAL_Driver/Src/stm32h7xx_hal_pwr_ex.c.obj
 .debug_macro   0x0003190d      0x2c5 cmake/stm32cubemx/CMakeFiles/STM32_Drivers.dir/__/__/Drivers/STM32H7xx_HAL_Driver/Src/stm32h7xx_hal.c.obj
 .debug_macro   0x00031bd2      0x39f cmake/stm32cubemx/CMakeFiles/STM32_Drivers.dir/__/__/Drivers/STM32H7xx_HAL_Driver/Src/stm32h7xx_hal_fdcan.c.obj
 .debug_macro   0x00031f71      0x29c cmake/stm32cubemx/CMakeFiles/STM32_Drivers.dir/__/__/Drivers/STM32H7xx_HAL_Driver/Src/stm32h7xx_hal_tim.c.obj
 .debug_macro   0x0003220d      0x2a1 cmake/stm32cubemx/CMakeFiles/STM32_Drivers.dir/__/__/Drivers/STM32H7xx_HAL_Driver/Src/stm32h7xx_hal_tim_ex.c.obj
 .debug_macro   0x000324ae      0x2c7 CMakeFiles/lzacantest.dir/Core/Src/main.c.obj
 .debug_macro   0x00032775      0x2af CMakeFiles/lzacantest.dir/Core/Src/gpio.c.obj
 .debug_macro   0x00032a24      0x2af CMakeFiles/lzacantest.dir/Core/Src/fdcan.c.obj
 .debug_macro   0x00032cd3      0x2af CMakeFiles/lzacantest.dir/Core/Src/tim.c.obj
 .debug_macro   0x00032f82      0x2af CMakeFiles/lzacantest.dir/Core/Src/stm32h7xx_it.c.obj
 .debug_macro   0x00033231      0x2a5 CMakeFiles/lzacantest.dir/Core/Src/stm32h7xx_hal_msp.c.obj

.debug_line     0x00000000    0x137e0
 .debug_line    0x00000000      0xa44 cmake/stm32cubemx/CMakeFiles/STM32_Drivers.dir/__/__/Core/Src/system_stm32h7xx.c.obj
 .debug_line    0x00000a44      0xe05 cmake/stm32cubemx/CMakeFiles/STM32_Drivers.dir/__/__/Drivers/STM32H7xx_HAL_Driver/Src/stm32h7xx_hal_cortex.c.obj
 .debug_line    0x00001849     0x142d cmake/stm32cubemx/CMakeFiles/STM32_Drivers.dir/__/__/Drivers/STM32H7xx_HAL_Driver/Src/stm32h7xx_hal_rcc.c.obj
 .debug_line    0x00002c76     0x1ce1 cmake/stm32cubemx/CMakeFiles/STM32_Drivers.dir/__/__/Drivers/STM32H7xx_HAL_Driver/Src/stm32h7xx_hal_rcc_ex.c.obj
 .debug_line    0x00004957      0xca4 cmake/stm32cubemx/CMakeFiles/STM32_Drivers.dir/__/__/Drivers/STM32H7xx_HAL_Driver/Src/stm32h7xx_hal_gpio.c.obj
 .debug_line    0x000055fb      0xeee cmake/stm32cubemx/CMakeFiles/STM32_Drivers.dir/__/__/Drivers/STM32H7xx_HAL_Driver/Src/stm32h7xx_hal_pwr_ex.c.obj
 .debug_line    0x000064e9      0xeb3 cmake/stm32cubemx/CMakeFiles/STM32_Drivers.dir/__/__/Drivers/STM32H7xx_HAL_Driver/Src/stm32h7xx_hal.c.obj
 .debug_line    0x0000739c     0x28c8 cmake/stm32cubemx/CMakeFiles/STM32_Drivers.dir/__/__/Drivers/STM32H7xx_HAL_Driver/Src/stm32h7xx_hal_fdcan.c.obj
 .debug_line    0x00009c64     0x4083 cmake/stm32cubemx/CMakeFiles/STM32_Drivers.dir/__/__/Drivers/STM32H7xx_HAL_Driver/Src/stm32h7xx_hal_tim.c.obj
 .debug_line    0x0000dce7     0x1e3d cmake/stm32cubemx/CMakeFiles/STM32_Drivers.dir/__/__/Drivers/STM32H7xx_HAL_Driver/Src/stm32h7xx_hal_tim_ex.c.obj
 .debug_line    0x0000fb24      0xa92 CMakeFiles/lzacantest.dir/Core/Src/main.c.obj
 .debug_line    0x000105b6      0x858 CMakeFiles/lzacantest.dir/Core/Src/gpio.c.obj
 .debug_line    0x00010e0e      0xa56 CMakeFiles/lzacantest.dir/Core/Src/fdcan.c.obj
 .debug_line    0x00011864      0x8c5 CMakeFiles/lzacantest.dir/Core/Src/tim.c.obj
 .debug_line    0x00012129      0x90e CMakeFiles/lzacantest.dir/Core/Src/stm32h7xx_it.c.obj
 .debug_line    0x00012a37      0x846 CMakeFiles/lzacantest.dir/Core/Src/stm32h7xx_hal_msp.c.obj
 .debug_line    0x0001327d       0x7b CMakeFiles/lzacantest.dir/startup_stm32h723xx.s.obj
 .debug_line    0x000132f8      0x17e D:/Emb_Sys/stm32_tools/STM32CubeCLT_1.21.0/GNU-tools-for-STM32/bin/../lib/gcc/arm-none-eabi/14.3.1/../../../../arm-none-eabi/lib/thumb/v7e-m+dp/hard\libg_nano.a(libc_a-memset.o)
 .debug_line    0x00013476      0x168 D:/Emb_Sys/stm32_tools/STM32CubeCLT_1.21.0/GNU-tools-for-STM32/bin/../lib/gcc/arm-none-eabi/14.3.1/../../../../arm-none-eabi/lib/thumb/v7e-m+dp/hard\libg_nano.a(libc_a-init.o)
 .debug_line    0x000135de      0x202 D:/Emb_Sys/stm32_tools/STM32CubeCLT_1.21.0/GNU-tools-for-STM32/bin/../lib/gcc/arm-none-eabi/14.3.1/../../../../arm-none-eabi/lib/thumb/v7e-m+dp/hard\libg_nano.a(libc_a-memcpy-stub.o)

.debug_str      0x00000000   0x14f875
 .debug_str     0x00000000   0x14f875 cmake/stm32cubemx/CMakeFiles/STM32_Drivers.dir/__/__/Core/Src/system_stm32h7xx.c.obj
                             0x148dff (size before relaxing)
 .debug_str     0x0014f875   0x149764 cmake/stm32cubemx/CMakeFiles/STM32_Drivers.dir/__/__/Drivers/STM32H7xx_HAL_Driver/Src/stm32h7xx_hal_cortex.c.obj
 .debug_str     0x0014f875   0x149187 cmake/stm32cubemx/CMakeFiles/STM32_Drivers.dir/__/__/Drivers/STM32H7xx_HAL_Driver/Src/stm32h7xx_hal_rcc.c.obj
 .debug_str     0x0014f875   0x14969f cmake/stm32cubemx/CMakeFiles/STM32_Drivers.dir/__/__/Drivers/STM32H7xx_HAL_Driver/Src/stm32h7xx_hal_rcc_ex.c.obj
 .debug_str     0x0014f875   0x148e04 cmake/stm32cubemx/CMakeFiles/STM32_Drivers.dir/__/__/Drivers/STM32H7xx_HAL_Driver/Src/stm32h7xx_hal_gpio.c.obj
 .debug_str     0x0014f875   0x149213 cmake/stm32cubemx/CMakeFiles/STM32_Drivers.dir/__/__/Drivers/STM32H7xx_HAL_Driver/Src/stm32h7xx_hal_pwr_ex.c.obj
 .debug_str     0x0014f875   0x149e43 cmake/stm32cubemx/CMakeFiles/STM32_Drivers.dir/__/__/Drivers/STM32H7xx_HAL_Driver/Src/stm32h7xx_hal.c.obj
 .debug_str     0x0014f875   0x14ac08 cmake/stm32cubemx/CMakeFiles/STM32_Drivers.dir/__/__/Drivers/STM32H7xx_HAL_Driver/Src/stm32h7xx_hal_fdcan.c.obj
 .debug_str     0x0014f875   0x149f85 cmake/stm32cubemx/CMakeFiles/STM32_Drivers.dir/__/__/Drivers/STM32H7xx_HAL_Driver/Src/stm32h7xx_hal_tim.c.obj
 .debug_str     0x0014f875   0x149932 cmake/stm32cubemx/CMakeFiles/STM32_Drivers.dir/__/__/Drivers/STM32H7xx_HAL_Driver/Src/stm32h7xx_hal_tim_ex.c.obj
 .debug_str     0x0014f875   0x149dbe CMakeFiles/lzacantest.dir/Core/Src/main.c.obj
 .debug_str     0x0014f875   0x148be3 CMakeFiles/lzacantest.dir/Core/Src/gpio.c.obj
 .debug_str     0x0014f875   0x149154 CMakeFiles/lzacantest.dir/Core/Src/fdcan.c.obj
 .debug_str     0x0014f875   0x149b05 CMakeFiles/lzacantest.dir/Core/Src/tim.c.obj
 .debug_str     0x0014f875   0x148ff5 CMakeFiles/lzacantest.dir/Core/Src/stm32h7xx_it.c.obj
 .debug_str     0x0014f875   0x148b18 CMakeFiles/lzacantest.dir/Core/Src/stm32h7xx_hal_msp.c.obj
 .debug_str     0x0014f875       0xa0 CMakeFiles/lzacantest.dir/startup_stm32h723xx.s.obj
 .debug_str     0x0014f875      0x214 D:/Emb_Sys/stm32_tools/STM32CubeCLT_1.21.0/GNU-tools-for-STM32/bin/../lib/gcc/arm-none-eabi/14.3.1/../../../../arm-none-eabi/lib/thumb/v7e-m+dp/hard\libg_nano.a(libc_a-memset.o)
 .debug_str     0x0014f875      0x275 D:/Emb_Sys/stm32_tools/STM32CubeCLT_1.21.0/GNU-tools-for-STM32/bin/../lib/gcc/arm-none-eabi/14.3.1/../../../../arm-none-eabi/lib/thumb/v7e-m+dp/hard\libg_nano.a(libc_a-init.o)
 .debug_str     0x0014f875      0x232 D:/Emb_Sys/stm32_tools/STM32CubeCLT_1.21.0/GNU-tools-for-STM32/bin/../lib/gcc/arm-none-eabi/14.3.1/../../../../arm-none-eabi/lib/thumb/v7e-m+dp/hard\libg_nano.a(libc_a-memcpy-stub.o)

.debug_frame    0x00000000     0x41a0
 .debug_frame   0x00000000       0x60 cmake/stm32cubemx/CMakeFiles/STM32_Drivers.dir/__/__/Core/Src/system_stm32h7xx.c.obj
 .debug_frame   0x00000060      0x4b8 cmake/stm32cubemx/CMakeFiles/STM32_Drivers.dir/__/__/Drivers/STM32H7xx_HAL_Driver/Src/stm32h7xx_hal_cortex.c.obj
 .debug_frame   0x00000518      0x1e4 cmake/stm32cubemx/CMakeFiles/STM32_Drivers.dir/__/__/Drivers/STM32H7xx_HAL_Driver/Src/stm32h7xx_hal_rcc.c.obj
 .debug_frame   0x000006fc      0x3d4 cmake/stm32cubemx/CMakeFiles/STM32_Drivers.dir/__/__/Drivers/STM32H7xx_HAL_Driver/Src/stm32h7xx_hal_rcc_ex.c.obj
 .debug_frame   0x00000ad0      0x130 cmake/stm32cubemx/CMakeFiles/STM32_Drivers.dir/__/__/Drivers/STM32H7xx_HAL_Driver/Src/stm32h7xx_hal_gpio.c.obj
 .debug_frame   0x00000c00      0x4c8 cmake/stm32cubemx/CMakeFiles/STM32_Drivers.dir/__/__/Drivers/STM32H7xx_HAL_Driver/Src/stm32h7xx_hal_pwr_ex.c.obj
 .debug_frame   0x000010c8      0x6a0 cmake/stm32cubemx/CMakeFiles/STM32_Drivers.dir/__/__/Drivers/STM32H7xx_HAL_Driver/Src/stm32h7xx_hal.c.obj
 .debug_frame   0x00001768      0xe2c cmake/stm32cubemx/CMakeFiles/STM32_Drivers.dir/__/__/Drivers/STM32H7xx_HAL_Driver/Src/stm32h7xx_hal_fdcan.c.obj
 .debug_frame   0x00002594     0x1144 cmake/stm32cubemx/CMakeFiles/STM32_Drivers.dir/__/__/Drivers/STM32H7xx_HAL_Driver/Src/stm32h7xx_hal_tim.c.obj
 .debug_frame   0x000036d8      0x6d8 cmake/stm32cubemx/CMakeFiles/STM32_Drivers.dir/__/__/Drivers/STM32H7xx_HAL_Driver/Src/stm32h7xx_hal_tim_ex.c.obj
 .debug_frame   0x00003db0       0xd8 CMakeFiles/lzacantest.dir/Core/Src/main.c.obj
 .debug_frame   0x00003e88       0x34 CMakeFiles/lzacantest.dir/Core/Src/gpio.c.obj
 .debug_frame   0x00003ebc       0xac CMakeFiles/lzacantest.dir/Core/Src/fdcan.c.obj
 .debug_frame   0x00003f68       0x7c CMakeFiles/lzacantest.dir/Core/Src/tim.c.obj
 .debug_frame   0x00003fe4      0x114 CMakeFiles/lzacantest.dir/Core/Src/stm32h7xx_it.c.obj
 .debug_frame   0x000040f8       0x34 CMakeFiles/lzacantest.dir/Core/Src/stm32h7xx_hal_msp.c.obj
 .debug_frame   0x0000412c       0x20 D:/Emb_Sys/stm32_tools/STM32CubeCLT_1.21.0/GNU-tools-for-STM32/bin/../lib/gcc/arm-none-eabi/14.3.1/../../../../arm-none-eabi/lib/thumb/v7e-m+dp/hard\libg_nano.a(libc_a-memset.o)
 .debug_frame   0x0000414c       0x2c D:/Emb_Sys/stm32_tools/STM32CubeCLT_1.21.0/GNU-tools-for-STM32/bin/../lib/gcc/arm-none-eabi/14.3.1/../../../../arm-none-eabi/lib/thumb/v7e-m+dp/hard\libg_nano.a(libc_a-init.o)
 .debug_frame   0x00004178       0x28 D:/Emb_Sys/stm32_tools/STM32CubeCLT_1.21.0/GNU-tools-for-STM32/bin/../lib/gcc/arm-none-eabi/14.3.1/../../../../arm-none-eabi/lib/thumb/v7e-m+dp/hard\libg_nano.a(libc_a-memcpy-stub.o)

.debug_line_str
                0x00000000       0x84
 .debug_line_str
                0x00000000       0x84 CMakeFiles/lzacantest.dir/startup_stm32h723xx.s.obj

.debug_loclists
                0x00000000      0x14e
 .debug_loclists
                0x00000000       0x4d D:/Emb_Sys/stm32_tools/STM32CubeCLT_1.21.0/GNU-tools-for-STM32/bin/../lib/gcc/arm-none-eabi/14.3.1/../../../../arm-none-eabi/lib/thumb/v7e-m+dp/hard\libg_nano.a(libc_a-memset.o)
 .debug_loclists
                0x0000004d       0x54 D:/Emb_Sys/stm32_tools/STM32CubeCLT_1.21.0/GNU-tools-for-STM32/bin/../lib/gcc/arm-none-eabi/14.3.1/../../../../arm-none-eabi/lib/thumb/v7e-m+dp/hard\libg_nano.a(libc_a-init.o)
 .debug_loclists
                0x000000a1       0xad D:/Emb_Sys/stm32_tools/STM32CubeCLT_1.21.0/GNU-tools-for-STM32/bin/../lib/gcc/arm-none-eabi/14.3.1/../../../../arm-none-eabi/lib/thumb/v7e-m+dp/hard\libg_nano.a(libc_a-memcpy-stub.o)
